Component: ARM Compiler 5.06 update 7 (build 960) Tool: armlink [4d3601]

==============================================================================

Section Cross References

    startup_stm32g431xx.o(RESET) refers to startup_stm32g431xx.o(STACK) for __initial_sp
    startup_stm32g431xx.o(RESET) refers to startup_stm32g431xx.o(.text) for Reset_Handler
    startup_stm32g431xx.o(RESET) refers to stm32g4xx_it.o(i.NMI_Handler) for NMI_Handler
    startup_stm32g431xx.o(RESET) refers to stm32g4xx_it.o(i.HardFault_Handler) for HardFault_Handler
    startup_stm32g431xx.o(RESET) refers to stm32g4xx_it.o(i.MemManage_Handler) for MemManage_Handler
    startup_stm32g431xx.o(RESET) refers to stm32g4xx_it.o(i.BusFault_Handler) for BusFault_Handler
    startup_stm32g431xx.o(RESET) refers to stm32g4xx_it.o(i.UsageFault_Handler) for UsageFault_Handler
    startup_stm32g431xx.o(RESET) refers to stm32g4xx_it.o(i.SVC_Handler) for SVC_Handler
    startup_stm32g431xx.o(RESET) refers to stm32g4xx_it.o(i.DebugMon_Handler) for DebugMon_Handler
    startup_stm32g431xx.o(RESET) refers to stm32g4xx_it.o(i.PendSV_Handler) for PendSV_Handler
    startup_stm32g431xx.o(RESET) refers to stm32g4xx_it.o(i.SysTick_Handler) for SysTick_Handler
    startup_stm32g431xx.o(RESET) refers to stm32g4xx_it.o(i.DMA1_Channel1_IRQHandler) for DMA1_Channel1_IRQHandler
    startup_stm32g431xx.o(RESET) refers to stm32g4xx_it.o(i.DMA1_Channel2_IRQHandler) for DMA1_Channel2_IRQHandler
    startup_stm32g431xx.o(RESET) refers to stm32g4xx_it.o(i.I2C1_EV_IRQHandler) for I2C1_EV_IRQHandler
    startup_stm32g431xx.o(RESET) refers to stm32g4xx_it.o(i.I2C1_ER_IRQHandler) for I2C1_ER_IRQHandler
    startup_stm32g431xx.o(.text) refers to system_stm32g4xx.o(i.SystemInit) for SystemInit
    startup_stm32g431xx.o(.text) refers to entry.o(.ARM.Collect$$$$00000000) for __main
    main.o(i.SystemClock_Config) refers to memseta.o(.text) for __aeabi_memclr4
    main.o(i.SystemClock_Config) refers to stm32g4xx_hal_pwr_ex.o(i.HAL_PWREx_ControlVoltageScaling) for HAL_PWREx_ControlVoltageScaling
    main.o(i.SystemClock_Config) refers to stm32g4xx_hal_rcc.o(i.HAL_RCC_OscConfig) for HAL_RCC_OscConfig
    main.o(i.SystemClock_Config) refers to main.o(i.Error_Handler) for Error_Handler
    main.o(i.SystemClock_Config) refers to stm32g4xx_hal_rcc.o(i.HAL_RCC_ClockConfig) for HAL_RCC_ClockConfig
    main.o(i.main) refers to stm32g4xx_hal.o(i.HAL_Init) for HAL_Init
    main.o(i.main) refers to main.o(i.SystemClock_Config) for SystemClock_Config
    main.o(i.main) refers to gpio.o(i.MX_GPIO_Init) for MX_GPIO_Init
    main.o(i.main) refers to dma.o(i.MX_DMA_Init) for MX_DMA_Init
    main.o(i.main) refers to spi.o(i.MX_SPI1_Init) for MX_SPI1_Init
    main.o(i.main) refers to usart.o(i.MX_USART1_UART_Init) for MX_USART1_UART_Init
    main.o(i.main) refers to i2c.o(i.MX_I2C1_Init) for MX_I2C1_Init
    main.o(i.main) refers to lcd.o(i.LCD_Init) for LCD_Init
    main.o(i.main) refers to lcd.o(i.LCD_Fill) for LCD_Fill
    main.o(i.main) refers to lcd.o(i.LCD_ShowString) for LCD_ShowString
    main.o(i.main) refers to printfa.o(i.__0printf) for __2printf
    main.o(i.main) refers to stm32g4xx_hal.o(i.HAL_Delay) for HAL_Delay
    main.o(i.main) refers to stm32g4xx_hal_i2c.o(i.HAL_I2C_Mem_Read) for HAL_I2C_Mem_Read
    main.o(i.main) refers to as5600.o(i.as5600SetZeroPosition) for as5600SetZeroPosition
    main.o(i.main) refers to as5600.o(i.as5600ReadDMA) for as5600ReadDMA
    main.o(i.main) refers to f2d.o(.text) for __aeabi_f2d
    main.o(i.main) refers to i2c.o(.bss) for hi2c1
    main.o(i.main) refers to as5600.o(.data) for data
    main.o(i.main) refers to main.o(.conststring) for .conststring
    gpio.o(i.MX_GPIO_Init) refers to memseta.o(.text) for __aeabi_memclr4
    gpio.o(i.MX_GPIO_Init) refers to stm32g4xx_hal_gpio.o(i.HAL_GPIO_WritePin) for HAL_GPIO_WritePin
    gpio.o(i.MX_GPIO_Init) refers to stm32g4xx_hal_gpio.o(i.HAL_GPIO_Init) for HAL_GPIO_Init
    dma.o(i.MX_DMA_Init) refers to stm32g4xx_hal_cortex.o(i.HAL_NVIC_SetPriority) for HAL_NVIC_SetPriority
    dma.o(i.MX_DMA_Init) refers to stm32g4xx_hal_cortex.o(i.HAL_NVIC_EnableIRQ) for HAL_NVIC_EnableIRQ
    i2c.o(i.HAL_I2C_MspDeInit) refers to stm32g4xx_hal_gpio.o(i.HAL_GPIO_DeInit) for HAL_GPIO_DeInit
    i2c.o(i.HAL_I2C_MspDeInit) refers to stm32g4xx_hal_dma.o(i.HAL_DMA_DeInit) for HAL_DMA_DeInit
    i2c.o(i.HAL_I2C_MspDeInit) refers to stm32g4xx_hal_cortex.o(i.HAL_NVIC_DisableIRQ) for HAL_NVIC_DisableIRQ
    i2c.o(i.HAL_I2C_MspInit) refers to memseta.o(.text) for __aeabi_memclr4
    i2c.o(i.HAL_I2C_MspInit) refers to stm32g4xx_hal_rcc_ex.o(i.HAL_RCCEx_PeriphCLKConfig) for HAL_RCCEx_PeriphCLKConfig
    i2c.o(i.HAL_I2C_MspInit) refers to main.o(i.Error_Handler) for Error_Handler
    i2c.o(i.HAL_I2C_MspInit) refers to stm32g4xx_hal_gpio.o(i.HAL_GPIO_Init) for HAL_GPIO_Init
    i2c.o(i.HAL_I2C_MspInit) refers to stm32g4xx_hal_dma.o(i.HAL_DMA_Init) for HAL_DMA_Init
[...]
    ../Drivers/STM32G4xx_HAL_Driver/Src/stm32g4xx_hal_flash.c 0x00000000   Number         0  stm32g4xx_hal_flash.o ABSOLUTE
    ../Drivers/STM32G4xx_HAL_Driver/Src/stm32g4xx_hal_flash_ex.c 0x00000000   Number         0  stm32g4xx_hal_flash_ex.o ABSOLUTE
    ../Drivers/STM32G4xx_HAL_Driver/Src/stm32g4xx_hal_flash_ramfunc.c 0x00000000   Number         0  stm32g4xx_hal_flash_ramfunc.o ABSOLUTE
    ../Drivers/STM32G4xx_HAL_Driver/Src/stm32g4xx_hal_gpio.c 0x00000000   Number         0  stm32g4xx_hal_gpio.o ABSOLUTE
    ../Drivers/STM32G4xx_HAL_Driver/Src/stm32g4xx_hal_i2c.c 0x00000000   Number         0  stm32g4xx_hal_i2c.o ABSOLUTE
    ../Drivers/STM32G4xx_HAL_Driver/Src/stm32g4xx_hal_i2c_ex.c 0x00000000   Number         0  stm32g4xx_hal_i2c_ex.o ABSOLUTE
    ../Drivers/STM32G4xx_HAL_Driver/Src/stm32g4xx_hal_pwr.c 0x00000000   Number         0  stm32g4xx_hal_pwr.o ABSOLUTE
    ../Drivers/STM32G4xx_HAL_Driver/Src/stm32g4xx_hal_pwr_ex.c 0x00000000   Number         0  stm32g4xx_hal_pwr_ex.o ABSOLUTE
    ../Drivers/STM32G4xx_HAL_Driver/Src/stm32g4xx_hal_rcc.c 0x00000000   Number         0  stm32g4xx_hal_rcc.o ABSOLUTE
    ../Drivers/STM32G4xx_HAL_Driver/Src/stm32g4xx_hal_rcc_ex.c 0x00000000   Number         0  stm32g4xx_hal_rcc_ex.o ABSOLUTE
    ../Drivers/STM32G4xx_HAL_Driver/Src/stm32g4xx_hal_spi.c 0x00000000   Number         0  stm32g4xx_hal_spi.o ABSOLUTE
    ../Drivers/STM32G4xx_HAL_Driver/Src/stm32g4xx_hal_spi_ex.c 0x00000000   Number         0  stm32g4xx_hal_spi_ex.o ABSOLUTE
    ../Drivers/STM32G4xx_HAL_Driver/Src/stm32g4xx_hal_uart.c 0x00000000   Number         0  stm32g4xx_hal_uart.o ABSOLUTE
    ../Drivers/STM32G4xx_HAL_Driver/Src/stm32g4xx_hal_uart_ex.c 0x00000000   Number         0  stm32g4xx_hal_uart_ex.o ABSOLUTE
    ../clib/microlib/division.c              0x00000000   Number         0  uidiv.o ABSOLUTE
    ../clib/microlib/division.c              0x00000000   Number         0  uldiv.o ABSOLUTE
    ../clib/microlib/errno.c                 0x00000000   Number         0  errno.o ABSOLUTE
    ../clib/microlib/init/entry.s            0x00000000   Number         0  entry8a.o ABSOLUTE
    ../clib/microlib/init/entry.s            0x00000000   Number         0  entry7b.o ABSOLUTE
    ../clib/microlib/init/entry.s            0x00000000   Number         0  entry7a.o ABSOLUTE
    ../clib/microlib/init/entry.s            0x00000000   Number         0  entry2.o ABSOLUTE
    ../clib/microlib/init/entry.s            0x00000000   Number         0  entry5.o ABSOLUTE
    ../clib/microlib/init/entry.s            0x00000000   Number         0  entry12b.o ABSOLUTE
    ../clib/microlib/init/entry.s            0x00000000   Number         0  entry12a.o ABSOLUTE
    ../clib/microlib/init/entry.s            0x00000000   Number         0  entry11a.o ABSOLUTE
    ../clib/microlib/init/entry.s            0x00000000   Number         0  entry10b.o ABSOLUTE
    ../clib/microlib/init/entry.s            0x00000000   Number         0  entry10a.o ABSOLUTE
    ../clib/microlib/init/entry.s            0x00000000   Number         0  entry9b.o ABSOLUTE
    ../clib/microlib/init/entry.s            0x00000000   Number         0  entry11b.o ABSOLUTE
    ../clib/microlib/init/entry.s            0x00000000   Number         0  entry9a.o ABSOLUTE
    ../clib/microlib/init/entry.s            0x00000000   Number         0  entry8b.o ABSOLUTE
    ../clib/microlib/init/entry.s            0x00000000   Number         0  entry.o ABSOLUTE
    ../clib/microlib/longlong.c              0x00000000   Number         0  llushr.o ABSOLUTE
    ../clib/microlib/longlong.c              0x00000000   Number         0  llshl.o ABSOLUTE
    ../clib/microlib/longlong.c              0x00000000   Number         0  llsshr.o ABSOLUTE
    ../clib/microlib/printf/printf.c         0x00000000   Number         0  printf3.o ABSOLUTE
    ../clib/microlib/printf/printf.c         0x00000000   Number         0  printf4.o ABSOLUTE
    ../clib/microlib/printf/printf.c         0x00000000   Number         0  printf2.o ABSOLUTE
    ../clib/microlib/printf/printf.c         0x00000000   Number         0  printf1.o ABSOLUTE
    ../clib/microlib/printf/printf.c         0x00000000   Number         0  printf6.o ABSOLUTE
    ../clib/microlib/printf/printf.c         0x00000000   Number         0  printf0.o ABSOLUTE
    ../clib/microlib/printf/printf.c         0x00000000   Number         0  printfb.o ABSOLUTE
    ../clib/microlib/printf/printf.c         0x00000000   Number         0  printfa.o ABSOLUTE
    ../clib/microlib/printf/printf.c         0x00000000   Number         0  printf8.o ABSOLUTE
    ../clib/microlib/printf/printf.c         0x00000000   Number         0  printf7.o ABSOLUTE
    ../clib/microlib/printf/printf.c         0x00000000   Number         0  printf5.o ABSOLUTE
    ../clib/microlib/printf/stubs.s          0x00000000   Number         0  stubs.o ABSOLUTE
    ../clib/microlib/stdio/streams.c         0x00000000   Number         0  stdout.o ABSOLUTE
    ../clib/microlib/string/memset.c         0x00000000   Number         0  memseta.o ABSOLUTE
    ../clib/microlib/stubs.s                 0x00000000   Number         0  iusefp.o ABSOLUTE
    ../fplib/microlib/f2d.c                  0x00000000   Number         0  f2d.o ABSOLUTE
    ../fplib/microlib/fpadd.c                0x00000000   Number         0  dadd.o ABSOLUTE
    ../fplib/microlib/fpdiv.c                0x00000000   Number         0  ddiv.o ABSOLUTE
    ../fplib/microlib/fpepilogue.c           0x00000000   Number         0  fepilogue.o ABSOLUTE
    ../fplib/microlib/fpepilogue.c           0x00000000   Number         0  depilogue.o ABSOLUTE
    ../fplib/microlib/fpfix.c                0x00000000   Number         0  dfixul.o ABSOLUTE
    ../fplib/microlib/fpmul.c                0x00000000   Number         0  dmul.o ABSOLUTE
    ../fplib/microlib/fprem.c                0x00000000   Number         0  frem.o ABSOLUTE
    ../mathlib/fmodf.c                       0x00000000   Number         0  fmodf_x.o ABSOLUTE
    ../mathlib/fmodf.c                       0x00000000   Number         0  fmodf.o ABSOLUTE
    ../mathlib/funder.c                      0x00000000   Number         0  funder.o ABSOLUTE
    ..\Core\Src\dma.c                        0x00000000   Number         0  dma.o ABSOLUTE
    ..\Core\Src\gpio.c                       0x00000000   Number         0  gpio.o ABSOLUTE
    ..\Core\Src\i2c.c                        0x00000000   Number         0  i2c.o ABSOLUTE
    ..\Core\Src\main.c                       0x00000000   Number         0  main.o ABSOLUTE
    ..\Core\Src\spi.c                        0x00000000   Number         0  spi.o ABSOLUTE
    ..\Core\Src\stm32g4xx_hal_msp.c          0x00000000   Number         0  stm32g4xx_hal_msp.o ABSOLUTE
    ..\Core\Src\stm32g4xx_it.c               0x00000000   Number         0  stm32g4xx_it.o ABSOLUTE
    ..\Core\Src\system_stm32g4xx.c           0x00000000   Number         0  system_stm32g4xx.o ABSOLUTE
    ..\Core\Src\usart.c                      0x00000000   Number         0  usart.o ABSOLUTE
    ..\Drivers\BSP\AS5600\as5600.c           0x00000000   Number         0  as5600.o ABSOLUTE
    ..\Drivers\BSP\LCD\lcd.c                 0x00000000   Number         0  lcd.o ABSOLUTE
    ..\Drivers\STM32G4xx_HAL_Driver\Src\stm32g4xx_hal.c 0x00000000   Number         0  stm32g4xx_hal.o ABSOLUTE
    ..\Drivers\STM32G4xx_HAL_Driver\Src\stm32g4xx_hal_cortex.c 0x00000000   Number         0  stm32g4xx_hal_cortex.o ABSOLUTE
    ..\Drivers\STM32G4xx_HAL_Driver\Src\stm32g4xx_hal_dma.c 0x00000000   Number         0  stm32g4xx_hal_dma.o ABSOLUTE
    ..\Drivers\STM32G4xx_HAL_Driver\Src\stm32g4xx_hal_dma_ex.c 0x00000000   Number         0  stm32g4xx_hal_dma_ex.o ABSOLUTE
    ..\Drivers\STM32G4xx_HAL_Driver\Src\stm32g4xx_hal_exti.c 0x00000000   Number         0  stm32g4xx_hal_exti.o ABSOLUTE
    ..\Drivers\STM32G4xx_HAL_Driver\Src\stm32g4xx_hal_flash.c 0x00000000   Number         0  stm32g4xx_hal_flash.o ABSOLUTE
    ..\Drivers\STM32G4xx_HAL_Driver\Src\stm32g4xx_hal_flash_ex.c 0x00000000   Number         0  stm32g4xx_hal_flash_ex.o ABSOLUTE
    ..\Drivers\STM32G4xx_HAL_Driver\Src\stm32g4xx_hal_flash_ramfunc.c 0x00000000   Number         0  stm32g4xx_hal_flash_ramfunc.o ABSOLUTE
    ..\Drivers\STM32G4xx_HAL_Driver\Src\stm32g4xx_hal_gpio.c 0x00000000   Number         0  stm32g4xx_hal_gpio.o ABSOLUTE
    ..\Drivers\STM32G4xx_HAL_Driver\Src\stm32g4xx_hal_i2c.c 0x00000000   Number         0  stm32g4xx_hal_i2c.o ABSOLUTE
    ..\Drivers\STM32G4xx_HAL_Driver\Src\stm32g4xx_hal_i2c_ex.c 0x00000000   Number         0  stm32g4xx_hal_i2c_ex.o ABSOLUTE
    ..\Drivers\STM32G4xx_HAL_Driver\Src\stm32g4xx_hal_pwr.c 0x00000000   Number         0  stm32g4xx_hal_pwr.o ABSOLUTE
    ..\Drivers\STM32G4xx_HAL_Driver\Src\stm32g4xx_hal_pwr_ex.c 0x00000000   Number         0  stm32g4xx_hal_pwr_ex.o ABSOLUTE
    ..\Drivers\STM32G4xx_HAL_Driver\Src\stm32g4xx_hal_rcc.c 0x00000000   Number         0  stm32g4xx_hal_rcc.o ABSOLUTE
    ..\Drivers\STM32G4xx_HAL_Driver\Src\stm32g4xx_hal_rcc_ex.c 0x00000000   Number         0  stm32g4xx_hal_rcc_ex.o ABSOLUTE
    ..\Drivers\STM32G4xx_HAL_Driver\Src\stm32g4xx_hal_spi.c 0x00000000   Number         0  stm32g4xx_hal_spi.o ABSOLUTE
    ..\Drivers\STM32G4xx_HAL_Driver\Src\stm32g4xx_hal_spi_ex.c 0x00000000   Number         0  stm32g4xx_hal_spi_ex.o ABSOLUTE
    ..\Drivers\STM32G4xx_HAL_Driver\Src\stm32g4xx_hal_uart.c 0x00000000   Number         0  stm32g4xx_hal_uart.o ABSOLUTE
    ..\Drivers\STM32G4xx_HAL_Driver\Src\stm32g4xx_hal_uart_ex.c 0x00000000   Number         0  stm32g4xx_hal_uart_ex.o ABSOLUTE
    ..\\Drivers\\BSP\\AS5600\\as5600.c       0x00000000   Number         0  as5600.o ABSOLUTE
    ..\\Drivers\\BSP\\LCD\\lcd.c             0x00000000   Number         0  lcd.o ABSOLUTE
    cdrcmple.s                               0x00000000   Number         0  cdrcmple.o ABSOLUTE
    dc.s                                     0x00000000   Number         0  dc.o ABSOLUTE
    handlers.s                               0x00000000   Number         0  handlers.o ABSOLUTE
    init.s                                   0x00000000   Number         0  init.o ABSOLUTE
    startup_stm32g431xx.s                    0x00000000   Number         0  startup_stm32g431xx.o ABSOLUTE
    RESET                                    0x08000000   Section      472  startup_stm32g431xx.o(RESET)
    .ARM.Collect$$$$00000000                 0x080001d8   Section        0  entry.o(.ARM.Collect$$$$00000000)
    .ARM.Collect$$$$00000001                 0x080001d8   Section        4  entry2.o(.ARM.Collect$$$$00000001)
    .ARM.Collect$$$$00000004                 0x080001dc   Section        4  entry5.o(.ARM.Collect$$$$00000004)
    .ARM.Collect$$$$00000008                 0x080001e0   Section        0  entry7b.o(.ARM.Collect$$$$00000008)
    .ARM.Collect$$$$0000000A                 0x080001e0   Section        0  entry8b.o(.ARM.Collect$$$$0000000A)
    .ARM.Collect$$$$0000000B                 0x080001e0   Section        8  entry9a.o(.ARM.Collect$$$$0000000B)
    .ARM.Collect$$$$0000000E                 0x080001e8   Section        4  entry12b.o(.ARM.Collect$$$$0000000E)
    .ARM.Collect$$$$0000000F                 0x080001ec   Section        0  entry10a.o(.ARM.Collect$$$$0000000F)
    .ARM.Collect$$$$00000011                 0x080001ec   Section        0  entry11a.o(.ARM.Collect$$$$00000011)
    .ARM.Collect$$$$00002712                 0x080001ec   Section        4  entry2.o(.ARM.Collect$$$$00002712)
    __lit__00000000                          0x080001ec   Data           4  entry2.o(.ARM.Collect$$$$00002712)
    .text                                    0x080001f0   Section       36  startup_stm32g431xx.o(.text)
    $v0                                      0x080001f0   Number         0  startup_stm32g431xx.o(.text)
    .text                                    0x08000214   Section        0  uldiv.o(.text)
    .text                                    0x08000276   Section        0  memseta.o(.text)
    .text                                    0x0800029a   Section        0  f2d.o(.text)
    .text                                    0x080002c0   Section        0  uidiv.o(.text)
    .text                                    0x080002ec   Section        0  llshl.o(.text)
    .text                                    0x0800030a   Section        0  llushr.o(.text)
    .text                                    0x0800032a   Section        0  frem.o(.text)
    .text                                    0x0800032a   Section        0  iusefp.o(.text)
    .text                                    0x0800037c   Section        0  dadd.o(.text)
    .text                                    0x080004ca   Section        0  dmul.o(.text)
    .text                                    0x080005ae   Section        0  ddiv.o(.text)
    .text                                    0x0800068c   Section        0  dfixul.o(.text)
    .text                                    0x080006bc   Section       48  cdrcmple.o(.text)
    .text                                    0x080006ec   Section       36  init.o(.text)
    .text                                    0x08000710   Section        0  llsshr.o(.text)
    .text                                    0x08000734   Section        0  fepilogue.o(.text)
    .text                                    0x080007a2   Section        0  depilogue.o(.text)
    i.BusFault_Handler                       0x0800085c   Section        0  stm32g4xx_it.o(i.BusFault_Handler)
    i.DMA1_Channel1_IRQHandler               0x08000860   Section        0  stm32g4xx_it.o(i.DMA1_Channel1_IRQHandler)
    i.DMA1_Channel2_IRQHandler               0x08000870   Section        0  stm32g4xx_it.o(i.DMA1_Channel2_IRQHandler)
    i.DMA_CalcDMAMUXChannelBaseAndMask       0x08000880   Section        0  stm32g4xx_hal_dma.o(i.DMA_CalcDMAMUXChannelBaseAndMask)
    DMA_CalcDMAMUXChannelBaseAndMask         0x08000881   Thumb Code    58  stm32g4xx_hal_dma.o(i.DMA_CalcDMAMUXChannelBaseAndMask)
    i.DMA_CalcDMAMUXRequestGenBaseAndMask    0x080008c4   Section        0  stm32g4xx_hal_dma.o(i.DMA_CalcDMAMUXRequestGenBaseAndMask)
    DMA_CalcDMAMUXRequestGenBaseAndMask      0x080008c5   Thumb Code    32  stm32g4xx_hal_dma.o(i.DMA_CalcDMAMUXRequestGenBaseAndMask)
    i.DMA_SetConfig                          0x080008e8   Section        0  stm32g4xx_hal_dma.o(i.DMA_SetConfig)
    DMA_SetConfig                            0x080008e9   Thumb Code    64  stm32g4xx_hal_dma.o(i.DMA_SetConfig)
    i.DebugMon_Handler                       0x08000928   Section        0  stm32g4xx_it.o(i.DebugMon_Handler)
    i.Error_Handler                          0x0800092a   Section        0  main.o(i.Error_Handler)
    i.HAL_DMA_Abort_IT                       0x08000930   Section        0  stm32g4xx_hal_dma.o(i.HAL_DMA_Abort_IT)
    i.HAL_DMA_GetState                       0x080009c4   Section        0  stm32g4xx_hal_dma.o(i.HAL_DMA_GetState)
    i.HAL_DMA_IRQHandler                     0x080009cc   Section        0  stm32g4xx_hal_dma.o(i.HAL_DMA_IRQHandler)
    i.HAL_DMA_Init                           0x08000acc   Section        0  stm32g4xx_hal_dma.o(i.HAL_DMA_Init)
    i.HAL_DMA_Start_IT                       0x08000b9c   Section        0  stm32g4xx_hal_dma.o(i.HAL_DMA_Start_IT)
    i.HAL_Delay                              0x08000c60   Section        0  stm32g4xx_hal.o(i.HAL_Delay)
    i.HAL_GPIO_Init                          0x08000c88   Section        0  stm32g4xx_hal_gpio.o(i.HAL_GPIO_Init)
    i.HAL_GPIO_WritePin                      0x08000e54   Section        0  stm32g4xx_hal_gpio.o(i.HAL_GPIO_WritePin)
    i.HAL_GetTick                            0x08000e60   Section        0  stm32g4xx_hal.o(i.HAL_GetTick)
    i.HAL_I2CEx_ConfigAnalogFilter           0x08000e6c   Section        0  stm32g4xx_hal_i2c_ex.o(i.HAL_I2CEx_ConfigAnalogFilter)
    i.HAL_I2CEx_ConfigDigitalFilter          0x08000ed6   Section        0  stm32g4xx_hal_i2c_ex.o(i.HAL_I2CEx_ConfigDigitalFilter)
    i.HAL_I2C_AbortCpltCallback              0x08000f3e   Section        0  stm32g4xx_hal_i2c.o(i.HAL_I2C_AbortCpltCallback)
    i.HAL_I2C_AddrCallback                   0x08000f40   Section        0  stm32g4xx_hal_i2c.o(i.HAL_I2C_AddrCallback)
    i.HAL_I2C_ER_IRQHandler                  0x08000f42   Section        0  stm32g4xx_hal_i2c.o(i.HAL_I2C_ER_IRQHandler)
    i.HAL_I2C_EV_IRQHandler                  0x08000fb8   Section        0  stm32g4xx_hal_i2c.o(i.HAL_I2C_EV_IRQHandler)
    i.HAL_I2C_ErrorCallback                  0x08000fd4   Section        0  stm32g4xx_hal_i2c.o(i.HAL_I2C_ErrorCallback)
    i.HAL_I2C_Init                           0x08000fd8   Section        0  stm32g4xx_hal_i2c.o(i.HAL_I2C_Init)
    i.HAL_I2C_ListenCpltCallback             0x080010b0   Section        0  stm32g4xx_hal_i2c.o(i.HAL_I2C_ListenCpltCallback)
    i.HAL_I2C_MasterRxCpltCallback           0x080010b2   Section        0  stm32g4xx_hal_i2c.o(i.HAL_I2C_MasterRxCpltCallback)
    i.HAL_I2C_MasterTxCpltCallback           0x080010b4   Section        0  stm32g4xx_hal_i2c.o(i.HAL_I2C_MasterTxCpltCallback)
    i.HAL_I2C_MemRxCpltCallback              0x080010b8   Section        0  as5600.o(i.HAL_I2C_MemRxCpltCallback)
    i.HAL_I2C_MemTxCpltCallback              0x080010f4   Section        0  stm32g4xx_hal_i2c.o(i.HAL_I2C_MemTxCpltCallback)
    i.HAL_I2C_Mem_Read                       0x080010f8   Section        0  stm32g4xx_hal_i2c.o(i.HAL_I2C_Mem_Read)
    i.HAL_I2C_Mem_Read_DMA                   0x08001298   Section        0  stm32g4xx_hal_i2c.o(i.HAL_I2C_Mem_Read_DMA)
    i.HAL_I2C_MspInit                        0x080013f4   Section        0  i2c.o(i.HAL_I2C_MspInit)
    i.HAL_I2C_SlaveRxCpltCallback            0x0800155c   Section        0  stm32g4xx_hal_i2c.o(i.HAL_I2C_SlaveRxCpltCallback)
    i.HAL_I2C_SlaveTxCpltCallback            0x0800155e   Section        0  stm32g4xx_hal_i2c.o(i.HAL_I2C_SlaveTxCpltCallback)
    i.HAL_IncTick                            0x08001560   Section        0  stm32g4xx_hal.o(i.HAL_IncTick)
    i.HAL_Init                               0x08001578   Section        0  stm32g4xx_hal.o(i.HAL_Init)
    i.HAL_InitTick                           0x08001598   Section        0  stm32g4xx_hal.o(i.HAL_InitTick)
    i.HAL_MspInit                            0x080015f0   Section        0  stm32g4xx_hal_msp.o(i.HAL_MspInit)
    i.HAL_NVIC_EnableIRQ                     0x08001638   Section        0  stm32g4xx_hal_cortex.o(i.HAL_NVIC_EnableIRQ)
    i.HAL_NVIC_SetPriority                   0x08001660   Section        0  stm32g4xx_hal_cortex.o(i.HAL_NVIC_SetPriority)
    i.HAL_NVIC_SetPriorityGrouping           0x080016dc   Section        0  stm32g4xx_hal_cortex.o(i.HAL_NVIC_SetPriorityGrouping)
    i.HAL_PWREx_ControlVoltageScaling        0x08001704   Section        0  stm32g4xx_hal_pwr_ex.o(i.HAL_PWREx_ControlVoltageScaling)
    i.HAL_PWREx_DisableUCPDDeadBattery       0x0800181c   Section        0  stm32g4xx_hal_pwr_ex.o(i.HAL_PWREx_DisableUCPDDeadBattery)
    i.HAL_RCCEx_PeriphCLKConfig              0x08001830   Section        0  stm32g4xx_hal_rcc_ex.o(i.HAL_RCCEx_PeriphCLKConfig)
    i.HAL_RCC_ClockConfig                    0x08001ba0   Section        0  stm32g4xx_hal_rcc.o(i.HAL_RCC_ClockConfig)
    i.HAL_RCC_GetHCLKFreq                    0x08001dc4   Section        0  stm32g4xx_hal_rcc.o(i.HAL_RCC_GetHCLKFreq)
    i.HAL_RCC_GetPCLK1Freq                   0x08001dd0   Section        0  stm32g4xx_hal_rcc.o(i.HAL_RCC_GetPCLK1Freq)
    i.HAL_RCC_GetPCLK2Freq                   0x08001df4   Section        0  stm32g4xx_hal_rcc.o(i.HAL_RCC_GetPCLK2Freq)
    i.HAL_RCC_GetSysClockFreq                0x08001e18   Section        0  stm32g4xx_hal_rcc.o(i.HAL_RCC_GetSysClockFreq)
    i.HAL_RCC_OscConfig                      0x08001eb0   Section        0  stm32g4xx_hal_rcc.o(i.HAL_RCC_OscConfig)
    i.HAL_SPI_Init                           0x0800240c   Section        0  stm32g4xx_hal_spi.o(i.HAL_SPI_Init)
    i.HAL_SPI_MspInit                        0x08002508   Section        0  spi.o(i.HAL_SPI_MspInit)
    i.HAL_SPI_Transmit                       0x0800257c   Section        0  stm32g4xx_hal_spi.o(i.HAL_SPI_Transmit)
    i.HAL_SYSTICK_Config                     0x08002776   Section        0  stm32g4xx_hal_cortex.o(i.HAL_SYSTICK_Config)
    i.HAL_UARTEx_DisableFifoMode             0x080027aa   Section        0  stm32g4xx_hal_uart_ex.o(i.HAL_UARTEx_DisableFifoMode)
    i.HAL_UARTEx_SetRxFifoThreshold          0x080027f8   Section        0  stm32g4xx_hal_uart_ex.o(i.HAL_UARTEx_SetRxFifoThreshold)
    i.HAL_UARTEx_SetTxFifoThreshold          0x08002856   Section        0  stm32g4xx_hal_uart_ex.o(i.HAL_UARTEx_SetTxFifoThreshold)
    i.HAL_UART_Init                          0x080028b4   Section        0  stm32g4xx_hal_uart.o(i.HAL_UART_Init)
    i.HAL_UART_MspInit                       0x0800292c   Section        0  usart.o(i.HAL_UART_MspInit)
    i.HAL_UART_Transmit                      0x080029c0   Section        0  stm32g4xx_hal_uart.o(i.HAL_UART_Transmit)
    i.HardFault_Handler                      0x08002a82   Section        0  stm32g4xx_it.o(i.HardFault_Handler)
    i.I2C1_ER_IRQHandler                     0x08002a88   Section        0  stm32g4xx_it.o(i.I2C1_ER_IRQHandler)
    i.I2C1_EV_IRQHandler                     0x08002a98   Section        0  stm32g4xx_it.o(i.I2C1_EV_IRQHandler)
    i.I2C_DMAAbort                           0x08002aa8   Section        0  stm32g4xx_hal_i2c.o(i.I2C_DMAAbort)
    I2C_DMAAbort                             0x08002aa9   Thumb Code    34  stm32g4xx_hal_i2c.o(i.I2C_DMAAbort)
    i.I2C_DMAError                           0x08002aca   Section        0  stm32g4xx_hal_i2c.o(i.I2C_DMAError)
    I2C_DMAError                             0x08002acb   Thumb Code    28  stm32g4xx_hal_i2c.o(i.I2C_DMAError)
    i.I2C_DMAMasterReceiveCplt               0x08002ae6   Section        0  stm32g4xx_hal_i2c.o(i.I2C_DMAMasterReceiveCplt)
    I2C_DMAMasterReceiveCplt                 0x08002ae7   Thumb Code    94  stm32g4xx_hal_i2c.o(i.I2C_DMAMasterReceiveCplt)
    i.I2C_Disable_IRQ                        0x08002b44   Section        0  stm32g4xx_hal_i2c.o(i.I2C_Disable_IRQ)
    I2C_Disable_IRQ                          0x08002b45   Thumb Code   110  stm32g4xx_hal_i2c.o(i.I2C_Disable_IRQ)
    i.I2C_Enable_IRQ                         0x08002bb4   Section        0  stm32g4xx_hal_i2c.o(i.I2C_Enable_IRQ)
    I2C_Enable_IRQ                           0x08002bb5   Thumb Code   156  stm32g4xx_hal_i2c.o(i.I2C_Enable_IRQ)
    i.I2C_Flush_TXDR                         0x08002c5c   Section        0  stm32g4xx_hal_i2c.o(i.I2C_Flush_TXDR)
    I2C_Flush_TXDR                           0x08002c5d   Thumb Code    40  stm32g4xx_hal_i2c.o(i.I2C_Flush_TXDR)
    i.I2C_ITAddrCplt                         0x08002c84   Section        0  stm32g4xx_hal_i2c.o(i.I2C_ITAddrCplt)
    I2C_ITAddrCplt                           0x08002c85   Thumb Code   206  stm32g4xx_hal_i2c.o(i.I2C_ITAddrCplt)
    i.I2C_ITError                            0x08002d54   Section        0  stm32g4xx_hal_i2c.o(i.I2C_ITError)
    I2C_ITError                              0x08002d55   Thumb Code   326  stm32g4xx_hal_i2c.o(i.I2C_ITError)
    i.I2C_ITListenCplt                       0x08002ea8   Section        0  stm32g4xx_hal_i2c.o(i.I2C_ITListenCplt)
    I2C_ITListenCplt                         0x08002ea9   Thumb Code   106  stm32g4xx_hal_i2c.o(i.I2C_ITListenCplt)
    i.I2C_ITMasterCplt                       0x08002f18   Section        0  stm32g4xx_hal_i2c.o(i.I2C_ITMasterCplt)
    I2C_ITMasterCplt                         0x08002f19   Thumb Code   288  stm32g4xx_hal_i2c.o(i.I2C_ITMasterCplt)
    i.I2C_ITMasterSeqCplt                    0x08003040   Section        0  stm32g4xx_hal_i2c.o(i.I2C_ITMasterSeqCplt)
    I2C_ITMasterSeqCplt                      0x08003041   Thumb Code    98  stm32g4xx_hal_i2c.o(i.I2C_ITMasterSeqCplt)
    i.I2C_ITSlaveCplt                        0x080030a4   Section        0  stm32g4xx_hal_i2c.o(i.I2C_ITSlaveCplt)
    I2C_ITSlaveCplt                          0x080030a5   Thumb Code   494  stm32g4xx_hal_i2c.o(i.I2C_ITSlaveCplt)
    i.I2C_ITSlaveSeqCplt                     0x0800329c   Section        0  stm32g4xx_hal_i2c.o(i.I2C_ITSlaveSeqCplt)
    I2C_ITSlaveSeqCplt                       0x0800329d   Thumb Code   140  stm32g4xx_hal_i2c.o(i.I2C_ITSlaveSeqCplt)
    i.I2C_IsErrorOccurred                    0x08003328   Section        0  stm32g4xx_hal_i2c.o(i.I2C_IsErrorOccurred)
    I2C_IsErrorOccurred                      0x08003329   Thumb Code   300  stm32g4xx_hal_i2c.o(i.I2C_IsErrorOccurred)
    i.I2C_Master_ISR_DMA                     0x08003458   Section        0  stm32g4xx_hal_i2c.o(i.I2C_Master_ISR_DMA)
    I2C_Master_ISR_DMA                       0x08003459   Thumb Code   352  stm32g4xx_hal_i2c.o(i.I2C_Master_ISR_DMA)
    i.I2C_Mem_ISR_DMA                        0x080035b8   Section        0  stm32g4xx_hal_i2c.o(i.I2C_Mem_ISR_DMA)
    I2C_Mem_ISR_DMA                          0x080035b9   Thumb Code   426  stm32g4xx_hal_i2c.o(i.I2C_Mem_ISR_DMA)
    i.I2C_RequestMemoryRead                  0x0800376c   Section        0  stm32g4xx_hal_i2c.o(i.I2C_RequestMemoryRead)
    I2C_RequestMemoryRead                    0x0800376d   Thumb Code   118  stm32g4xx_hal_i2c.o(i.I2C_RequestMemoryRead)
    i.I2C_Slave_ISR_DMA                      0x080037e8   Section        0  stm32g4xx_hal_i2c.o(i.I2C_Slave_ISR_DMA)
    I2C_Slave_ISR_DMA                        0x080037e9   Thumb Code   318  stm32g4xx_hal_i2c.o(i.I2C_Slave_ISR_DMA)
    i.I2C_Slave_ISR_IT                       0x08003926   Section        0  stm32g4xx_hal_i2c.o(i.I2C_Slave_ISR_IT)
    I2C_Slave_ISR_IT                         0x08003927   Thumb Code   330  stm32g4xx_hal_i2c.o(i.I2C_Slave_ISR_IT)
    i.I2C_TransferConfig                     0x08003a70   Section        0  stm32g4xx_hal_i2c.o(i.I2C_TransferConfig)
    I2C_TransferConfig                       0x08003a71   Thumb Code    56  stm32g4xx_hal_i2c.o(i.I2C_TransferConfig)
    i.I2C_TreatErrorCallback                 0x08003aa8   Section        0  stm32g4xx_hal_i2c.o(i.I2C_TreatErrorCallback)
    I2C_TreatErrorCallback                   0x08003aa9   Thumb Code    58  stm32g4xx_hal_i2c.o(i.I2C_TreatErrorCallback)
    i.I2C_WaitOnFlagUntilTimeout             0x08003ae2   Section        0  stm32g4xx_hal_i2c.o(i.I2C_WaitOnFlagUntilTimeout)
    I2C_WaitOnFlagUntilTimeout               0x08003ae3   Thumb Code   130  stm32g4xx_hal_i2c.o(i.I2C_WaitOnFlagUntilTimeout)
    i.I2C_WaitOnSTOPFlagUntilTimeout         0x08003b64   Section        0  stm32g4xx_hal_i2c.o(i.I2C_WaitOnSTOPFlagUntilTimeout)
    I2C_WaitOnSTOPFlagUntilTimeout           0x08003b65   Thumb Code    96  stm32g4xx_hal_i2c.o(i.I2C_WaitOnSTOPFlagUntilTimeout)
    i.I2C_WaitOnTXISFlagUntilTimeout         0x08003bc4   Section        0  stm32g4xx_hal_i2c.o(i.I2C_WaitOnTXISFlagUntilTimeout)
    I2C_WaitOnTXISFlagUntilTimeout           0x08003bc5   Thumb Code   100  stm32g4xx_hal_i2c.o(i.I2C_WaitOnTXISFlagUntilTimeout)
    i.LCD_Address_Set                        0x08003c28   Section        0  lcd.o(i.LCD_Address_Set)
    i.LCD_DrawPoint                          0x08003c62   Section        0  lcd.o(i.LCD_DrawPoint)
    i.LCD_Fill                               0x08003c7e   Section        0  lcd.o(i.LCD_Fill)
    i.LCD_Init                               0x08003cc8   Section        0  lcd.o(i.LCD_Init)
    i.LCD_ShowChar                           0x08003e7c   Section        0  lcd.o(i.LCD_ShowChar)
    i.LCD_ShowString                         0x08003fd4   Section        0  lcd.o(i.LCD_ShowString)
    i.LCD_WR_DATA                            0x08004018   Section        0  lcd.o(i.LCD_WR_DATA)
    i.LCD_WR_DATA8                           0x0800403c   Section        0  lcd.o(i.LCD_WR_DATA8)
    i.LCD_WR_REG                             0x08004054   Section        0  lcd.o(i.LCD_WR_REG)
    i.MX_DMA_Init                            0x0800408c   Section        0  dma.o(i.MX_DMA_Init)
    i.MX_GPIO_Init                           0x080040ec   Section        0  gpio.o(i.MX_GPIO_Init)
    i.MX_I2C1_Init                           0x08004174   Section        0  i2c.o(i.MX_I2C1_Init)
    i.MX_SPI1_Init                           0x080041cc   Section        0  spi.o(i.MX_SPI1_Init)
    i.MX_USART1_UART_Init                    0x08004230   Section        0  usart.o(i.MX_USART1_UART_Init)
    i.MemManage_Handler                      0x0800429c   Section        0  stm32g4xx_it.o(i.MemManage_Handler)
    i.NMI_Handler                            0x080042a0   Section        0  stm32g4xx_it.o(i.NMI_Handler)
    i.PendSV_Handler                         0x080042a4   Section        0  stm32g4xx_it.o(i.PendSV_Handler)
    i.RCC_GetSysClockFreqFromPLLSource       0x080042a8   Section        0  stm32g4xx_hal_rcc.o(i.RCC_GetSysClockFreqFromPLLSource)
    RCC_GetSysClockFreqFromPLLSource         0x080042a9   Thumb Code    90  stm32g4xx_hal_rcc.o(i.RCC_GetSysClockFreqFromPLLSource)
    i.SPI_EndRxTxTransaction                 0x08004310   Section        0  stm32g4xx_hal_spi.o(i.SPI_EndRxTxTransaction)
    SPI_EndRxTxTransaction                   0x08004311   Thumb Code   100  stm32g4xx_hal_spi.o(i.SPI_EndRxTxTransaction)
    i.SPI_WaitFifoStateUntilTimeout          0x08004374   Section        0  stm32g4xx_hal_spi.o(i.SPI_WaitFifoStateUntilTimeout)
    SPI_WaitFifoStateUntilTimeout            0x08004375   Thumb Code   242  stm32g4xx_hal_spi.o(i.SPI_WaitFifoStateUntilTimeout)
    i.SPI_WaitFlagStateUntilTimeout          0x0800446c   Section        0  stm32g4xx_hal_spi.o(i.SPI_WaitFlagStateUntilTimeout)
    SPI_WaitFlagStateUntilTimeout            0x0800446d   Thumb Code   210  stm32g4xx_hal_spi.o(i.SPI_WaitFlagStateUntilTimeout)
    i.SVC_Handler                            0x08004544   Section        0  stm32g4xx_it.o(i.SVC_Handler)
    i.SysTick_Handler                        0x08004546   Section        0  stm32g4xx_it.o(i.SysTick_Handler)
    i.SystemClock_Config                     0x0800454e   Section        0  main.o(i.SystemClock_Config)
    i.SystemInit                             0x080045b8   Section        0  system_stm32g4xx.o(i.SystemInit)
    i.UARTEx_SetNbDataToProcess              0x080045cc   Section        0  stm32g4xx_hal_uart_ex.o(i.UARTEx_SetNbDataToProcess)
    UARTEx_SetNbDataToProcess                0x080045cd   Thumb Code    78  stm32g4xx_hal_uart_ex.o(i.UARTEx_SetNbDataToProcess)
    i.UART_AdvFeatureConfig                  0x08004624   Section        0  stm32g4xx_hal_uart.o(i.UART_AdvFeatureConfig)
    i.UART_CheckIdleState                    0x0800471c   Section        0  stm32g4xx_hal_uart.o(i.UART_CheckIdleState)
    i.UART_EndRxTransfer                     0x08004808   Section        0  stm32g4xx_hal_uart.o(i.UART_EndRxTransfer)
    UART_EndRxTransfer                       0x08004809   Thumb Code   104  stm32g4xx_hal_uart.o(i.UART_EndRxTransfer)
    i.UART_SetConfig                         0x08004874   Section        0  stm32g4xx_hal_uart.o(i.UART_SetConfig)
    i.UART_WaitOnFlagUntilTimeout            0x08004bf8   Section        0  stm32g4xx_hal_uart.o(i.UART_WaitOnFlagUntilTimeout)
    i.UsageFault_Handler                     0x08004ca4   Section        0  stm32g4xx_it.o(i.UsageFault_Handler)
    i.__0printf                              0x08004ca8   Section        0  printfa.o(i.__0printf)
    i.__NVIC_GetPriorityGrouping             0x08004cc8   Section        0  stm32g4xx_hal_cortex.o(i.__NVIC_GetPriorityGrouping)
    __NVIC_GetPriorityGrouping               0x08004cc9   Thumb Code    10  stm32g4xx_hal_cortex.o(i.__NVIC_GetPriorityGrouping)
    i.__NVIC_SetPriority                     0x08004cd8   Section        0  stm32g4xx_hal_cortex.o(i.__NVIC_SetPriority)
    __NVIC_SetPriority                       0x08004cd9   Thumb Code    32  stm32g4xx_hal_cortex.o(i.__NVIC_SetPriority)
    i.__hardfp_fmodf                         0x08004d00   Section        0  fmodf.o(i.__hardfp_fmodf)
    i.__mathlib_flt_invalid                  0x08004db0   Section        0  funder.o(i.__mathlib_flt_invalid)
    i.__scatterload_copy                     0x08004dc0   Section       14  handlers.o(i.__scatterload_copy)
    i.__scatterload_null                     0x08004dce   Section        2  handlers.o(i.__scatterload_null)
    i.__scatterload_zeroinit                 0x08004dd0   Section       14  handlers.o(i.__scatterload_zeroinit)
    i.__set_errno                            0x08004de0   Section        0  errno.o(i.__set_errno)
    i._fp_digits                             0x08004dec   Section        0  printfa.o(i._fp_digits)
    _fp_digits                               0x08004ded   Thumb Code   366  printfa.o(i._fp_digits)
    i._printf_core                           0x08004f70   Section        0  printfa.o(i._printf_core)
    _printf_core                             0x08004f71   Thumb Code  1704  printfa.o(i._printf_core)
    i._printf_post_padding                   0x08005624   Section        0  printfa.o(i._printf_post_padding)
    _printf_post_padding                     0x08005625   Thumb Code    36  printfa.o(i._printf_post_padding)
    i._printf_pre_padding                    0x08005648   Section        0  printfa.o(i._printf_pre_padding)
    _printf_pre_padding                      0x08005649   Thumb Code    46  printfa.o(i._printf_pre_padding)
    i.as5600ReadDMA                          0x08005678   Section        0  as5600.o(i.as5600ReadDMA)
    i.as5600ReadRawAngleBlocking             0x080056b8   Section        0  as5600.o(i.as5600ReadRawAngleBlocking)
    i.as5600SetZeroPosition                  0x080056f0   Section        0  as5600.o(i.as5600SetZeroPosition)
    i.fputc                                  0x080057a8   Section        0  usart.o(i.fputc)
    i.getAngle                               0x080057c4   Section        0  as5600.o(i.getAngle)
    i.getAngleWithoutTrack                   0x08005848   Section        0  as5600.o(i.getAngleWithoutTrack)
    i.main                                   0x080058cc   Section        0  main.o(i.main)
    .constdata                               0x08005ab4   Section       24  stm32g4xx_hal_uart.o(.constdata)
    .constdata                               0x08005acc   Section       16  stm32g4xx_hal_uart_ex.o(.constdata)
    numerator                                0x08005acc   Data           8  stm32g4xx_hal_uart_ex.o(.constdata)
    denominator                              0x08005ad4   Data           8  stm32g4xx_hal_uart_ex.o(.constdata)
    .constdata                               0x08005adc   Section       24  system_stm32g4xx.o(.constdata)
    .constdata                               0x08005af4   Section    14620  lcd.o(.constdata)
    .conststring                             0x08009410   Section       69  main.o(.conststring)
    .data                                    0x20000000   Section       12  stm32g4xx_hal.o(.data)
    .data                                    0x2000000c   Section        4  system_stm32g4xx.o(.data)
    .data                                    0x20000010   Section       24  as5600.o(.data)
    anglePrev                                0x20000010   Data           4  as5600.o(.data)
    zeroOffset                               0x20000018   Data           4  as5600.o(.data)
    .data                                    0x20000028   Section        4  stdout.o(.data)
    .data                                    0x2000002c   Section        4  errno.o(.data)
    _errno                                   0x2000002c   Data           4  errno.o(.data)
    .bss                                     0x20000030   Section      276  i2c.o(.bss)
    .bss                                     0x20000144   Section      100  spi.o(.bss)
    .bss                                     0x200001a8   Section      148  usart.o(.bss)
    STACK                                    0x20000240   Section     1024  startup_stm32g431xx.o(STACK)

    Global Symbols

    Symbol Name                              Value     Ov Type        Size  Object(Section)

    BuildAttributes$$THM_ISAv4$E$P$D$K$B$S$7EM$VFPi3$EXTD16$VFPS$VFMA$PE$A:L22UL41UL21$X:L11$S22US41US21$IEEE1$IW$USESV6$~STKCKD$USESV7$~SHL$OTIME$ROPI$IEEEX$EBA8$MICROLIB$REQ8$PRES8$EABIv2 0x00000000   Number         0  anon$$obj.o ABSOLUTE
    __ARM_use_no_argv                        0x00000000   Number         0  main.o ABSOLUTE
    _printf_a                                0x00000000   Number         0  stubs.o ABSOLUTE
    _printf_c                                0x00000000   Number         0  stubs.o ABSOLUTE
    _printf_charcount                        0x00000000   Number         0  stubs.o ABSOLUTE
    _printf_d                                0x00000000   Number         0  stubs.o ABSOLUTE
    _printf_e                                0x00000000   Number         0  stubs.o ABSOLUTE
    _printf_f                                0x00000000   Number         0  stubs.o ABSOLUTE
    _printf_flags                            0x00000000   Number         0  stubs.o ABSOLUTE
    _printf_fp_dec                           0x00000000   Number         0  stubs.o ABSOLUTE
    _printf_fp_hex                           0x00000000   Number         0  stubs.o ABSOLUTE
    _printf_g                                0x00000000   Number         0  stubs.o ABSOLUTE
    _printf_i                                0x00000000   Number         0  stubs.o ABSOLUTE
    _printf_int_dec                          0x00000000   Number         0  stubs.o ABSOLUTE
    _printf_l                                0x00000000   Number         0  stubs.o ABSOLUTE
    _printf_lc                               0x00000000   Number         0  stubs.o ABSOLUTE
    _printf_ll                               0x00000000   Number         0  stubs.o ABSOLUTE
    _printf_lld                              0x00000000   Number         0  stubs.o ABSOLUTE
    _printf_lli                              0x00000000   Number         0  stubs.o ABSOLUTE
    _printf_llo                              0x00000000   Number         0  stubs.o ABSOLUTE
    _printf_llu                              0x00000000   Number         0  stubs.o ABSOLUTE
    _printf_llx                              0x00000000   Number         0  stubs.o ABSOLUTE
    _printf_longlong_dec                     0x00000000   Number         0  stubs.o ABSOLUTE
    _printf_longlong_hex                     0x00000000   Number         0  stubs.o ABSOLUTE
    _printf_longlong_oct                     0x00000000   Number         0  stubs.o ABSOLUTE
    _printf_ls                               0x00000000   Number         0  stubs.o ABSOLUTE
    _printf_mbtowc                           0x00000000   Number         0  stubs.o ABSOLUTE
    _printf_n                                0x00000000   Number         0  stubs.o ABSOLUTE
    _printf_o                                0x00000000   Number         0  stubs.o ABSOLUTE
    _printf_p                                0x00000000   Number         0  stubs.o ABSOLUTE
    _printf_percent                          0x00000000   Number         0  stubs.o ABSOLUTE
    _printf_pre_padding                      0x00000000   Number         0  stubs.o ABSOLUTE
    _printf_return_value                     0x00000000   Number         0  stubs.o ABSOLUTE
    _printf_s                                0x00000000   Number         0  stubs.o ABSOLUTE
    _printf_sizespec                         0x00000000   Number         0  stubs.o ABSOLUTE
    _printf_str                              0x00000000   Number         0  stubs.o ABSOLUTE
    _printf_truncate_signed                  0x00000000   Number         0  stubs.o ABSOLUTE
    _printf_truncate_unsigned                0x00000000   Number         0  stubs.o ABSOLUTE
    _printf_u                                0x00000000   Number         0  stubs.o ABSOLUTE
    _printf_wc                               0x00000000   Number         0  stubs.o ABSOLUTE
    _printf_wctomb                           0x00000000   Number         0  stubs.o ABSOLUTE
    _printf_widthprec                        0x00000000   Number         0  stubs.o ABSOLUTE
    _printf_x                                0x00000000   Number         0  stubs.o ABSOLUTE
    __arm_fini_                               - Undefined Weak Reference
    __cpp_initialize__aeabi_                  - Undefined Weak Reference
    __cxa_finalize                            - Undefined Weak Reference
    __decompress                              - Undefined Weak Reference
    _clock_init                               - Undefined Weak Reference
    _microlib_exit                            - Undefined Weak Reference
    __Vectors_Size                           0x000001d8   Number         0  startup_stm32g431xx.o ABSOLUTE
    __Vectors                                0x08000000   Data           4  startup_stm32g431xx.o(RESET)
    __Vectors_End                            0x080001d8   Data           0  startup_stm32g431xx.o(RESET)
    __main                                   0x080001d9   Thumb Code     0  entry.o(.ARM.Collect$$$$00000000)
    _main_stk                                0x080001d9   Thumb Code     0  entry2.o(.ARM.Collect$$$$00000001)
    _main_scatterload                        0x080001dd   Thumb Code     0  entry5.o(.ARM.Collect$$$$00000004)
    __main_after_scatterload                 0x080001e1   Thumb Code     0  entry5.o(.ARM.Collect$$$$00000004)
    _main_clock                              0x080001e1   Thumb Code     0  entry7b.o(.ARM.Collect$$$$00000008)
    _main_cpp_init                           0x080001e1   Thumb Code     0  entry8b.o(.ARM.Collect$$$$0000000A)
    _main_init                               0x080001e1   Thumb Code     0  entry9a.o(.ARM.Collect$$$$0000000B)
    __rt_lib_shutdown_fini                   0x080001e9   Thumb Code     0  entry12b.o(.ARM.Collect$$$$0000000E)
    __rt_final_cpp                           0x080001ed   Thumb Code     0  entry10a.o(.ARM.Collect$$$$0000000F)
    __rt_final_exit                          0x080001ed   Thumb Code     0  entry11a.o(.ARM.Collect$$$$00000011)
    Reset_Handler                            0x080001f1   Thumb Code     8  startup_stm32g431xx.o(.text)
    ADC1_2_IRQHandler                        0x0800020b   Thumb Code     0  startup_stm32g431xx.o(.text)
    COMP1_2_3_IRQHandler                     0x0800020b   Thumb Code     0  startup_stm32g431xx.o(.text)
    COMP4_IRQHandler                         0x0800020b   Thumb Code     0  startup_stm32g431xx.o(.text)
    CORDIC_IRQHandler                        0x0800020b   Thumb Code     0  startup_stm32g431xx.o(.text)
    CRS_IRQHandler                           0x0800020b   Thumb Code     0  startup_stm32g431xx.o(.text)
    DMA1_Channel3_IRQHandler                 0x0800020b   Thumb Code     0  startup_stm32g431xx.o(.text)
    DMA1_Channel4_IRQHandler                 0x0800020b   Thumb Code     0  startup_stm32g431xx.o(.text)
    DMA1_Channel5_IRQHandler                 0x0800020b   Thumb Code     0  startup_stm32g431xx.o(.text)
    DMA1_Channel6_IRQHandler                 0x0800020b   Thumb Code     0  startup_stm32g431xx.o(.text)
    DMA2_Channel1_IRQHandler                 0x0800020b   Thumb Code     0  startup_stm32g431xx.o(.text)
    DMA2_Channel2_IRQHandler                 0x0800020b   Thumb Code     0  startup_stm32g431xx.o(.text)
    DMA2_Channel3_IRQHandler                 0x0800020b   Thumb Code     0  startup_stm32g431xx.o(.text)
    DMA2_Channel4_IRQHandler                 0x0800020b   Thumb Code     0  startup_stm32g431xx.o(.text)
    DMA2_Channel5_IRQHandler                 0x0800020b   Thumb Code     0  startup_stm32g431xx.o(.text)
    DMA2_Channel6_IRQHandler                 0x0800020b   Thumb Code     0  startup_stm32g431xx.o(.text)
    DMAMUX_OVR_IRQHandler                    0x0800020b   Thumb Code     0  startup_stm32g431xx.o(.text)
    EXTI0_IRQHandler                         0x0800020b   Thumb Code     0  startup_stm32g431xx.o(.text)
    EXTI15_10_IRQHandler                     0x0800020b   Thumb Code     0  startup_stm32g431xx.o(.text)
    EXTI1_IRQHandler                         0x0800020b   Thumb Code     0  startup_stm32g431xx.o(.text)
    EXTI2_IRQHandler                         0x0800020b   Thumb Code     0  startup_stm32g431xx.o(.text)
    EXTI3_IRQHandler                         0x0800020b   Thumb Code     0  startup_stm32g431xx.o(.text)
    EXTI4_IRQHandler                         0x0800020b   Thumb Code     0  startup_stm32g431xx.o(.text)
    EXTI9_5_IRQHandler                       0x0800020b   Thumb Code     0  startup_stm32g431xx.o(.text)
    FDCAN1_IT0_IRQHandler                    0x0800020b   Thumb Code     0  startup_stm32g431xx.o(.text)
    FDCAN1_IT1_IRQHandler                    0x0800020b   Thumb Code     0  startup_stm32g431xx.o(.text)
    FLASH_IRQHandler                         0x0800020b   Thumb Code     0  startup_stm32g431xx.o(.text)
    FMAC_IRQHandler                          0x0800020b   Thumb Code     0  startup_stm32g431xx.o(.text)
    FPU_IRQHandler                           0x0800020b   Thumb Code     0  startup_stm32g431xx.o(.text)
    I2C2_ER_IRQHandler                       0x0800020b   Thumb Code     0  startup_stm32g431xx.o(.text)
    I2C2_EV_IRQHandler                       0x0800020b   Thumb Code     0  startup_stm32g431xx.o(.text)
    I2C3_ER_IRQHandler                       0x0800020b   Thumb Code     0  startup_stm32g431xx.o(.text)
    I2C3_EV_IRQHandler                       0x0800020b   Thumb Code     0  startup_stm32g431xx.o(.text)
    LPTIM1_IRQHandler                        0x0800020b   Thumb Code     0  startup_stm32g431xx.o(.text)
    LPUART1_IRQHandler                       0x0800020b   Thumb Code     0  startup_stm32g431xx.o(.text)
    PVD_PVM_IRQHandler                       0x0800020b   Thumb Code     0  startup_stm32g431xx.o(.text)
    RCC_IRQHandler                           0x0800020b   Thumb Code     0  startup_stm32g431xx.o(.text)
    RNG_IRQHandler                           0x0800020b   Thumb Code     0  startup_stm32g431xx.o(.text)
    RTC_Alarm_IRQHandler                     0x0800020b   Thumb Code     0  startup_stm32g431xx.o(.text)
    RTC_TAMP_LSECSS_IRQHandler               0x0800020b   Thumb Code     0  startup_stm32g431xx.o(.text)
    RTC_WKUP_IRQHandler                      0x0800020b   Thumb Code     0  startup_stm32g431xx.o(.text)
    SAI1_IRQHandler                          0x0800020b   Thumb Code     0  startup_stm32g431xx.o(.text)
    SPI1_IRQHandler                          0x0800020b   Thumb Code     0  startup_stm32g431xx.o(.text)
    SPI2_IRQHandler                          0x0800020b   Thumb Code     0  startup_stm32g431xx.o(.text)
    SPI3_IRQHandler                          0x0800020b   Thumb Code     0  startup_stm32g431xx.o(.text)
    TIM1_BRK_TIM15_IRQHandler                0x0800020b   Thumb Code     0  startup_stm32g431xx.o(.text)
    TIM1_CC_IRQHandler                       0x0800020b   Thumb Code     0  startup_stm32g431xx.o(.text)
    TIM1_TRG_COM_TIM17_IRQHandler            0x0800020b   Thumb Code     0  startup_stm32g431xx.o(.text)
    TIM1_UP_TIM16_IRQHandler                 0x0800020b   Thumb Code     0  startup_stm32g431xx.o(.text)
    TIM2_IRQHandler                          0x0800020b   Thumb Code     0  startup_stm32g431xx.o(.text)
    TIM3_IRQHandler                          0x0800020b   Thumb Code     0  startup_stm32g431xx.o(.text)
    TIM4_IRQHandler                          0x0800020b   Thumb Code     0  startup_stm32g431xx.o(.text)
    TIM6_DAC_IRQHandler                      0x0800020b   Thumb Code     0  startup_stm32g431xx.o(.text)
    TIM7_IRQHandler                          0x0800020b   Thumb Code     0  startup_stm32g431xx.o(.text)
    TIM8_BRK_IRQHandler                      0x0800020b   Thumb Code     0  startup_stm32g431xx.o(.text)
    TIM8_CC_IRQHandler                       0x0800020b   Thumb Code     0  startup_stm32g431xx.o(.text)
    TIM8_TRG_COM_IRQHandler                  0x0800020b   Thumb Code     0  startup_stm32g431xx.o(.text)
    TIM8_UP_IRQHandler                       0x0800020b   Thumb Code     0  startup_stm32g431xx.o(.text)
    UART4_IRQHandler                         0x0800020b   Thumb Code     0  startup_stm32g431xx.o(.text)
    UCPD1_IRQHandler                         0x0800020b   Thumb Code     0  startup_stm32g431xx.o(.text)
    USART1_IRQHandler                        0x0800020b   Thumb Code     0  startup_stm32g431xx.o(.text)
    USART2_IRQHandler                        0x0800020b   Thumb Code     0  startup_stm32g431xx.o(.text)
    USART3_IRQHandler                        0x0800020b   Thumb Code     0  startup_stm32g431xx.o(.text)
    USBWakeUp_IRQHandler                     0x0800020b   Thumb Code     0  startup_stm32g431xx.o(.text)
    USB_HP_IRQHandler                        0x0800020b   Thumb Code     0  startup_stm32g431xx.o(.text)
    USB_LP_IRQHandler                        0x0800020b   Thumb Code     0  startup_stm32g431xx.o(.text)
    WWDG_IRQHandler                          0x0800020b   Thumb Code     0  startup_stm32g431xx.o(.text)
    __aeabi_uldivmod                         0x08000215   Thumb Code    98  uldiv.o(.text)
    __aeabi_memset                           0x08000277   Thumb Code    14  memseta.o(.text)
    __aeabi_memset4                          0x08000277   Thumb Code     0  memseta.o(.text)
    __aeabi_memset8                          0x08000277   Thumb Code     0  memseta.o(.text)
    __aeabi_memclr                           0x08000285   Thumb Code     4  memseta.o(.text)
    __aeabi_memclr4                          0x08000285   Thumb Code     0  memseta.o(.text)
    __aeabi_memclr8                          0x08000285   Thumb Code     0  memseta.o(.text)
    _memset$wrapper                          0x08000289   Thumb Code    18  memseta.o(.text)
    __aeabi_f2d                              0x0800029b   Thumb Code    38  f2d.o(.text)
    __aeabi_uidiv                            0x080002c1   Thumb Code     0  uidiv.o(.text)
    __aeabi_uidivmod                         0x080002c1   Thumb Code    44  uidiv.o(.text)
    __aeabi_llsl                             0x080002ed   Thumb Code    30  llshl.o(.text)
    _ll_shift_l                              0x080002ed   Thumb Code     0  llshl.o(.text)
    __aeabi_llsr                             0x0800030b   Thumb Code    32  llushr.o(.text)
    _ll_ushift_r                             0x0800030b   Thumb Code     0  llushr.o(.text)
    __I$use$fp                               0x0800032b   Thumb Code     0  iusefp.o(.text)
    _frem                                    0x0800032b   Thumb Code    82  frem.o(.text)
    __aeabi_dadd                             0x0800037d   Thumb Code   322  dadd.o(.text)
    __aeabi_dsub                             0x080004bf   Thumb Code     6  dadd.o(.text)
    __aeabi_drsub                            0x080004c5   Thumb Code     6  dadd.o(.text)
    __aeabi_dmul                             0x080004cb   Thumb Code   228  dmul.o(.text)
    __aeabi_ddiv                             0x080005af   Thumb Code   222  ddiv.o(.text)
    __aeabi_d2ulz                            0x0800068d   Thumb Code    48  dfixul.o(.text)
    __aeabi_cdrcmple                         0x080006bd   Thumb Code    48  cdrcmple.o(.text)
    __scatterload                            0x080006ed   Thumb Code    28  init.o(.text)
    __scatterload_rt2                        0x080006ed   Thumb Code     0  init.o(.text)
    __aeabi_lasr                             0x08000711   Thumb Code    36  llsshr.o(.text)
    _ll_sshift_r                             0x08000711   Thumb Code     0  llsshr.o(.text)
    _float_round                             0x08000735   Thumb Code    18  fepilogue.o(.text)
    _float_epilogue                          0x08000747   Thumb Code    92  fepilogue.o(.text)
    _double_round                            0x080007a3   Thumb Code    30  depilogue.o(.text)
    _double_epilogue                         0x080007c1   Thumb Code   156  depilogue.o(.text)
    BusFault_Handler                         0x0800085d   Thumb Code     4  stm32g4xx_it.o(i.BusFault_Handler)
    DMA1_Channel1_IRQHandler                 0x08000861   Thumb Code    10  stm32g4xx_it.o(i.DMA1_Channel1_IRQHandler)
    DMA1_Channel2_IRQHandler                 0x08000871   Thumb Code    10  stm32g4xx_it.o(i.DMA1_Channel2_IRQHandler)
    DebugMon_Handler                         0x08000929   Thumb Code     2  stm32g4xx_it.o(i.DebugMon_Handler)
    Error_Handler                            0x0800092b   Thumb Code     6  main.o(i.Error_Handler)
    HAL_DMA_Abort_IT                         0x08000931   Thumb Code   148  stm32g4xx_hal_dma.o(i.HAL_DMA_Abort_IT)
    HAL_DMA_GetState                         0x080009c5   Thumb Code     8  stm32g4xx_hal_dma.o(i.HAL_DMA_GetState)
    HAL_DMA_IRQHandler                       0x080009cd   Thumb Code   254  stm32g4xx_hal_dma.o(i.HAL_DMA_IRQHandler)
    HAL_DMA_Init                             0x08000acd   Thumb Code   200  stm32g4xx_hal_dma.o(i.HAL_DMA_Init)
    HAL_DMA_Start_IT                         0x08000b9d   Thumb Code   194  stm32g4xx_hal_dma.o(i.HAL_DMA_Start_IT)
    HAL_Delay                                0x08000c61   Thumb Code    36  stm32g4xx_hal.o(i.HAL_Delay)
    HAL_GPIO_Init                            0x08000c89   Thumb Code   428  stm32g4xx_hal_gpio.o(i.HAL_GPIO_Init)
    HAL_GPIO_WritePin                        0x08000e55   Thumb Code    10  stm32g4xx_hal_gpio.o(i.HAL_GPIO_WritePin)
    HAL_GetTick                              0x08000e61   Thumb Code     6  stm32g4xx_hal.o(i.HAL_GetTick)
    HAL_I2CEx_ConfigAnalogFilter             0x08000e6d   Thumb Code   106  stm32g4xx_hal_i2c_ex.o(i.HAL_I2CEx_ConfigAnalogFilter)
    HAL_I2CEx_ConfigDigitalFilter            0x08000ed7   Thumb Code   104  stm32g4xx_hal_i2c_ex.o(i.HAL_I2CEx_ConfigDigitalFilter)
    HAL_I2C_AbortCpltCallback                0x08000f3f   Thumb Code     2  stm32g4xx_hal_i2c.o(i.HAL_I2C_AbortCpltCallback)
    HAL_I2C_AddrCallback                     0x08000f41   Thumb Code     2  stm32g4xx_hal_i2c.o(i.HAL_I2C_AddrCallback)
    HAL_I2C_ER_IRQHandler                    0x08000f43   Thumb Code   118  stm32g4xx_hal_i2c.o(i.HAL_I2C_ER_IRQHandler)
    HAL_I2C_EV_IRQHandler                    0x08000fb9   Thumb Code    28  stm32g4xx_hal_i2c.o(i.HAL_I2C_EV_IRQHandler)
    HAL_I2C_ErrorCallback                    0x08000fd5   Thumb Code     2  stm32g4xx_hal_i2c.o(i.HAL_I2C_ErrorCallback)
    HAL_I2C_Init                             0x08000fd9   Thumb Code   212  stm32g4xx_hal_i2c.o(i.HAL_I2C_Init)
    HAL_I2C_ListenCpltCallback               0x080010b1   Thumb Code     2  stm32g4xx_hal_i2c.o(i.HAL_I2C_ListenCpltCallback)
    HAL_I2C_MasterRxCpltCallback             0x080010b3   Thumb Code     2  stm32g4xx_hal_i2c.o(i.HAL_I2C_MasterRxCpltCallback)
    HAL_I2C_MasterTxCpltCallback             0x080010b5   Thumb Code     2  stm32g4xx_hal_i2c.o(i.HAL_I2C_MasterTxCpltCallback)
    HAL_I2C_MemRxCpltCallback                0x080010b9   Thumb Code    44  as5600.o(i.HAL_I2C_MemRxCpltCallback)
    HAL_I2C_MemTxCpltCallback                0x080010f5   Thumb Code     2  stm32g4xx_hal_i2c.o(i.HAL_I2C_MemTxCpltCallback)
    HAL_I2C_Mem_Read                         0x080010f9   Thumb Code   408  stm32g4xx_hal_i2c.o(i.HAL_I2C_Mem_Read)
    HAL_I2C_Mem_Read_DMA                     0x08001299   Thumb Code   326  stm32g4xx_hal_i2c.o(i.HAL_I2C_Mem_Read_DMA)
    HAL_I2C_MspInit                          0x080013f5   Thumb Code   336  i2c.o(i.HAL_I2C_MspInit)
    HAL_I2C_SlaveRxCpltCallback              0x0800155d   Thumb Code     2  stm32g4xx_hal_i2c.o(i.HAL_I2C_SlaveRxCpltCallback)
    HAL_I2C_SlaveTxCpltCallback              0x0800155f   Thumb Code     2  stm32g4xx_hal_i2c.o(i.HAL_I2C_SlaveTxCpltCallback)
    HAL_IncTick                              0x08001561   Thumb Code    16  stm32g4xx_hal.o(i.HAL_IncTick)
    HAL_Init                                 0x08001579   Thumb Code    30  stm32g4xx_hal.o(i.HAL_Init)
    HAL_InitTick                             0x08001599   Thumb Code    74  stm32g4xx_hal.o(i.HAL_InitTick)
    HAL_MspInit                              0x080015f1   Thumb Code    68  stm32g4xx_hal_msp.o(i.HAL_MspInit)
    HAL_NVIC_EnableIRQ                       0x08001639   Thumb Code    40  stm32g4xx_hal_cortex.o(i.HAL_NVIC_EnableIRQ)
    HAL_NVIC_SetPriority                     0x08001661   Thumb Code   122  stm32g4xx_hal_cortex.o(i.HAL_NVIC_SetPriority)
    HAL_NVIC_SetPriorityGrouping             0x080016dd   Thumb Code    32  stm32g4xx_hal_cortex.o(i.HAL_NVIC_SetPriorityGrouping)
    HAL_PWREx_ControlVoltageScaling          0x08001705   Thumb Code   268  stm32g4xx_hal_pwr_ex.o(i.HAL_PWREx_ControlVoltageScaling)
    HAL_PWREx_DisableUCPDDeadBattery         0x0800181d   Thumb Code    14  stm32g4xx_hal_pwr_ex.o(i.HAL_PWREx_DisableUCPDDeadBattery)
    HAL_RCCEx_PeriphCLKConfig                0x08001831   Thumb Code   872  stm32g4xx_hal_rcc_ex.o(i.HAL_RCCEx_PeriphCLKConfig)
    HAL_RCC_ClockConfig                      0x08001ba1   Thumb Code   522  stm32g4xx_hal_rcc.o(i.HAL_RCC_ClockConfig)
    HAL_RCC_GetHCLKFreq                      0x08001dc5   Thumb Code     6  stm32g4xx_hal_rcc.o(i.HAL_RCC_GetHCLKFreq)
    HAL_RCC_GetPCLK1Freq                     0x08001dd1   Thumb Code    26  stm32g4xx_hal_rcc.o(i.HAL_RCC_GetPCLK1Freq)
    HAL_RCC_GetPCLK2Freq                     0x08001df5   Thumb Code    26  stm32g4xx_hal_rcc.o(i.HAL_RCC_GetPCLK2Freq)
    HAL_RCC_GetSysClockFreq                  0x08001e19   Thumb Code   138  stm32g4xx_hal_rcc.o(i.HAL_RCC_GetSysClockFreq)
    HAL_RCC_OscConfig                        0x08001eb1   Thumb Code  1360  stm32g4xx_hal_rcc.o(i.HAL_RCC_OscConfig)
    HAL_SPI_Init                             0x0800240d   Thumb Code   252  stm32g4xx_hal_spi.o(i.HAL_SPI_Init)
    HAL_SPI_MspInit                          0x08002509   Thumb Code   108  spi.o(i.HAL_SPI_MspInit)
    HAL_SPI_Transmit                         0x0800257d   Thumb Code   506  stm32g4xx_hal_spi.o(i.HAL_SPI_Transmit)
    HAL_SYSTICK_Config                       0x08002777   Thumb Code    52  stm32g4xx_hal_cortex.o(i.HAL_SYSTICK_Config)
    HAL_UARTEx_DisableFifoMode               0x080027ab   Thumb Code    78  stm32g4xx_hal_uart_ex.o(i.HAL_UARTEx_DisableFifoMode)
    HAL_UARTEx_SetRxFifoThreshold            0x080027f9   Thumb Code    94  stm32g4xx_hal_uart_ex.o(i.HAL_UARTEx_SetRxFifoThreshold)
    HAL_UARTEx_SetTxFifoThreshold            0x08002857   Thumb Code    94  stm32g4xx_hal_uart_ex.o(i.HAL_UARTEx_SetTxFifoThreshold)
    HAL_UART_Init                            0x080028b5   Thumb Code   120  stm32g4xx_hal_uart.o(i.HAL_UART_Init)
    HAL_UART_MspInit                         0x0800292d   Thumb Code   140  usart.o(i.HAL_UART_MspInit)
    HAL_UART_Transmit                        0x080029c1   Thumb Code   194  stm32g4xx_hal_uart.o(i.HAL_UART_Transmit)
    HardFault_Handler                        0x08002a83   Thumb Code     4  stm32g4xx_it.o(i.HardFault_Handler)
    I2C1_ER_IRQHandler                       0x08002a89   Thumb Code    10  stm32g4xx_it.o(i.I2C1_ER_IRQHandler)
    I2C1_EV_IRQHandler                       0x08002a99   Thumb Code    10  stm32g4xx_it.o(i.I2C1_EV_IRQHandler)
    LCD_Address_Set                          0x08003c29   Thumb Code    58  lcd.o(i.LCD_Address_Set)
    LCD_DrawPoint                            0x08003c63   Thumb Code    28  lcd.o(i.LCD_DrawPoint)
    LCD_Fill                                 0x08003c7f   Thumb Code    74  lcd.o(i.LCD_Fill)
    LCD_Init                                 0x08003cc9   Thumb Code   436  lcd.o(i.LCD_Init)
    LCD_ShowChar                             0x08003e7d   Thumb Code   328  lcd.o(i.LCD_ShowChar)
    LCD_ShowString                           0x08003fd5   Thumb Code    66  lcd.o(i.LCD_ShowString)
    LCD_WR_DATA                              0x08004019   Thumb Code    32  lcd.o(i.LCD_WR_DATA)
    LCD_WR_DATA8                             0x0800403d   Thumb Code    18  lcd.o(i.LCD_WR_DATA8)
    LCD_WR_REG                               0x08004055   Thumb Code    50  lcd.o(i.LCD_WR_REG)
    MX_DMA_Init                              0x0800408d   Thumb Code    90  dma.o(i.MX_DMA_Init)
    MX_GPIO_Init                             0x080040ed   Thumb Code   132  gpio.o(i.MX_GPIO_Init)
    MX_I2C1_Init                             0x08004175   Thumb Code    74  i2c.o(i.MX_I2C1_Init)
    MX_SPI1_Init                             0x080041cd   Thumb Code    92  spi.o(i.MX_SPI1_Init)
    MX_USART1_UART_Init                      0x08004231   Thumb Code    98  usart.o(i.MX_USART1_UART_Init)
    MemManage_Handler                        0x0800429d   Thumb Code     4  stm32g4xx_it.o(i.MemManage_Handler)
    NMI_Handler                              0x080042a1   Thumb Code     4  stm32g4xx_it.o(i.NMI_Handler)
    PendSV_Handler                           0x080042a5   Thumb Code     2  stm32g4xx_it.o(i.PendSV_Handler)
    SVC_Handler                              0x08004545   Thumb Code     2  stm32g4xx_it.o(i.SVC_Handler)
    SysTick_Handler                          0x08004547   Thumb Code     8  stm32g4xx_it.o(i.SysTick_Handler)
    SystemClock_Config                       0x0800454f   Thumb Code   104  main.o(i.SystemClock_Config)
    SystemInit                               0x080045b9   Thumb Code    14  system_stm32g4xx.o(i.SystemInit)
    UART_AdvFeatureConfig                    0x08004625   Thumb Code   248  stm32g4xx_hal_uart.o(i.UART_AdvFeatureConfig)
    UART_CheckIdleState                      0x0800471d   Thumb Code   234  stm32g4xx_hal_uart.o(i.UART_CheckIdleState)
    UART_SetConfig                           0x08004875   Thumb Code   858  stm32g4xx_hal_uart.o(i.UART_SetConfig)
    UART_WaitOnFlagUntilTimeout              0x08004bf9   Thumb Code   172  stm32g4xx_hal_uart.o(i.UART_WaitOnFlagUntilTimeout)
    UsageFault_Handler                       0x08004ca5   Thumb Code     4  stm32g4xx_it.o(i.UsageFault_Handler)
    __0printf                                0x08004ca9   Thumb Code    22  printfa.o(i.__0printf)
    __1printf                                0x08004ca9   Thumb Code     0  printfa.o(i.__0printf)
    __2printf                                0x08004ca9   Thumb Code     0  printfa.o(i.__0printf)
    __c89printf                              0x08004ca9   Thumb Code     0  printfa.o(i.__0printf)
    printf                                   0x08004ca9   Thumb Code     0  printfa.o(i.__0printf)
    __hardfp_fmodf                           0x08004d01   Thumb Code   176  fmodf.o(i.__hardfp_fmodf)
    __mathlib_flt_invalid                    0x08004db1   Thumb Code    10  funder.o(i.__mathlib_flt_invalid)
    __scatterload_copy                       0x08004dc1   Thumb Code    14  handlers.o(i.__scatterload_copy)
    __scatterload_null                       0x08004dcf   Thumb Code     2  handlers.o(i.__scatterload_null)
    __scatterload_zeroinit                   0x08004dd1   Thumb Code    14  handlers.o(i.__scatterload_zeroinit)
    __set_errno                              0x08004de1   Thumb Code     6  errno.o(i.__set_errno)
    as5600ReadDMA                            0x08005679   Thumb Code    34  as5600.o(i.as5600ReadDMA)
    as5600ReadRawAngleBlocking               0x080056b9   Thumb Code    52  as5600.o(i.as5600ReadRawAngleBlocking)
    as5600SetZeroPosition                    0x080056f1   Thumb Code   102  as5600.o(i.as5600SetZeroPosition)
    fputc                                    0x080057a9   Thumb Code    22  usart.o(i.fputc)
    getAngle                                 0x080057c5   Thumb Code   116  as5600.o(i.getAngle)
    getAngleWithoutTrack                     0x08005849   Thumb Code   114  as5600.o(i.getAngleWithoutTrack)
    main                                     0x080058cd   Thumb Code   272  main.o(i.main)
    UARTPrescTable                           0x08005ab4   Data          24  stm32g4xx_hal_uart.o(.constdata)
    AHBPrescTable                            0x08005adc   Data          16  system_stm32g4xx.o(.constdata)
    APBPrescTable                            0x08005aec   Data           8  system_stm32g4xx.o(.constdata)
    ascii_1206                               0x08005af4   Data        1140  lcd.o(.constdata)
    ascii_1608                               0x08005f68   Data        1520  lcd.o(.constdata)
    ascii_2412                               0x08006558   Data        4560  lcd.o(.constdata)
    ascii_3216                               0x08007728   Data        6080  lcd.o(.constdata)
    tfont12                                  0x08008ee8   Data         130  lcd.o(.constdata)
    tfont16                                  0x08008f6a   Data         170  lcd.o(.constdata)
    tfont24                                  0x08009014   Data         370  lcd.o(.constdata)
    tfont32                                  0x08009186   Data         650  lcd.o(.constdata)
    Region$$Table$$Base                      0x08009458   Number         0  anon$$obj.o(Region$$Table)
    Region$$Table$$Limit                     0x08009478   Number         0  anon$$obj.o(Region$$Table)
    uwTick                                   0x20000000   Data           4  stm32g4xx_hal.o(.data)
    uwTickPrio                               0x20000004   Data           4  stm32g4xx_hal.o(.data)
    uwTickFreq                               0x20000008   Data           4  stm32g4xx_hal.o(.data)
    SystemCoreClock                          0x2000000c   Data           4  system_stm32g4xx.o(.data)
    fullRotations                            0x20000014   Data           4  as5600.o(.data)
    data                                     0x2000001c   Data           2  as5600.o(.data)
    angleWithoutCircle                       0x20000020   Data           4  as5600.o(.data)
    angleWithCircle                          0x20000024   Data           4  as5600.o(.data)
    __stdout                                 0x20000028   Data           4  stdout.o(.data)
    hi2c1                                    0x20000030   Data          84  i2c.o(.bss)
    hdma_i2c1_tx                             0x20000084   Data          96  i2c.o(.bss)
    hdma_i2c1_rx                             0x200000e4   Data          96  i2c.o(.bss)
    hspi1                                    0x20000144   Data         100  spi.o(.bss)
    huart1                                   0x200001a8   Data         148  usart.o(.bss)
    __initial_sp                             0x20000640   Data           0  startup_stm32g431xx.o(STACK)



==============================================================================

Memory Map of the image

  Image Entry point : 0x080001d9

  Load Region LR_IROM1 (Base: 0x08000000, Size: 0x000094a8, Max: 0x00020000, ABSOLUTE)

    Execution Region ER_IROM1 (Exec base: 0x08000000, Load base: 0x08000000, Size: 0x00009478, Max: 0x00020000, ABSOLUTE)

    Exec Addr    Load Addr    Size         Type   Attr      Idx    E Section Name        Object

    0x08000000   0x08000000   0x000001d8   Data   RO            3    RESET               startup_stm32g431xx.o
    0x080001d8   0x080001d8   0x00000000   Code   RO         3776  * .ARM.Collect$$$$00000000  mc_w.l(entry.o)
    0x080001d8   0x080001d8   0x00000004   Code   RO         4060    .ARM.Collect$$$$00000001  mc_w.l(entry2.o)
    0x080001dc   0x080001dc   0x00000004   Code   RO         4063    .ARM.Collect$$$$00000004  mc_w.l(entry5.o)
    0x080001e0   0x080001e0   0x00000000   Code   RO         4065    .ARM.Collect$$$$00000008  mc_w.l(entry7b.o)
    0x080001e0   0x080001e0   0x00000000   Code   RO         4067    .ARM.Collect$$$$0000000A  mc_w.l(entry8b.o)
    0x080001e0   0x080001e0   0x00000008   Code   RO         4068    .ARM.Collect$$$$0000000B  mc_w.l(entry9a.o)
    0x080001e8   0x080001e8   0x00000004   Code   RO         4075    .ARM.Collect$$$$0000000E  mc_w.l(entry12b.o)
    0x080001ec   0x080001ec   0x00000000   Code   RO         4070    .ARM.Collect$$$$0000000F  mc_w.l(entry10a.o)
    0x080001ec   0x080001ec   0x00000000   Code   RO         4072    .ARM.Collect$$$$00000011  mc_w.l(entry11a.o)
    0x080001ec   0x080001ec   0x00000004   Code   RO         4061    .ARM.Collect$$$$00002712  mc_w.l(entry2.o)
    0x080001f0   0x080001f0   0x00000024   Code   RO            4    .text               startup_stm32g431xx.o
    0x08000214   0x08000214   0x00000062   Code   RO         3779    .text               mc_w.l(uldiv.o)
    0x08000276   0x08000276   0x00000024   Code   RO         3781    .text               mc_w.l(memseta.o)
    0x0800029a   0x0800029a   0x00000026   Code   RO         4044    .text               mf_w.l(f2d.o)
    0x080002c0   0x080002c0   0x0000002c   Code   RO         4077    .text               mc_w.l(uidiv.o)
    0x080002ec   0x080002ec   0x0000001e   Code   RO         4079    .text               mc_w.l(llshl.o)
    0x0800030a   0x0800030a   0x00000020   Code   RO         4081    .text               mc_w.l(llushr.o)
    0x0800032a   0x0800032a   0x00000000   Code   RO         4090    .text               mc_w.l(iusefp.o)
    0x0800032a   0x0800032a   0x00000052   Code   RO         4091    .text               mf_w.l(frem.o)
    0x0800037c   0x0800037c   0x0000014e   Code   RO         4093    .text               mf_w.l(dadd.o)
    0x080004ca   0x080004ca   0x000000e4   Code   RO         4095    .text               mf_w.l(dmul.o)
    0x080005ae   0x080005ae   0x000000de   Code   RO         4097    .text               mf_w.l(ddiv.o)
    0x0800068c   0x0800068c   0x00000030   Code   RO         4099    .text               mf_w.l(dfixul.o)
    0x080006bc   0x080006bc   0x00000030   Code   RO         4101    .text               mf_w.l(cdrcmple.o)
    0x080006ec   0x080006ec   0x00000024   Code   RO         4103    .text               mc_w.l(init.o)
    0x08000710   0x08000710   0x00000024   Code   RO         4105    .text               mc_w.l(llsshr.o)
    0x08000734   0x08000734   0x0000006e   Code   RO         4107    .text               mf_w.l(fepilogue.o)
    0x080007a2   0x080007a2   0x000000ba   Code   RO         4109    .text               mf_w.l(depilogue.o)
    0x0800085c   0x0800085c   0x00000004   Code   RO          379    i.BusFault_Handler  stm32g4xx_it.o
    0x08000860   0x08000860   0x00000010   Code   RO          380    i.DMA1_Channel1_IRQHandler  stm32g4xx_it.o
    0x08000870   0x08000870   0x00000010   Code   RO          381    i.DMA1_Channel2_IRQHandler  stm32g4xx_it.o
    0x08000880   0x08000880   0x00000044   Code   RO         1940    i.DMA_CalcDMAMUXChannelBaseAndMask  stm32g4xx_hal_dma.o
    0x080008c4   0x080008c4   0x00000024   Code   RO         1941    i.DMA_CalcDMAMUXRequestGenBaseAndMask  stm32g4xx_hal_dma.o
    0x080008e8   0x080008e8   0x00000040   Code   RO         1942    i.DMA_SetConfig     stm32g4xx_hal_dma.o
    0x08000928   0x08000928   0x00000002   Code   RO          382    i.DebugMon_Handler  stm32g4xx_it.o
    0x0800092a   0x0800092a   0x00000006   Code   RO           13    i.Error_Handler     main.o
    0x08000930   0x08000930   0x00000094   Code   RO         1944    i.HAL_DMA_Abort_IT  stm32g4xx_hal_dma.o
    0x080009c4   0x080009c4   0x00000008   Code   RO         1947    i.HAL_DMA_GetState  stm32g4xx_hal_dma.o
    0x080009cc   0x080009cc   0x000000fe   Code   RO         1948    i.HAL_DMA_IRQHandler  stm32g4xx_hal_dma.o
    0x08000aca   0x08000aca   0x00000002   PAD
    0x08000acc   0x08000acc   0x000000d0   Code   RO         1949    i.HAL_DMA_Init      stm32g4xx_hal_dma.o
    0x08000b9c   0x08000b9c   0x000000c2   Code   RO         1953    i.HAL_DMA_Start_IT  stm32g4xx_hal_dma.o
    0x08000c5e   0x08000c5e   0x00000002   PAD
    0x08000c60   0x08000c60   0x00000028   Code   RO         1036    i.HAL_Delay         stm32g4xx_hal.o
    0x08000c88   0x08000c88   0x000001cc   Code   RO         1805    i.HAL_GPIO_Init     stm32g4xx_hal_gpio.o
    0x08000e54   0x08000e54   0x0000000a   Code   RO         1809    i.HAL_GPIO_WritePin  stm32g4xx_hal_gpio.o
    0x08000e5e   0x08000e5e   0x00000002   PAD
    0x08000e60   0x08000e60   0x0000000c   Code   RO         1040    i.HAL_GetTick       stm32g4xx_hal.o
    0x08000e6c   0x08000e6c   0x0000006a   Code   RO          975    i.HAL_I2CEx_ConfigAnalogFilter  stm32g4xx_hal_i2c_ex.o
    0x08000ed6   0x08000ed6   0x00000068   Code   RO          976    i.HAL_I2CEx_ConfigDigitalFilter  stm32g4xx_hal_i2c_ex.o
    0x08000f3e   0x08000f3e   0x00000002   Code   RO          503    i.HAL_I2C_AbortCpltCallback  stm32g4xx_hal_i2c.o
    0x08000f40   0x08000f40   0x00000002   Code   RO          504    i.HAL_I2C_AddrCallback  stm32g4xx_hal_i2c.o
    0x08000f42   0x08000f42   0x00000076   Code   RO          507    i.HAL_I2C_ER_IRQHandler  stm32g4xx_hal_i2c.o
    0x08000fb8   0x08000fb8   0x0000001c   Code   RO          508    i.HAL_I2C_EV_IRQHandler  stm32g4xx_hal_i2c.o
    0x08000fd4   0x08000fd4   0x00000002   Code   RO          510    i.HAL_I2C_ErrorCallback  stm32g4xx_hal_i2c.o
    0x08000fd6   0x08000fd6   0x00000002   PAD
    0x08000fd8   0x08000fd8   0x000000d8   Code   RO          514    i.HAL_I2C_Init      stm32g4xx_hal_i2c.o
    0x080010b0   0x080010b0   0x00000002   Code   RO          516    i.HAL_I2C_ListenCpltCallback  stm32g4xx_hal_i2c.o
    0x080010b2   0x080010b2   0x00000002   Code   RO          517    i.HAL_I2C_MasterRxCpltCallback  stm32g4xx_hal_i2c.o
    0x080010b4   0x080010b4   0x00000002   Code   RO          518    i.HAL_I2C_MasterTxCpltCallback  stm32g4xx_hal_i2c.o
    0x080010b6   0x080010b6   0x00000002   PAD
    0x080010b8   0x080010b8   0x0000003c   Code   RO         3688    i.HAL_I2C_MemRxCpltCallback  as5600.o
    0x080010f4   0x080010f4   0x00000002   Code   RO          531    i.HAL_I2C_MemTxCpltCallback  stm32g4xx_hal_i2c.o
    0x080010f6   0x080010f6   0x00000002   PAD
    0x080010f8   0x080010f8   0x000001a0   Code   RO          532    i.HAL_I2C_Mem_Read  stm32g4xx_hal_i2c.o
    0x08001298   0x08001298   0x0000015c   Code   RO          533    i.HAL_I2C_Mem_Read_DMA  stm32g4xx_hal_i2c.o
    0x080013f4   0x080013f4   0x00000168   Code   RO          242    i.HAL_I2C_MspInit   i2c.o
    0x0800155c   0x0800155c   0x00000002   Code   RO          540    i.HAL_I2C_SlaveRxCpltCallback  stm32g4xx_hal_i2c.o
    0x0800155e   0x0800155e   0x00000002   Code   RO          541    i.HAL_I2C_SlaveTxCpltCallback  stm32g4xx_hal_i2c.o
    0x08001560   0x08001560   0x00000018   Code   RO         1046    i.HAL_IncTick       stm32g4xx_hal.o
    0x08001578   0x08001578   0x0000001e   Code   RO         1047    i.HAL_Init          stm32g4xx_hal.o
    0x08001596   0x08001596   0x00000002   PAD
    0x08001598   0x08001598   0x00000058   Code   RO         1048    i.HAL_InitTick      stm32g4xx_hal.o
    0x080015f0   0x080015f0   0x00000048   Code   RO          479    i.HAL_MspInit       stm32g4xx_hal_msp.o
    0x08001638   0x08001638   0x00000028   Code   RO         2454    i.HAL_NVIC_EnableIRQ  stm32g4xx_hal_cortex.o
    0x08001660   0x08001660   0x0000007a   Code   RO         2460    i.HAL_NVIC_SetPriority  stm32g4xx_hal_cortex.o
    0x080016da   0x080016da   0x00000002   PAD
    0x080016dc   0x080016dc   0x00000028   Code   RO         2461    i.HAL_NVIC_SetPriorityGrouping  stm32g4xx_hal_cortex.o
    0x08001704   0x08001704   0x00000118   Code   RO         2208    i.HAL_PWREx_ControlVoltageScaling  stm32g4xx_hal_pwr_ex.o
    0x0800181c   0x0800181c   0x00000014   Code   RO         2220    i.HAL_PWREx_DisableUCPDDeadBattery  stm32g4xx_hal_pwr_ex.o
    0x08001830   0x08001830   0x00000370   Code   RO         1412    i.HAL_RCCEx_PeriphCLKConfig  stm32g4xx_hal_rcc_ex.o
    0x08001ba0   0x08001ba0   0x00000224   Code   RO         1282    i.HAL_RCC_ClockConfig  stm32g4xx_hal_rcc.o
    0x08001dc4   0x08001dc4   0x0000000c   Code   RO         1288    i.HAL_RCC_GetHCLKFreq  stm32g4xx_hal_rcc.o
    0x08001dd0   0x08001dd0   0x00000024   Code   RO         1290    i.HAL_RCC_GetPCLK1Freq  stm32g4xx_hal_rcc.o
    0x08001df4   0x08001df4   0x00000024   Code   RO         1291    i.HAL_RCC_GetPCLK2Freq  stm32g4xx_hal_rcc.o
    0x08001e18   0x08001e18   0x00000098   Code   RO         1292    i.HAL_RCC_GetSysClockFreq  stm32g4xx_hal_rcc.o
    0x08001eb0   0x08001eb0   0x0000055c   Code   RO         1295    i.HAL_RCC_OscConfig  stm32g4xx_hal_rcc.o
    0x0800240c   0x0800240c   0x000000fc   Code   RO         2610    i.HAL_SPI_Init      stm32g4xx_hal_spi.o
    0x08002508   0x08002508   0x00000074   Code   RO          284    i.HAL_SPI_MspInit   spi.o
    0x0800257c   0x0800257c   0x000001fa   Code   RO         2618    i.HAL_SPI_Transmit  stm32g4xx_hal_spi.o
    0x08002776   0x08002776   0x00000034   Code   RO         2465    i.HAL_SYSTICK_Config  stm32g4xx_hal_cortex.o
    0x080027aa   0x080027aa   0x0000004e   Code   RO         3375    i.HAL_UARTEx_DisableFifoMode  stm32g4xx_hal_uart_ex.o
    0x080027f8   0x080027f8   0x0000005e   Code   RO         3384    i.HAL_UARTEx_SetRxFifoThreshold  stm32g4xx_hal_uart_ex.o
    0x08002856   0x08002856   0x0000005e   Code   RO         3385    i.HAL_UARTEx_SetTxFifoThreshold  stm32g4xx_hal_uart_ex.o
    0x080028b4   0x080028b4   0x00000078   Code   RO         2979    i.HAL_UART_Init     stm32g4xx_hal_uart.o
    0x0800292c   0x0800292c   0x00000094   Code   RO          326    i.HAL_UART_MspInit  usart.o
    0x080029c0   0x080029c0   0x000000c2   Code   RO         2988    i.HAL_UART_Transmit  stm32g4xx_hal_uart.o
    0x08002a82   0x08002a82   0x00000004   Code   RO          383    i.HardFault_Handler  stm32g4xx_it.o
    0x08002a86   0x08002a86   0x00000002   PAD
    0x08002a88   0x08002a88   0x00000010   Code   RO          384    i.I2C1_ER_IRQHandler  stm32g4xx_it.o
    0x08002a98   0x08002a98   0x00000010   Code   RO          385    i.I2C1_EV_IRQHandler  stm32g4xx_it.o
    0x08002aa8   0x08002aa8   0x00000022   Code   RO          553    i.I2C_DMAAbort      stm32g4xx_hal_i2c.o
    0x08002aca   0x08002aca   0x0000001c   Code   RO          554    i.I2C_DMAError      stm32g4xx_hal_i2c.o
    0x08002ae6   0x08002ae6   0x0000005e   Code   RO          555    i.I2C_DMAMasterReceiveCplt  stm32g4xx_hal_i2c.o
    0x08002b44   0x08002b44   0x0000006e   Code   RO          559    i.I2C_Disable_IRQ   stm32g4xx_hal_i2c.o
    0x08002bb2   0x08002bb2   0x00000002   PAD
    0x08002bb4   0x08002bb4   0x000000a8   Code   RO          560    i.I2C_Enable_IRQ    stm32g4xx_hal_i2c.o
    0x08002c5c   0x08002c5c   0x00000028   Code   RO          561    i.I2C_Flush_TXDR    stm32g4xx_hal_i2c.o
    0x08002c84   0x08002c84   0x000000ce   Code   RO          562    i.I2C_ITAddrCplt    stm32g4xx_hal_i2c.o
    0x08002d52   0x08002d52   0x00000002   PAD
    0x08002d54   0x08002d54   0x00000154   Code   RO          563    i.I2C_ITError       stm32g4xx_hal_i2c.o
    0x08002ea8   0x08002ea8   0x00000070   Code   RO          564    i.I2C_ITListenCplt  stm32g4xx_hal_i2c.o
    0x08002f18   0x08002f18   0x00000128   Code   RO          565    i.I2C_ITMasterCplt  stm32g4xx_hal_i2c.o
    0x08003040   0x08003040   0x00000062   Code   RO          566    i.I2C_ITMasterSeqCplt  stm32g4xx_hal_i2c.o
    0x080030a2   0x080030a2   0x00000002   PAD
    0x080030a4   0x080030a4   0x000001f8   Code   RO          567    i.I2C_ITSlaveCplt   stm32g4xx_hal_i2c.o
    0x0800329c   0x0800329c   0x0000008c   Code   RO          568    i.I2C_ITSlaveSeqCplt  stm32g4xx_hal_i2c.o
    0x08003328   0x08003328   0x00000130   Code   RO          569    i.I2C_IsErrorOccurred  stm32g4xx_hal_i2c.o
    0x08003458   0x08003458   0x00000160   Code   RO          570    i.I2C_Master_ISR_DMA  stm32g4xx_hal_i2c.o
    0x080035b8   0x080035b8   0x000001b4   Code   RO          572    i.I2C_Mem_ISR_DMA   stm32g4xx_hal_i2c.o
    0x0800376c   0x0800376c   0x0000007c   Code   RO          574    i.I2C_RequestMemoryRead  stm32g4xx_hal_i2c.o
    0x080037e8   0x080037e8   0x0000013e   Code   RO          576    i.I2C_Slave_ISR_DMA  stm32g4xx_hal_i2c.o
    0x08003926   0x08003926   0x0000014a   Code   RO          577    i.I2C_Slave_ISR_IT  stm32g4xx_hal_i2c.o
    0x08003a70   0x08003a70   0x00000038   Code   RO          578    i.I2C_TransferConfig  stm32g4xx_hal_i2c.o
    0x08003aa8   0x08003aa8   0x0000003a   Code   RO          579    i.I2C_TreatErrorCallback  stm32g4xx_hal_i2c.o
    0x08003ae2   0x08003ae2   0x00000082   Code   RO          580    i.I2C_WaitOnFlagUntilTimeout  stm32g4xx_hal_i2c.o
    0x08003b64   0x08003b64   0x00000060   Code   RO          582    i.I2C_WaitOnSTOPFlagUntilTimeout  stm32g4xx_hal_i2c.o
    0x08003bc4   0x08003bc4   0x00000064   Code   RO          583    i.I2C_WaitOnTXISFlagUntilTimeout  stm32g4xx_hal_i2c.o
    0x08003c28   0x08003c28   0x0000003a   Code   RO         3536    i.LCD_Address_Set   lcd.o
    0x08003c62   0x08003c62   0x0000001c   Code   RO         3538    i.LCD_DrawPoint     lcd.o
    0x08003c7e   0x08003c7e   0x0000004a   Code   RO         3540    i.LCD_Fill          lcd.o
    0x08003cc8   0x08003cc8   0x000001b4   Code   RO         3541    i.LCD_Init          lcd.o
    0x08003e7c   0x08003e7c   0x00000158   Code   RO         3542    i.LCD_ShowChar      lcd.o
    0x08003fd4   0x08003fd4   0x00000042   Code   RO         3551    i.LCD_ShowString    lcd.o
    0x08004016   0x08004016   0x00000002   PAD
    0x08004018   0x08004018   0x00000024   Code   RO         3552    i.LCD_WR_DATA       lcd.o
    0x0800403c   0x0800403c   0x00000018   Code   RO         3553    i.LCD_WR_DATA8      lcd.o
    0x08004054   0x08004054   0x00000038   Code   RO         3554    i.LCD_WR_REG        lcd.o
    0x0800408c   0x0800408c   0x00000060   Code   RO          217    i.MX_DMA_Init       dma.o
    0x080040ec   0x080040ec   0x00000088   Code   RO          193    i.MX_GPIO_Init      gpio.o
    0x08004174   0x08004174   0x00000058   Code   RO          243    i.MX_I2C1_Init      i2c.o
    0x080041cc   0x080041cc   0x00000064   Code   RO          285    i.MX_SPI1_Init      spi.o
    0x08004230   0x08004230   0x0000006c   Code   RO          327    i.MX_USART1_UART_Init  usart.o
    0x0800429c   0x0800429c   0x00000004   Code   RO          386    i.MemManage_Handler  stm32g4xx_it.o
    0x080042a0   0x080042a0   0x00000004   Code   RO          387    i.NMI_Handler       stm32g4xx_it.o
    0x080042a4   0x080042a4   0x00000002   Code   RO          388    i.PendSV_Handler    stm32g4xx_it.o
    0x080042a6   0x080042a6   0x00000002   PAD
    0x080042a8   0x080042a8   0x00000068   Code   RO         1296    i.RCC_GetSysClockFreqFromPLLSource  stm32g4xx_hal_rcc.o
    0x08004310   0x08004310   0x00000064   Code   RO         2648    i.SPI_EndRxTxTransaction  stm32g4xx_hal_spi.o
    0x08004374   0x08004374   0x000000f8   Code   RO         2653    i.SPI_WaitFifoStateUntilTimeout  stm32g4xx_hal_spi.o
    0x0800446c   0x0800446c   0x000000d8   Code   RO         2654    i.SPI_WaitFlagStateUntilTimeout  stm32g4xx_hal_spi.o
    0x08004544   0x08004544   0x00000002   Code   RO          389    i.SVC_Handler       stm32g4xx_it.o
    0x08004546   0x08004546   0x00000008   Code   RO          390    i.SysTick_Handler   stm32g4xx_it.o
    0x0800454e   0x0800454e   0x00000068   Code   RO           14    i.SystemClock_Config  main.o
    0x080045b6   0x080045b6   0x00000002   PAD
    0x080045b8   0x080045b8   0x00000014   Code   RO         3499    i.SystemInit        system_stm32g4xx.o
    0x080045cc   0x080045cc   0x00000058   Code   RO         3389    i.UARTEx_SetNbDataToProcess  stm32g4xx_hal_uart_ex.o
    0x08004624   0x08004624   0x000000f8   Code   RO         2993    i.UART_AdvFeatureConfig  stm32g4xx_hal_uart.o
    0x0800471c   0x0800471c   0x000000ea   Code   RO         2994    i.UART_CheckIdleState  stm32g4xx_hal_uart.o
    0x08004806   0x08004806   0x00000002   PAD
    0x08004808   0x08004808   0x0000006c   Code   RO         3005    i.UART_EndRxTransfer  stm32g4xx_hal_uart.o
    0x08004874   0x08004874   0x00000384   Code   RO         3012    i.UART_SetConfig    stm32g4xx_hal_uart.o
    0x08004bf8   0x08004bf8   0x000000ac   Code   RO         3019    i.UART_WaitOnFlagUntilTimeout  stm32g4xx_hal_uart.o
    0x08004ca4   0x08004ca4   0x00000004   Code   RO          391    i.UsageFault_Handler  stm32g4xx_it.o
    0x08004ca8   0x08004ca8   0x00000020   Code   RO         4016    i.__0printf         mc_w.l(printfa.o)
    0x08004cc8   0x08004cc8   0x00000010   Code   RO         2467    i.__NVIC_GetPriorityGrouping  stm32g4xx_hal_cortex.o
    0x08004cd8   0x08004cd8   0x00000028   Code   RO         2468    i.__NVIC_SetPriority  stm32g4xx_hal_cortex.o
    0x08004d00   0x08004d00   0x000000b0   Code   RO         3764    i.__hardfp_fmodf    m_wm.l(fmodf.o)
    0x08004db0   0x08004db0   0x00000010   Code   RO         4049    i.__mathlib_flt_invalid  m_wm.l(funder.o)
    0x08004dc0   0x08004dc0   0x0000000e   Code   RO         4113    i.__scatterload_copy  mc_w.l(handlers.o)
    0x08004dce   0x08004dce   0x00000002   Code   RO         4114    i.__scatterload_null  mc_w.l(handlers.o)
    0x08004dd0   0x08004dd0   0x0000000e   Code   RO         4115    i.__scatterload_zeroinit  mc_w.l(handlers.o)
    0x08004dde   0x08004dde   0x00000002   PAD
    0x08004de0   0x08004de0   0x0000000c   Code   RO         4085    i.__set_errno       mc_w.l(errno.o)
    0x08004dec   0x08004dec   0x00000184   Code   RO         4023    i._fp_digits        mc_w.l(printfa.o)
    0x08004f70   0x08004f70   0x000006b4   Code   RO         4024    i._printf_core      mc_w.l(printfa.o)
    0x08005624   0x08005624   0x00000024   Code   RO         4025    i._printf_post_padding  mc_w.l(printfa.o)
    0x08005648   0x08005648   0x0000002e   Code   RO         4026    i._printf_pre_padding  mc_w.l(printfa.o)
    0x08005676   0x08005676   0x00000002   PAD
    0x08005678   0x08005678   0x00000040   Code   RO         3689    i.as5600ReadDMA     as5600.o
    0x080056b8   0x080056b8   0x00000038   Code   RO         3690    i.as5600ReadRawAngleBlocking  as5600.o
    0x080056f0   0x080056f0   0x000000b8   Code   RO         3691    i.as5600SetZeroPosition  as5600.o
    0x080057a8   0x080057a8   0x0000001c   Code   RO          329    i.fputc             usart.o
    0x080057c4   0x080057c4   0x00000084   Code   RO         3694    i.getAngle          as5600.o
    0x08005848   0x08005848   0x00000084   Code   RO         3695    i.getAngleWithoutTrack  as5600.o
    0x080058cc   0x080058cc   0x000001e8   Code   RO           15    i.main              main.o
    0x08005ab4   0x08005ab4   0x00000018   Data   RO         3020    .constdata          stm32g4xx_hal_uart.o
    0x08005acc   0x08005acc   0x00000010   Data   RO         3391    .constdata          stm32g4xx_hal_uart_ex.o
    0x08005adc   0x08005adc   0x00000018   Data   RO         3500    .constdata          system_stm32g4xx.o
    0x08005af4   0x08005af4   0x0000391c   Data   RO         3556    .constdata          lcd.o
    0x08009410   0x08009410   0x00000045   Data   RO           17    .conststring        main.o
    0x08009455   0x08009455   0x00000003   PAD
    0x08009458   0x08009458   0x00000020   Data   RO         4111    Region$$Table       anon$$obj.o


    Execution Region RW_IRAM1 (Exec base: 0x20000000, Load base: 0x08009478, Size: 0x00000640, Max: 0x00008000, ABSOLUTE)

    Exec Addr    Load Addr    Size         Type   Attr      Idx    E Section Name        Object

    0x20000000   0x08009478   0x0000000c   Data   RW         1067    .data               stm32g4xx_hal.o
    0x2000000c   0x08009484   0x00000004   Data   RW         3501    .data               system_stm32g4xx.o
    0x20000010   0x08009488   0x00000018   Data   RW         3696    .data               as5600.o
    0x20000028   0x080094a0   0x00000004   Data   RW         4076    .data               mc_w.l(stdout.o)
    0x2000002c   0x080094a4   0x00000004   Data   RW         4086    .data               mc_w.l(errno.o)
    0x20000030        -       0x00000114   Zero   RW          244    .bss                i2c.o
    0x20000144        -       0x00000064   Zero   RW          286    .bss                spi.o
    0x200001a8        -       0x00000094   Zero   RW          330    .bss                usart.o
    0x2000023c   0x080094a8   0x00000004   PAD
    0x20000240        -       0x00000400   Zero   RW            1    STACK               startup_stm32g431xx.o


==============================================================================

Image component sizes


      Code (inc. data)   RO Data    RW Data    ZI Data      Debug   Object Name

       628        166          0         24          0       4523   as5600.o
        96          6          0          0          0        786   dma.o
       136          4          0          0          0        895   gpio.o
       448         38          0          0        276       1935   i2c.o
      1122         32      14620          0          0       7808   lcd.o
       598        216         69          0          0     594089   main.o
       216         16          0          0        100       1641   spi.o
        36          8        472          0       1024        828   startup_stm32g431xx.o
       194         32          0         12          0       4253   stm32g4xx_hal.o
       310         22          0          0          0      34291   stm32g4xx_hal_cortex.o
       980         22          0          0          0       6145   stm32g4xx_hal_dma.o
       470         32          0          0          0       2028   stm32g4xx_hal_gpio.o
      5618        104          0          0          0      31335   stm32g4xx_hal_i2c.o
       210          0          0          0          0       1923   stm32g4xx_hal_i2c_ex.o
        72          4          0          0          0        842   stm32g4xx_hal_msp.o
       300         18          0          0          0       1389   stm32g4xx_hal_pwr_ex.o
      2260        106          0          0          0       7176   stm32g4xx_hal_rcc.o
       880          8          0          0          0       1864   stm32g4xx_hal_rcc_ex.o
      1322         12          0          0          0       5454   stm32g4xx_hal_spi.o
      1976         66         24          0          0      25990   stm32g4xx_hal_uart.o
       354         10         16          0          0       3617   stm32g4xx_hal_uart_ex.o
        98         24          0          0          0       6106   stm32g4xx_it.o
        20          6         24          4          0       1103   system_stm32g4xx.o
       284         24          0          0        148       2346   usart.o

    ----------------------------------------------------------------------
     18660        976      15260         40       1552     748367   Object Totals
         0          0         32          0          0          0   (incl. Generated)
        32          0          3          0          4          0   (incl. Padding)

    ----------------------------------------------------------------------

      Code (inc. data)   RO Data    RW Data    ZI Data      Debug   Library Member Name

       176          0          0          0          0        168   fmodf.o
        16          6          0          0          0        116   funder.o
         0          0          0          0          0          0   entry.o
         0          0          0          0          0          0   entry10a.o
         0          0          0          0          0          0   entry11a.o
         4          0          0          0          0          0   entry12b.o
         8          4          0          0          0          0   entry2.o
         4          0          0          0          0          0   entry5.o
         0          0          0          0          0          0   entry7b.o
         0          0          0          0          0          0   entry8b.o
         8          4          0          0          0          0   entry9a.o
        12          6          0          4          0         68   errno.o
        30          0          0          0          0          0   handlers.o
        36          8          0          0          0         68   init.o
         0          0          0          0          0          0   iusefp.o
        30          0          0          0          0         68   llshl.o
        36          0          0          0          0         68   llsshr.o
        32          0          0          0          0         68   llushr.o
        36          0          0          0          0        108   memseta.o
      2218         90          0          0          0        464   printfa.o
         0          0          0          4          0          0   stdout.o
        44          0          0          0          0         80   uidiv.o
        98          0          0          0          0         92   uldiv.o
        48          0          0          0          0         68   cdrcmple.o
       334          0          0          0          0        148   dadd.o
       222          0          0          0          0        100   ddiv.o
       186          0          0          0          0        176   depilogue.o
        48          0          0          0          0         68   dfixul.o
       228          0          0          0          0         96   dmul.o
        38          0          0          0          0         68   f2d.o
       110          0          0          0          0        168   fepilogue.o
        82          0          0          0          0         96   frem.o

    ----------------------------------------------------------------------
      4088        118          0          8          0       2356   Library Totals
         4          0          0          0          0          0   (incl. Padding)

    ----------------------------------------------------------------------

      Code (inc. data)   RO Data    RW Data    ZI Data      Debug   Library Name

       192          6          0          0          0        284   m_wm.l
      2596        112          0          8          0       1084   mc_w.l
      1296          0          0          0          0        988   mf_w.l

    ----------------------------------------------------------------------
      4088        118          0          8          0       2356   Library Totals

    ----------------------------------------------------------------------

==============================================================================


      Code (inc. data)   RO Data    RW Data    ZI Data      Debug   

     22748       1094      15260         48       1552     737439   Grand Totals
     22748       1094      15260         48       1552     737439   ELF Image Totals
     22748       1094      15260         48          0          0   ROM Totals

==============================================================================

    Total RO  Size (Code + RO Data)                38008 (  37.12kB)
    Total RW  Size (RW Data + ZI Data)              1600 (   1.56kB)
    Total ROM Size (Code + RO Data + RW Data)      38056 (  37.16kB)

==============================================================================

