Component: ARM Compiler 5.06 update 5 (build 528) Tool: armlink [4d35e2]

==============================================================================

Section Cross References

    startup_stm32f10x_md.o(STACK) refers (Special) to heapauxi.o(.text) for __use_two_region_memory
    startup_stm32f10x_md.o(HEAP) refers (Special) to heapauxi.o(.text) for __use_two_region_memory
    startup_stm32f10x_md.o(RESET) refers (Special) to heapauxi.o(.text) for __use_two_region_memory
    startup_stm32f10x_md.o(RESET) refers to startup_stm32f10x_md.o(STACK) for __initial_sp
    startup_stm32f10x_md.o(RESET) refers to startup_stm32f10x_md.o(.text) for Reset_Handler
    startup_stm32f10x_md.o(RESET) refers to stm32f10x_it.o(i.NMI_Handler) for NMI_Handler
    startup_stm32f10x_md.o(RESET) refers to stm32f10x_it.o(i.HardFault_Handler) for HardFault_Handler
    startup_stm32f10x_md.o(RESET) refers to stm32f10x_it.o(i.MemManage_Handler) for MemManage_Handler
    startup_stm32f10x_md.o(RESET) refers to stm32f10x_it.o(i.BusFault_Handler) for BusFault_Handler
    startup_stm32f10x_md.o(RESET) refers to stm32f10x_it.o(i.UsageFault_Handler) for UsageFault_Handler
    startup_stm32f10x_md.o(RESET) refers to stm32f10x_it.o(i.SVC_Handler) for SVC_Handler
    startup_stm32f10x_md.o(RESET) refers to stm32f10x_it.o(i.DebugMon_Handler) for DebugMon_Handler
    startup_stm32f10x_md.o(RESET) refers to stm32f10x_it.o(i.PendSV_Handler) for PendSV_Handler
    startup_stm32f10x_md.o(RESET) refers to stm32f10x_it.o(i.SysTick_Handler) for SysTick_Handler
    startup_stm32f10x_md.o(RESET) refers to main.o(i.TIM1_UP_IRQHandler) for TIM1_UP_IRQHandler
    startup_stm32f10x_md.o(.text) refers (Special) to heapauxi.o(.text) for __use_two_region_memory
    startup_stm32f10x_md.o(.text) refers to system_stm32f10x.o(i.SystemInit) for SystemInit
    startup_stm32f10x_md.o(.text) refers to __main.o(!!!main) for __main
    startup_stm32f10x_md.o(.text) refers to startup_stm32f10x_md.o(HEAP) for Heap_Mem
    startup_stm32f10x_md.o(.text) refers to startup_stm32f10x_md.o(STACK) for Stack_Mem
    system_stm32f10x.o(i.SetSysClock) refers to system_stm32f10x.o(i.SetSysClockTo72) for SetSysClockTo72
    system_stm32f10x.o(i.SystemCoreClockUpdate) refers to system_stm32f10x.o(.data) for SystemCoreClock
    system_stm32f10x.o(i.SystemInit) refers to system_stm32f10x.o(i.SetSysClock) for SetSysClock
    stm32f10x_adc.o(i.ADC_DeInit) refers to stm32f10x_rcc.o(i.RCC_APB2PeriphResetCmd) for RCC_APB2PeriphResetCmd
    stm32f10x_bkp.o(i.BKP_DeInit) refers to stm32f10x_rcc.o(i.RCC_BackupResetCmd) for RCC_BackupResetCmd
    stm32f10x_can.o(i.CAN_DeInit) refers to stm32f10x_rcc.o(i.RCC_APB1PeriphResetCmd) for RCC_APB1PeriphResetCmd
    stm32f10x_can.o(i.CAN_GetITStatus) refers to stm32f10x_can.o(i.CheckITStatus) for CheckITStatus
    stm32f10x_cec.o(i.CEC_DeInit) refers to stm32f10x_rcc.o(i.RCC_APB1PeriphResetCmd) for RCC_APB1PeriphResetCmd
    stm32f10x_dac.o(i.DAC_DeInit) refers to stm32f10x_rcc.o(i.RCC_APB1PeriphResetCmd) for RCC_APB1PeriphResetCmd
    stm32f10x_flash.o(i.FLASH_EnableWriteProtection) refers to stm32f10x_flash.o(i.FLASH_WaitForLastOperation) for FLASH_WaitForLastOperation
    stm32f10x_flash.o(i.FLASH_EraseAllBank1Pages) refers to stm32f10x_flash.o(i.FLASH_WaitForLastBank1Operation) for FLASH_WaitForLastBank1Operation
    stm32f10x_flash.o(i.FLASH_EraseAllPages) refers to stm32f10x_flash.o(i.FLASH_WaitForLastOperation) for FLASH_WaitForLastOperation
    stm32f10x_flash.o(i.FLASH_EraseOptionBytes) refers to stm32f10x_flash.o(i.FLASH_GetReadOutProtectionStatus) for FLASH_GetReadOutProtectionStatus
    stm32f10x_flash.o(i.FLASH_EraseOptionBytes) refers to stm32f10x_flash.o(i.FLASH_WaitForLastOperation) for FLASH_WaitForLastOperation
    stm32f10x_flash.o(i.FLASH_ErasePage) refers to stm32f10x_flash.o(i.FLASH_WaitForLastOperation) for FLASH_WaitForLastOperation
    stm32f10x_flash.o(i.FLASH_ProgramHalfWord) refers to stm32f10x_flash.o(i.FLASH_WaitForLastOperation) for FLASH_WaitForLastOperation
    stm32f10x_flash.o(i.FLASH_ProgramOptionByteData) refers to stm32f10x_flash.o(i.FLASH_WaitForLastOperation) for FLASH_WaitForLastOperation
    stm32f10x_flash.o(i.FLASH_ProgramWord) refers to stm32f10x_flash.o(i.FLASH_WaitForLastOperation) for FLASH_WaitForLastOperation
    stm32f10x_flash.o(i.FLASH_ReadOutProtection) refers to stm32f10x_flash.o(i.FLASH_WaitForLastOperation) for FLASH_WaitForLastOperation
    stm32f10x_flash.o(i.FLASH_UserOptionByteConfig) refers to stm32f10x_flash.o(i.FLASH_WaitForLastOperation) for FLASH_WaitForLastOperation
    stm32f10x_flash.o(i.FLASH_WaitForLastBank1Operation) refers to stm32f10x_flash.o(i.FLASH_GetBank1Status) for FLASH_GetBank1Status
    stm32f10x_flash.o(i.FLASH_WaitForLastOperation) refers to stm32f10x_flash.o(i.FLASH_GetBank1Status) for FLASH_GetBank1Status
    stm32f10x_gpio.o(i.GPIO_AFIODeInit) refers to stm32f10x_rcc.o(i.RCC_APB2PeriphResetCmd) for RCC_APB2PeriphResetCmd
[...]
    .text                                    0x080011b4   Section        8  libspace.o(.text)
    .text                                    0x080011bc   Section       74  sys_stackheap_outer.o(.text)
    .text                                    0x08001208   Section       16  rt_ctype_table.o(.text)
    .text                                    0x08001218   Section        8  rt_locale_intlibspace.o(.text)
    .text                                    0x08001220   Section        0  _printf_fp_infnan.o(.text)
    .text                                    0x080012a0   Section        0  bigflt0.o(.text)
    .text                                    0x08001384   Section        0  exit.o(.text)
    .text                                    0x08001398   Section        0  sys_exit.o(.text)
    .text                                    0x080013a4   Section        2  use_no_semi.o(.text)
    .text                                    0x080013a6   Section        0  indicate_semi.o(.text)
    CL$$btod_d2e                             0x080013a6   Section       62  btod.o(CL$$btod_d2e)
    CL$$btod_d2e_denorm_low                  0x080013e4   Section       70  btod.o(CL$$btod_d2e_denorm_low)
    CL$$btod_d2e_norm_op1                    0x0800142a   Section       96  btod.o(CL$$btod_d2e_norm_op1)
    CL$$btod_div_common                      0x0800148a   Section      824  btod.o(CL$$btod_div_common)
    CL$$btod_e2e                             0x080017c2   Section      220  btod.o(CL$$btod_e2e)
    CL$$btod_ediv                            0x0800189e   Section       42  btod.o(CL$$btod_ediv)
    CL$$btod_emul                            0x080018c8   Section       42  btod.o(CL$$btod_emul)
    CL$$btod_mult_common                     0x080018f2   Section      580  btod.o(CL$$btod_mult_common)
    i.ADC_Cmd                                0x08001b36   Section        0  stm32f10x_adc.o(i.ADC_Cmd)
    i.ADC_GetCalibrationStatus               0x08001b4c   Section        0  stm32f10x_adc.o(i.ADC_GetCalibrationStatus)
    i.ADC_GetResetCalibrationStatus          0x08001b60   Section        0  stm32f10x_adc.o(i.ADC_GetResetCalibrationStatus)
    i.ADC_Init                               0x08001b74   Section        0  stm32f10x_adc.o(i.ADC_Init)
    i.ADC_ResetCalibration                   0x08001bc4   Section        0  stm32f10x_adc.o(i.ADC_ResetCalibration)
    i.ADC_StartCalibration                   0x08001bce   Section        0  stm32f10x_adc.o(i.ADC_StartCalibration)
    i.BusFault_Handler                       0x08001bd8   Section        0  stm32f10x_it.o(i.BusFault_Handler)
    i.CAN_FilterInit                         0x08001bdc   Section        0  stm32f10x_can.o(i.CAN_FilterInit)
    i.CAN_Init                               0x08001ce4   Section        0  stm32f10x_can.o(i.CAN_Init)
    i.CAN_MessagePending                     0x08001df8   Section        0  stm32f10x_can.o(i.CAN_MessagePending)
    i.CAN_Receive                            0x08001e16   Section        0  stm32f10x_can.o(i.CAN_Receive)
    i.CAN_Transmit                           0x08001f06   Section        0  stm32f10x_can.o(i.CAN_Transmit)
    i.CAN_TransmitStatus                     0x0800202c   Section        0  stm32f10x_can.o(i.CAN_TransmitStatus)
    i.DebugMon_Handler                       0x080020cc   Section        0  stm32f10x_it.o(i.DebugMon_Handler)
    i.GPIO_Init                              0x080020ce   Section        0  stm32f10x_gpio.o(i.GPIO_Init)
    i.GPIO_PinRemapConfig                    0x080021e4   Section        0  stm32f10x_gpio.o(i.GPIO_PinRemapConfig)
    i.GPIO_ReadInputDataBit                  0x08002274   Section        0  stm32f10x_gpio.o(i.GPIO_ReadInputDataBit)
    i.GPIO_ResetBits                         0x08002286   Section        0  stm32f10x_gpio.o(i.GPIO_ResetBits)
    i.GPIO_SetBits                           0x0800228a   Section        0  stm32f10x_gpio.o(i.GPIO_SetBits)
    i.GPIO_WriteBit                          0x0800228e   Section        0  stm32f10x_gpio.o(i.GPIO_WriteBit)
    i.HardFault_Handler                      0x08002298   Section        0  stm32f10x_it.o(i.HardFault_Handler)
    i.MemManage_Handler                      0x0800229c   Section        0  stm32f10x_it.o(i.MemManage_Handler)
    i.MyCAN_Init                             0x080022a0   Section        0  can.o(i.MyCAN_Init)
    i.MyCAN_Receive                          0x08002374   Section        0  can.o(i.MyCAN_Receive)
    i.MyCAN_ReceiveFlag                      0x08002388   Section        0  can.o(i.MyCAN_ReceiveFlag)
    i.MyCAN_Transmit                         0x080023a4   Section        0  can.o(i.MyCAN_Transmit)
    i.NMI_Handler                            0x080023d8   Section        0  stm32f10x_it.o(i.NMI_Handler)
    i.NVIC_Init                              0x080023dc   Section        0  misc.o(i.NVIC_Init)
    i.NVIC_PriorityGroupConfig               0x0800244c   Section        0  misc.o(i.NVIC_PriorityGroupConfig)
    i.OLED_ClearArea                         0x08002460   Section        0  oled.o(i.OLED_ClearArea)
    i.OLED_GPIO_Init                         0x080024f0   Section        0  oled.o(i.OLED_GPIO_Init)
    i.OLED_I2C_SendByte                      0x08002560   Section        0  oled.o(i.OLED_I2C_SendByte)
    i.OLED_I2C_Start                         0x0800259e   Section        0  oled.o(i.OLED_I2C_Start)
    i.OLED_I2C_Stop                          0x080025ba   Section        0  oled.o(i.OLED_I2C_Stop)
    i.OLED_Pow                               0x080025d0   Section        0  oled.o(i.OLED_Pow)
    i.OLED_SetCursor                         0x080025e4   Section        0  oled.o(i.OLED_SetCursor)
    i.OLED_W_SCL                             0x08002608   Section        0  oled.o(i.OLED_W_SCL)
    i.OLED_W_SDA                             0x08002620   Section        0  oled.o(i.OLED_W_SDA)
    i.OLED_WriteCommand                      0x08002638   Section        0  oled.o(i.OLED_WriteCommand)
    i.OLED_WriteData                         0x08002658   Section        0  oled.o(i.OLED_WriteData)
    i.PendSV_Handler                         0x08002686   Section        0  stm32f10x_it.o(i.PendSV_Handler)
    i.RCC_ADCCLKConfig                       0x08002688   Section        0  stm32f10x_rcc.o(i.RCC_ADCCLKConfig)
    i.RCC_APB1PeriphClockCmd                 0x080026a0   Section        0  stm32f10x_rcc.o(i.RCC_APB1PeriphClockCmd)
    i.RCC_APB2PeriphClockCmd                 0x080026c0   Section        0  stm32f10x_rcc.o(i.RCC_APB2PeriphClockCmd)
    i.RCC_GetClocksFreq                      0x080026e0   Section        0  stm32f10x_rcc.o(i.RCC_GetClocksFreq)
    i.SVC_Handler                            0x080027b4   Section        0  stm32f10x_it.o(i.SVC_Handler)
    i.SetSysClock                            0x080027b6   Section        0  system_stm32f10x.o(i.SetSysClock)
    SetSysClock                              0x080027b7   Thumb Code     8  system_stm32f10x.o(i.SetSysClock)
    i.SetSysClockTo72                        0x080027c0   Section        0  system_stm32f10x.o(i.SetSysClockTo72)
    SetSysClockTo72                          0x080027c1   Thumb Code   214  system_stm32f10x.o(i.SetSysClockTo72)
    i.SysTick_Handler                        0x080028a0   Section        0  stm32f10x_it.o(i.SysTick_Handler)
    i.SystemInit                             0x080028a4   Section        0  system_stm32f10x.o(i.SystemInit)
    i.TI1_Config                             0x08002904   Section        0  stm32f10x_tim.o(i.TI1_Config)
    TI1_Config                               0x08002905   Thumb Code   108  stm32f10x_tim.o(i.TI1_Config)
    i.TI2_Config                             0x08002984   Section        0  stm32f10x_tim.o(i.TI2_Config)
    TI2_Config                               0x08002985   Thumb Code   130  stm32f10x_tim.o(i.TI2_Config)
    i.TI3_Config                             0x08002a1c   Section        0  stm32f10x_tim.o(i.TI3_Config)
    TI3_Config                               0x08002a1d   Thumb Code   122  stm32f10x_tim.o(i.TI3_Config)
    i.TI4_Config                             0x08002aac   Section        0  stm32f10x_tim.o(i.TI4_Config)
    TI4_Config                               0x08002aad   Thumb Code   130  stm32f10x_tim.o(i.TI4_Config)
    i.TIM1_UP_IRQHandler                     0x08002b44   Section        0  main.o(i.TIM1_UP_IRQHandler)
    i.TIM_ClearFlag                          0x08002b9c   Section        0  stm32f10x_tim.o(i.TIM_ClearFlag)
    i.TIM_ClearITPendingBit                  0x08002ba2   Section        0  stm32f10x_tim.o(i.TIM_ClearITPendingBit)
    i.TIM_Cmd                                0x08002ba8   Section        0  stm32f10x_tim.o(i.TIM_Cmd)
    i.TIM_EncoderInterfaceConfig             0x08002bc0   Section        0  stm32f10x_tim.o(i.TIM_EncoderInterfaceConfig)
    i.TIM_GetITStatus                        0x08002c02   Section        0  stm32f10x_tim.o(i.TIM_GetITStatus)
    i.TIM_ICInit                             0x08002c24   Section        0  stm32f10x_tim.o(i.TIM_ICInit)
    i.TIM_ICStructInit                       0x08002cd0   Section        0  stm32f10x_tim.o(i.TIM_ICStructInit)
    i.TIM_ITConfig                           0x08002ce2   Section        0  stm32f10x_tim.o(i.TIM_ITConfig)
    i.TIM_InternalClockConfig                0x08002cf4   Section        0  stm32f10x_tim.o(i.TIM_InternalClockConfig)
    i.TIM_OC1Init                            0x08002d00   Section        0  stm32f10x_tim.o(i.TIM_OC1Init)
    i.TIM_OC2Init                            0x08002d98   Section        0  stm32f10x_tim.o(i.TIM_OC2Init)
    i.TIM_OCStructInit                       0x08002e3c   Section        0  stm32f10x_tim.o(i.TIM_OCStructInit)
    i.TIM_SetIC1Prescaler                    0x08002e50   Section        0  stm32f10x_tim.o(i.TIM_SetIC1Prescaler)
    i.TIM_SetIC2Prescaler                    0x08002e62   Section        0  stm32f10x_tim.o(i.TIM_SetIC2Prescaler)
    i.TIM_SetIC3Prescaler                    0x08002e7c   Section        0  stm32f10x_tim.o(i.TIM_SetIC3Prescaler)
    i.TIM_SetIC4Prescaler                    0x08002e8e   Section        0  stm32f10x_tim.o(i.TIM_SetIC4Prescaler)
    i.TIM_TimeBaseInit                       0x08002ea8   Section        0  stm32f10x_tim.o(i.TIM_TimeBaseInit)
    i.USART_Cmd                              0x08002f4c   Section        0  stm32f10x_usart.o(i.USART_Cmd)
    i.USART_GetFlagStatus                    0x08002f64   Section        0  stm32f10x_usart.o(i.USART_GetFlagStatus)
    i.USART_ITConfig                         0x08002f7e   Section        0  stm32f10x_usart.o(i.USART_ITConfig)
    i.USART_Init                             0x08002fc8   Section        0  stm32f10x_usart.o(i.USART_Init)
    i.USART_SendData                         0x080030a0   Section        0  stm32f10x_usart.o(i.USART_SendData)
    i.UsageFault_Handler                     0x080030a8   Section        0  stm32f10x_it.o(i.UsageFault_Handler)
    i.__ARM_fpclassify                       0x080030ac   Section        0  fpclassify.o(i.__ARM_fpclassify)
    i._is_digit                              0x080030d4   Section        0  __printf_wp.o(i._is_digit)
    i.adcInit                                0x080030e4   Section        0  adc.o(i.adcInit)
    i.delayMs                                0x080031e0   Section        0  delay.o(i.delayMs)
    i.delayUs                                0x080031f8   Section        0  delay.o(i.delayUs)
    i.encoderAInit                           0x08003228   Section        0  encoder.o(i.encoderAInit)
    i.encoderBInit                           0x080032ec   Section        0  encoder.o(i.encoderBInit)
    i.keyCheck                               0x080033b0   Section        0  key.o(i.keyCheck)
    i.keyGetState                            0x080033ec   Section        0  key.o(i.keyGetState)
    i.keyInit                                0x08003418   Section        0  key.o(i.keyInit)
    i.keyTick                                0x08003560   Section        0  key.o(i.keyTick)
    i.ledInit                                0x08003964   Section        0  led.o(i.ledInit)
    i.ledSetMode                             0x08003c6c   Section        0  led.o(i.ledSetMode)
    i.ledTick                                0x08003c90   Section        0  led.o(i.ledTick)
    i.ledUpdate                              0x08003cb8   Section        0  led.o(i.ledUpdate)
    i.main                                   0x08003d08   Section        0  main.o(i.main)
    i.motorABInit                            0x08003f60   Section        0  motor.o(i.motorABInit)
    i.oledClear                              0x08003fec   Section        0  oled.o(i.oledClear)
    i.oledInit                               0x08004014   Section        0  oled.o(i.oledInit)
    i.oledShowChar                           0x080040b0   Section        0  oled.o(i.oledShowChar)
    i.oledShowHexNum                         0x08004104   Section        0  oled.o(i.oledShowHexNum)
    i.oledShowImage                          0x08004164   Section        0  oled.o(i.oledShowImage)
    i.oledShowString                         0x08004260   Section        0  oled.o(i.oledShowString)
    i.oledUpdate                             0x08004370   Section        0  oled.o(i.oledUpdate)
    i.pwmInit                                0x08004398   Section        0  pwm.o(i.pwmInit)
    i.serialInit                             0x0800447c   Section        0  serial.o(i.serialInit)
    i.serialPrintf                           0x08004548   Section        0  serial.o(i.serialPrintf)
    i.serialSendByte                         0x0800456c   Section        0  serial.o(i.serialSendByte)
    i.serialSendString                       0x0800458c   Section        0  serial.o(i.serialSendString)
    i.timerInit                              0x080045a8   Section        0  timer.o(i.timerInit)
    locale$$code                             0x08004620   Section       44  lc_numeric_c.o(locale$$code)
    locale$$code                             0x0800464c   Section       44  lc_ctype_c.o(locale$$code)
    x$fpl$printf1                            0x08004678   Section        4  printf1.o(x$fpl$printf1)
    x$fpl$printf2                            0x0800467c   Section        4  printf2.o(x$fpl$printf2)
    .constdata                               0x08004680   Section       20  led.o(.constdata)
    x$fpl$usenofp                            0x08004680   Section        0  usenofp.o(x$fpl$usenofp)
    .constdata                               0x08004694   Section     2367  oled_data.o(.constdata)
    .constdata                               0x08004fd4   Section        8  _printf_wctomb.o(.constdata)
    initial_mbstate                          0x08004fd4   Data           8  _printf_wctomb.o(.constdata)
    .constdata                               0x08004fdc   Section       40  _printf_hex_int_ll_ptr.o(.constdata)
    uc_hextab                                0x08004fdc   Data          20  _printf_hex_int_ll_ptr.o(.constdata)
    lc_hextab                                0x08004ff0   Data          20  _printf_hex_int_ll_ptr.o(.constdata)
    .constdata                               0x08005004   Section       17  __printf_flags_ss_wp.o(.constdata)
    maptable                                 0x08005004   Data          17  __printf_flags_ss_wp.o(.constdata)
    .constdata                               0x08005015   Section       38  _printf_fp_hex.o(.constdata)
    lc_hextab                                0x08005015   Data          19  _printf_fp_hex.o(.constdata)
    uc_hextab                                0x08005028   Data          19  _printf_fp_hex.o(.constdata)
    .constdata                               0x0800503c   Section      148  bigflt0.o(.constdata)
    tenpwrs_x                                0x0800503c   Data          60  bigflt0.o(.constdata)
    tenpwrs_i                                0x08005078   Data          64  bigflt0.o(.constdata)
    locale$$data                             0x080050f0   Section       28  lc_numeric_c.o(locale$$data)
    __lcnum_c_name                           0x080050f4   Data           2  lc_numeric_c.o(locale$$data)
    __lcnum_c_start                          0x080050fc   Data           0  lc_numeric_c.o(locale$$data)
    __lcnum_c_point                          0x08005108   Data           0  lc_numeric_c.o(locale$$data)
    __lcnum_c_thousands                      0x0800510a   Data           0  lc_numeric_c.o(locale$$data)
    __lcnum_c_grouping                       0x0800510b   Data           0  lc_numeric_c.o(locale$$data)
    locale$$data                             0x0800510c   Section      272  lc_ctype_c.o(locale$$data)
    __lcnum_c_end                            0x0800510c   Data           0  lc_numeric_c.o(locale$$data)
    __lcctype_c_name                         0x08005110   Data           2  lc_ctype_c.o(locale$$data)
    __lcctype_c_start                        0x08005118   Data           0  lc_ctype_c.o(locale$$data)
    __lcctype_c_end                          0x0800521c   Data           0  lc_ctype_c.o(locale$$data)
    .data                                    0x20000000   Section       20  stm32f10x_rcc.o(.data)
    APBAHBPrescTable                         0x20000000   Data          16  stm32f10x_rcc.o(.data)
    ADCPrescTable                            0x20000010   Data           4  stm32f10x_rcc.o(.data)
    .data                                    0x20000014   Section        1  led.o(.data)
    g_led_count                              0x20000014   Data           1  led.o(.data)
    .data                                    0x20000015   Section        3  key.o(.data)
    g_key_count                              0x20000015   Data           1  key.o(.data)
    Count                                    0x20000016   Data           1  key.o(.data)
    i                                        0x20000017   Data           1  key.o(.data)
    .data                                    0x20000018   Section      348  main.o(.data)
    heartCount                               0x20000172   Data           2  main.o(.data)
    .bss                                     0x20000174   Section       80  led.o(.bss)
    .bss                                     0x200001c4   Section       48  key.o(.bss)
    .bss                                     0x200001f4   Section     1024  oled.o(.bss)
    .bss                                     0x200005f4   Section       20  main.o(.bss)
    .bss                                     0x20000608   Section       96  libspace.o(.bss)
    HEAP                                     0x20000668   Section      512  startup_stm32f10x_md.o(HEAP)
    Heap_Mem                                 0x20000668   Data         512  startup_stm32f10x_md.o(HEAP)
    STACK                                    0x20000868   Section     1024  startup_stm32f10x_md.o(STACK)
    Stack_Mem                                0x20000868   Data        1024  startup_stm32f10x_md.o(STACK)
    __initial_sp                             0x20000c68   Data           0  startup_stm32f10x_md.o(STACK)

    Global Symbols

    Symbol Name                              Value     Ov Type        Size  Object(Section)

    BuildAttributes$$THM_ISAv4$P$D$K$B$S$PE$A:L22UL41UL21$X:L11$S22US41US21$IEEE1$IW$USESV6$~STKCKD$USESV7$~SHL$OTIME$ROPI$IEEEX$EBA8$UX$STANDARDLIB$REQ8$PRES8$EABIv2 0x00000000   Number         0  anon$$obj.o ABSOLUTE
    __ARM_use_no_argv                        0x00000000   Number         0  main.o ABSOLUTE
    _printf_flags                            0x00000000   Number         0  printf_stubs.o ABSOLUTE
    _printf_return_value                     0x00000000   Number         0  printf_stubs.o ABSOLUTE
    _printf_sizespec                         0x00000000   Number         0  printf_stubs.o ABSOLUTE
    _printf_widthprec                        0x00000000   Number         0  printf_stubs.o ABSOLUTE
    __ARM_exceptions_init                     - Undefined Weak Reference
    __alloca_initialize                       - Undefined Weak Reference
    __arm_preinit_                            - Undefined Weak Reference
    __cpp_initialize__aeabi_                  - Undefined Weak Reference
    __cxa_finalize                            - Undefined Weak Reference
    __sigvec_lookup                           - Undefined Weak Reference
    _atexit_init                              - Undefined Weak Reference
    _call_atexit_fns                          - Undefined Weak Reference
    _clock_init                               - Undefined Weak Reference
    _fp_trap_init                             - Undefined Weak Reference
    _fp_trap_shutdown                         - Undefined Weak Reference
    _get_lc_collate                           - Undefined Weak Reference
    _get_lc_monetary                          - Undefined Weak Reference
    _get_lc_time                              - Undefined Weak Reference
    _getenv_init                              - Undefined Weak Reference
    _handle_redirection                       - Undefined Weak Reference
    _init_alloc                               - Undefined Weak Reference
    _init_user_alloc                          - Undefined Weak Reference
    _initio                                   - Undefined Weak Reference
    _printf_mbtowc                            - Undefined Weak Reference
    _printf_wc                                - Undefined Weak Reference
    _rand_init                                - Undefined Weak Reference
    _signal_finish                            - Undefined Weak Reference
    _signal_init                              - Undefined Weak Reference
    _terminate_alloc                          - Undefined Weak Reference
    _terminate_user_alloc                     - Undefined Weak Reference
    _terminateio                              - Undefined Weak Reference
    __Vectors_Size                           0x000000ec   Number         0  startup_stm32f10x_md.o ABSOLUTE
    __Vectors                                0x08000000   Data           4  startup_stm32f10x_md.o(RESET)
    __Vectors_End                            0x080000ec   Data           0  startup_stm32f10x_md.o(RESET)
    __main                                   0x080000ed   Thumb Code     8  __main.o(!!!main)
    __scatterload                            0x080000f5   Thumb Code     0  __scatter.o(!!!scatter)
    __scatterload_rt2                        0x080000f5   Thumb Code    44  __scatter.o(!!!scatter)
    __scatterload_rt2_thumb_only             0x080000f5   Thumb Code     0  __scatter.o(!!!scatter)
    __scatterload_null                       0x08000103   Thumb Code     0  __scatter.o(!!!scatter)
    __decompress                             0x08000129   Thumb Code    90  __dczerorl2.o(!!dczerorl2)
    __decompress1                            0x08000129   Thumb Code     0  __dczerorl2.o(!!dczerorl2)
    __scatterload_zeroinit                   0x08000185   Thumb Code    28  __scatter_zi.o(!!handler_zi)
    _printf_n                                0x080001a1   Thumb Code     0  _printf_n.o(.ARM.Collect$$_printf_percent$$00000001)
    _printf_percent                          0x080001a1   Thumb Code     0  _printf_percent.o(.ARM.Collect$$_printf_percent$$00000000)
    _printf_p                                0x080001a7   Thumb Code     0  _printf_p.o(.ARM.Collect$$_printf_percent$$00000002)
    _printf_f                                0x080001ad   Thumb Code     0  _printf_f.o(.ARM.Collect$$_printf_percent$$00000003)
    _printf_e                                0x080001b3   Thumb Code     0  _printf_e.o(.ARM.Collect$$_printf_percent$$00000004)
    _printf_g                                0x080001b9   Thumb Code     0  _printf_g.o(.ARM.Collect$$_printf_percent$$00000005)
    _printf_a                                0x080001bf   Thumb Code     0  _printf_a.o(.ARM.Collect$$_printf_percent$$00000006)
    _printf_ll                               0x080001c5   Thumb Code     0  _printf_ll.o(.ARM.Collect$$_printf_percent$$00000007)
    _printf_i                                0x080001cf   Thumb Code     0  _printf_i.o(.ARM.Collect$$_printf_percent$$00000008)
    _printf_d                                0x080001d5   Thumb Code     0  _printf_d.o(.ARM.Collect$$_printf_percent$$00000009)
    _printf_u                                0x080001db   Thumb Code     0  _printf_u.o(.ARM.Collect$$_printf_percent$$0000000A)
    _printf_o                                0x080001e1   Thumb Code     0  _printf_o.o(.ARM.Collect$$_printf_percent$$0000000B)
    _printf_x                                0x080001e7   Thumb Code     0  _printf_x.o(.ARM.Collect$$_printf_percent$$0000000C)
    _printf_lli                              0x080001ed   Thumb Code     0  _printf_lli.o(.ARM.Collect$$_printf_percent$$0000000D)
    _printf_lld                              0x080001f3   Thumb Code     0  _printf_lld.o(.ARM.Collect$$_printf_percent$$0000000E)
    _printf_llu                              0x080001f9   Thumb Code     0  _printf_llu.o(.ARM.Collect$$_printf_percent$$0000000F)
    _printf_llo                              0x080001ff   Thumb Code     0  _printf_llo.o(.ARM.Collect$$_printf_percent$$00000010)
    _printf_llx                              0x08000205   Thumb Code     0  _printf_llx.o(.ARM.Collect$$_printf_percent$$00000011)
    _printf_l                                0x0800020b   Thumb Code     0  _printf_l.o(.ARM.Collect$$_printf_percent$$00000012)
    _printf_c                                0x08000215   Thumb Code     0  _printf_c.o(.ARM.Collect$$_printf_percent$$00000013)
    _printf_s                                0x0800021b   Thumb Code     0  _printf_s.o(.ARM.Collect$$_printf_percent$$00000014)
    _printf_lc                               0x08000221   Thumb Code     0  _printf_lc.o(.ARM.Collect$$_printf_percent$$00000015)
    _printf_ls                               0x08000227   Thumb Code     0  _printf_ls.o(.ARM.Collect$$_printf_percent$$00000016)
    _printf_percent_end                      0x0800022d   Thumb Code     0  _printf_percent_end.o(.ARM.Collect$$_printf_percent$$00000017)
    __rt_lib_init                            0x08000231   Thumb Code     0  libinit.o(.ARM.Collect$$libinit$$00000000)
    __rt_lib_init_fp_1                       0x08000233   Thumb Code     0  libinit2.o(.ARM.Collect$$libinit$$00000002)
    __rt_lib_init_heap_1                     0x08000233   Thumb Code     0  libinit2.o(.ARM.Collect$$libinit$$0000000A)
    __rt_lib_init_lc_common                  0x08000233   Thumb Code     0  libinit2.o(.ARM.Collect$$libinit$$0000000F)
    __rt_lib_init_preinit_1                  0x08000233   Thumb Code     0  libinit2.o(.ARM.Collect$$libinit$$00000004)
    __rt_lib_init_rand_1                     0x08000233   Thumb Code     0  libinit2.o(.ARM.Collect$$libinit$$0000000E)
    __rt_lib_init_user_alloc_1               0x08000233   Thumb Code     0  libinit2.o(.ARM.Collect$$libinit$$0000000C)
    __rt_lib_init_lc_collate_1               0x08000239   Thumb Code     0  libinit2.o(.ARM.Collect$$libinit$$00000011)
    __rt_lib_init_lc_ctype_2                 0x08000239   Thumb Code     0  libinit2.o(.ARM.Collect$$libinit$$00000012)
    __rt_lib_init_lc_ctype_1                 0x08000245   Thumb Code     0  libinit2.o(.ARM.Collect$$libinit$$00000013)
    __rt_lib_init_lc_monetary_1              0x08000245   Thumb Code     0  libinit2.o(.ARM.Collect$$libinit$$00000015)
    __rt_lib_init_lc_numeric_2               0x08000245   Thumb Code     0  libinit2.o(.ARM.Collect$$libinit$$00000016)
    __rt_lib_init_alloca_1                   0x0800024f   Thumb Code     0  libinit2.o(.ARM.Collect$$libinit$$0000002E)
    __rt_lib_init_argv_1                     0x0800024f   Thumb Code     0  libinit2.o(.ARM.Collect$$libinit$$0000002C)
    __rt_lib_init_atexit_1                   0x0800024f   Thumb Code     0  libinit2.o(.ARM.Collect$$libinit$$0000001B)
    __rt_lib_init_clock_1                    0x0800024f   Thumb Code     0  libinit2.o(.ARM.Collect$$libinit$$00000021)
    __rt_lib_init_cpp_1                      0x0800024f   Thumb Code     0  libinit2.o(.ARM.Collect$$libinit$$00000032)
    __rt_lib_init_exceptions_1               0x0800024f   Thumb Code     0  libinit2.o(.ARM.Collect$$libinit$$00000030)
    __rt_lib_init_fp_trap_1                  0x0800024f   Thumb Code     0  libinit2.o(.ARM.Collect$$libinit$$0000001F)
    __rt_lib_init_getenv_1                   0x0800024f   Thumb Code     0  libinit2.o(.ARM.Collect$$libinit$$00000023)
    __rt_lib_init_lc_numeric_1               0x0800024f   Thumb Code     0  libinit2.o(.ARM.Collect$$libinit$$00000017)
    __rt_lib_init_lc_time_1                  0x0800024f   Thumb Code     0  libinit2.o(.ARM.Collect$$libinit$$00000019)
    __rt_lib_init_return                     0x0800024f   Thumb Code     0  libinit2.o(.ARM.Collect$$libinit$$00000033)
    __rt_lib_init_signal_1                   0x0800024f   Thumb Code     0  libinit2.o(.ARM.Collect$$libinit$$0000001D)
    __rt_lib_init_stdio_1                    0x0800024f   Thumb Code     0  libinit2.o(.ARM.Collect$$libinit$$00000025)
    __rt_lib_shutdown                        0x08000251   Thumb Code     0  libshutdown.o(.ARM.Collect$$libshutdown$$00000000)
    __rt_lib_shutdown_cpp_1                  0x08000253   Thumb Code     0  libshutdown2.o(.ARM.Collect$$libshutdown$$00000002)
    __rt_lib_shutdown_fp_trap_1              0x08000253   Thumb Code     0  libshutdown2.o(.ARM.Collect$$libshutdown$$00000007)
    __rt_lib_shutdown_heap_1                 0x08000253   Thumb Code     0  libshutdown2.o(.ARM.Collect$$libshutdown$$0000000F)
    __rt_lib_shutdown_return                 0x08000253   Thumb Code     0  libshutdown2.o(.ARM.Collect$$libshutdown$$00000010)
    __rt_lib_shutdown_signal_1               0x08000253   Thumb Code     0  libshutdown2.o(.ARM.Collect$$libshutdown$$0000000A)
    __rt_lib_shutdown_stdio_1                0x08000253   Thumb Code     0  libshutdown2.o(.ARM.Collect$$libshutdown$$00000004)
    __rt_lib_shutdown_user_alloc_1           0x08000253   Thumb Code     0  libshutdown2.o(.ARM.Collect$$libshutdown$$0000000C)
    __rt_entry                               0x08000255   Thumb Code     0  __rtentry.o(.ARM.Collect$$rtentry$$00000000)
    __rt_entry_presh_1                       0x08000255   Thumb Code     0  __rtentry2.o(.ARM.Collect$$rtentry$$00000002)
    __rt_entry_sh                            0x08000255   Thumb Code     0  __rtentry4.o(.ARM.Collect$$rtentry$$00000004)
    __rt_entry_li                            0x0800025b   Thumb Code     0  __rtentry2.o(.ARM.Collect$$rtentry$$0000000A)
    __rt_entry_postsh_1                      0x0800025b   Thumb Code     0  __rtentry2.o(.ARM.Collect$$rtentry$$00000009)
    __rt_entry_main                          0x0800025f   Thumb Code     0  __rtentry2.o(.ARM.Collect$$rtentry$$0000000D)
    __rt_entry_postli_1                      0x0800025f   Thumb Code     0  __rtentry2.o(.ARM.Collect$$rtentry$$0000000C)
    __rt_exit                                0x08000267   Thumb Code     0  rtexit.o(.ARM.Collect$$rtexit$$00000000)
    __rt_exit_ls                             0x08000269   Thumb Code     0  rtexit2.o(.ARM.Collect$$rtexit$$00000003)
    __rt_exit_prels_1                        0x08000269   Thumb Code     0  rtexit2.o(.ARM.Collect$$rtexit$$00000002)
    __rt_exit_exit                           0x0800026d   Thumb Code     0  rtexit2.o(.ARM.Collect$$rtexit$$00000004)
    Reset_Handler                            0x08000275   Thumb Code     8  startup_stm32f10x_md.o(.text)
    ADC1_2_IRQHandler                        0x0800028f   Thumb Code     0  startup_stm32f10x_md.o(.text)
    CAN1_RX1_IRQHandler                      0x0800028f   Thumb Code     0  startup_stm32f10x_md.o(.text)
    CAN1_SCE_IRQHandler                      0x0800028f   Thumb Code     0  startup_stm32f10x_md.o(.text)
    DMA1_Channel1_IRQHandler                 0x0800028f   Thumb Code     0  startup_stm32f10x_md.o(.text)
    DMA1_Channel2_IRQHandler                 0x0800028f   Thumb Code     0  startup_stm32f10x_md.o(.text)
    DMA1_Channel3_IRQHandler                 0x0800028f   Thumb Code     0  startup_stm32f10x_md.o(.text)
    DMA1_Channel4_IRQHandler                 0x0800028f   Thumb Code     0  startup_stm32f10x_md.o(.text)
    DMA1_Channel5_IRQHandler                 0x0800028f   Thumb Code     0  startup_stm32f10x_md.o(.text)
    DMA1_Channel6_IRQHandler                 0x0800028f   Thumb Code     0  startup_stm32f10x_md.o(.text)
    DMA1_Channel7_IRQHandler                 0x0800028f   Thumb Code     0  startup_stm32f10x_md.o(.text)
    EXTI0_IRQHandler                         0x0800028f   Thumb Code     0  startup_stm32f10x_md.o(.text)
    EXTI15_10_IRQHandler                     0x0800028f   Thumb Code     0  startup_stm32f10x_md.o(.text)
    EXTI1_IRQHandler                         0x0800028f   Thumb Code     0  startup_stm32f10x_md.o(.text)
    EXTI2_IRQHandler                         0x0800028f   Thumb Code     0  startup_stm32f10x_md.o(.text)
    EXTI3_IRQHandler                         0x0800028f   Thumb Code     0  startup_stm32f10x_md.o(.text)
    EXTI4_IRQHandler                         0x0800028f   Thumb Code     0  startup_stm32f10x_md.o(.text)
    EXTI9_5_IRQHandler                       0x0800028f   Thumb Code     0  startup_stm32f10x_md.o(.text)
    FLASH_IRQHandler                         0x0800028f   Thumb Code     0  startup_stm32f10x_md.o(.text)
    I2C1_ER_IRQHandler                       0x0800028f   Thumb Code     0  startup_stm32f10x_md.o(.text)
    I2C1_EV_IRQHandler                       0x0800028f   Thumb Code     0  startup_stm32f10x_md.o(.text)
    I2C2_ER_IRQHandler                       0x0800028f   Thumb Code     0  startup_stm32f10x_md.o(.text)
    I2C2_EV_IRQHandler                       0x0800028f   Thumb Code     0  startup_stm32f10x_md.o(.text)
    PVD_IRQHandler                           0x0800028f   Thumb Code     0  startup_stm32f10x_md.o(.text)
    RCC_IRQHandler                           0x0800028f   Thumb Code     0  startup_stm32f10x_md.o(.text)
    RTCAlarm_IRQHandler                      0x0800028f   Thumb Code     0  startup_stm32f10x_md.o(.text)
    RTC_IRQHandler                           0x0800028f   Thumb Code     0  startup_stm32f10x_md.o(.text)
    SPI1_IRQHandler                          0x0800028f   Thumb Code     0  startup_stm32f10x_md.o(.text)
    SPI2_IRQHandler                          0x0800028f   Thumb Code     0  startup_stm32f10x_md.o(.text)
    TAMPER_IRQHandler                        0x0800028f   Thumb Code     0  startup_stm32f10x_md.o(.text)
    TIM1_BRK_IRQHandler                      0x0800028f   Thumb Code     0  startup_stm32f10x_md.o(.text)
    TIM1_CC_IRQHandler                       0x0800028f   Thumb Code     0  startup_stm32f10x_md.o(.text)
    TIM1_TRG_COM_IRQHandler                  0x0800028f   Thumb Code     0  startup_stm32f10x_md.o(.text)
    TIM2_IRQHandler                          0x0800028f   Thumb Code     0  startup_stm32f10x_md.o(.text)
    TIM3_IRQHandler                          0x0800028f   Thumb Code     0  startup_stm32f10x_md.o(.text)
    TIM4_IRQHandler                          0x0800028f   Thumb Code     0  startup_stm32f10x_md.o(.text)
    USART1_IRQHandler                        0x0800028f   Thumb Code     0  startup_stm32f10x_md.o(.text)
    USART2_IRQHandler                        0x0800028f   Thumb Code     0  startup_stm32f10x_md.o(.text)
    USART3_IRQHandler                        0x0800028f   Thumb Code     0  startup_stm32f10x_md.o(.text)
    USBWakeUp_IRQHandler                     0x0800028f   Thumb Code     0  startup_stm32f10x_md.o(.text)
    USB_HP_CAN1_TX_IRQHandler                0x0800028f   Thumb Code     0  startup_stm32f10x_md.o(.text)
    USB_LP_CAN1_RX0_IRQHandler               0x0800028f   Thumb Code     0  startup_stm32f10x_md.o(.text)
    WWDG_IRQHandler                          0x0800028f   Thumb Code     0  startup_stm32f10x_md.o(.text)
    __user_initial_stackheap                 0x08000291   Thumb Code     0  startup_stm32f10x_md.o(.text)
    vsprintf                                 0x080002b5   Thumb Code    32  vsprintf.o(.text)
    strcmp                                   0x080002d9   Thumb Code   128  strcmpv7m.o(.text)
    __use_two_region_memory                  0x08000359   Thumb Code     2  heapauxi.o(.text)
    __rt_heap_escrow$2region                 0x0800035b   Thumb Code     2  heapauxi.o(.text)
    __rt_heap_expand$2region                 0x0800035d   Thumb Code     2  heapauxi.o(.text)
    _printf_pre_padding                      0x0800035f   Thumb Code    44  _printf_pad.o(.text)
    _printf_post_padding                     0x0800038b   Thumb Code    34  _printf_pad.o(.text)
    _printf_truncate_signed                  0x080003ad   Thumb Code    18  _printf_truncate.o(.text)
    _printf_truncate_unsigned                0x080003bf   Thumb Code    18  _printf_truncate.o(.text)
    _printf_str                              0x080003d1   Thumb Code    82  _printf_str.o(.text)
    _printf_int_dec                          0x08000425   Thumb Code   104  _printf_dec.o(.text)
    _printf_charcount                        0x0800049d   Thumb Code    40  _printf_charcount.o(.text)
    _printf_char_common                      0x080004cf   Thumb Code    32  _printf_char_common.o(.text)
    _sputc                                   0x080004f5   Thumb Code    10  _sputc.o(.text)
    _printf_wctomb                           0x08000501   Thumb Code   182  _printf_wctomb.o(.text)
    _printf_longlong_dec                     0x080005bd   Thumb Code   108  _printf_longlong_dec.o(.text)
    _printf_longlong_oct                     0x08000639   Thumb Code    66  _printf_oct_int_ll.o(.text)
    _printf_int_oct                          0x0800067b   Thumb Code    24  _printf_oct_int_ll.o(.text)
    _printf_ll_oct                           0x08000693   Thumb Code    12  _printf_oct_int_ll.o(.text)
    _printf_longlong_hex                     0x080006a9   Thumb Code    86  _printf_hex_int_ll_ptr.o(.text)
    _printf_int_hex                          0x080006ff   Thumb Code    28  _printf_hex_int_ll_ptr.o(.text)
    _printf_ll_hex                           0x0800071b   Thumb Code    12  _printf_hex_int_ll_ptr.o(.text)
    _printf_hex_ptr                          0x08000727   Thumb Code    18  _printf_hex_int_ll_ptr.o(.text)
    __printf                                 0x0800073d   Thumb Code   388  __printf_flags_ss_wp.o(.text)
    _ll_udiv10                               0x080008c5   Thumb Code   138  lludiv10.o(.text)
    _printf_int_common                       0x0800094f   Thumb Code   178  _printf_intcommon.o(.text)
    __lib_sel_fp_printf                      0x08000a01   Thumb Code     2  _printf_fp_dec.o(.text)
    _printf_fp_dec_real                      0x08000bb3   Thumb Code   620  _printf_fp_dec.o(.text)
    _printf_fp_hex_real                      0x08000e21   Thumb Code   756  _printf_fp_hex.o(.text)
    _printf_cs_common                        0x0800111d   Thumb Code    20  _printf_char.o(.text)
    _printf_char                             0x08001131   Thumb Code    16  _printf_char.o(.text)
    _printf_string                           0x08001141   Thumb Code     8  _printf_char.o(.text)
    _printf_lcs_common                       0x08001149   Thumb Code    20  _printf_wchar.o(.text)
    _printf_wchar                            0x0800115d   Thumb Code    16  _printf_wchar.o(.text)
    _printf_wstring                          0x0800116d   Thumb Code     8  _printf_wchar.o(.text)
    _wcrtomb                                 0x08001175   Thumb Code    64  _wcrtomb.o(.text)
    __user_libspace                          0x080011b5   Thumb Code     8  libspace.o(.text)
    __user_perproc_libspace                  0x080011b5   Thumb Code     0  libspace.o(.text)
    __user_perthread_libspace                0x080011b5   Thumb Code     0  libspace.o(.text)
    __user_setup_stackheap                   0x080011bd   Thumb Code    74  sys_stackheap_outer.o(.text)
    __rt_ctype_table                         0x08001209   Thumb Code    16  rt_ctype_table.o(.text)
    __rt_locale                              0x08001219   Thumb Code     8  rt_locale_intlibspace.o(.text)
    _printf_fp_infnan                        0x08001221   Thumb Code   112  _printf_fp_infnan.o(.text)
    _btod_etento                             0x080012a1   Thumb Code   224  bigflt0.o(.text)
    exit                                     0x08001385   Thumb Code    18  exit.o(.text)
    _sys_exit                                0x08001399   Thumb Code     8  sys_exit.o(.text)
    __I$use$semihosting                      0x080013a5   Thumb Code     0  use_no_semi.o(.text)
    __use_no_semihosting_swi                 0x080013a5   Thumb Code     2  use_no_semi.o(.text)
    __semihosting_library_function           0x080013a7   Thumb Code     0  indicate_semi.o(.text)
    _btod_d2e                                0x080013a7   Thumb Code    62  btod.o(CL$$btod_d2e)
    _d2e_denorm_low                          0x080013e5   Thumb Code    70  btod.o(CL$$btod_d2e_denorm_low)
    _d2e_norm_op1                            0x0800142b   Thumb Code    96  btod.o(CL$$btod_d2e_norm_op1)
    __btod_div_common                        0x0800148b   Thumb Code   696  btod.o(CL$$btod_div_common)
    _e2e                                     0x080017c3   Thumb Code   220  btod.o(CL$$btod_e2e)
    _btod_ediv                               0x0800189f   Thumb Code    42  btod.o(CL$$btod_ediv)
    _btod_emul                               0x080018c9   Thumb Code    42  btod.o(CL$$btod_emul)
    __btod_mult_common                       0x080018f3   Thumb Code   580  btod.o(CL$$btod_mult_common)
    ADC_Cmd                                  0x08001b37   Thumb Code    22  stm32f10x_adc.o(i.ADC_Cmd)
    ADC_GetCalibrationStatus                 0x08001b4d   Thumb Code    20  stm32f10x_adc.o(i.ADC_GetCalibrationStatus)
    ADC_GetResetCalibrationStatus            0x08001b61   Thumb Code    20  stm32f10x_adc.o(i.ADC_GetResetCalibrationStatus)
    ADC_Init                                 0x08001b75   Thumb Code    70  stm32f10x_adc.o(i.ADC_Init)
    ADC_ResetCalibration                     0x08001bc5   Thumb Code    10  stm32f10x_adc.o(i.ADC_ResetCalibration)
    ADC_StartCalibration                     0x08001bcf   Thumb Code    10  stm32f10x_adc.o(i.ADC_StartCalibration)
    BusFault_Handler                         0x08001bd9   Thumb Code     4  stm32f10x_it.o(i.BusFault_Handler)
    CAN_FilterInit                           0x08001bdd   Thumb Code   258  stm32f10x_can.o(i.CAN_FilterInit)
    CAN_Init                                 0x08001ce5   Thumb Code   276  stm32f10x_can.o(i.CAN_Init)
    CAN_MessagePending                       0x08001df9   Thumb Code    30  stm32f10x_can.o(i.CAN_MessagePending)
    CAN_Receive                              0x08001e17   Thumb Code   240  stm32f10x_can.o(i.CAN_Receive)
    CAN_Transmit                             0x08001f07   Thumb Code   294  stm32f10x_can.o(i.CAN_Transmit)
    CAN_TransmitStatus                       0x0800202d   Thumb Code   138  stm32f10x_can.o(i.CAN_TransmitStatus)
    DebugMon_Handler                         0x080020cd   Thumb Code     2  stm32f10x_it.o(i.DebugMon_Handler)
    GPIO_Init                                0x080020cf   Thumb Code   278  stm32f10x_gpio.o(i.GPIO_Init)
    GPIO_PinRemapConfig                      0x080021e5   Thumb Code   138  stm32f10x_gpio.o(i.GPIO_PinRemapConfig)
    GPIO_ReadInputDataBit                    0x08002275   Thumb Code    18  stm32f10x_gpio.o(i.GPIO_ReadInputDataBit)
    GPIO_ResetBits                           0x08002287   Thumb Code     4  stm32f10x_gpio.o(i.GPIO_ResetBits)
    GPIO_SetBits                             0x0800228b   Thumb Code     4  stm32f10x_gpio.o(i.GPIO_SetBits)
    GPIO_WriteBit                            0x0800228f   Thumb Code    10  stm32f10x_gpio.o(i.GPIO_WriteBit)
    HardFault_Handler                        0x08002299   Thumb Code     4  stm32f10x_it.o(i.HardFault_Handler)
    MemManage_Handler                        0x0800229d   Thumb Code     4  stm32f10x_it.o(i.MemManage_Handler)
    MyCAN_Init                               0x080022a1   Thumb Code   202  can.o(i.MyCAN_Init)
    MyCAN_Receive                            0x08002375   Thumb Code    16  can.o(i.MyCAN_Receive)
    MyCAN_ReceiveFlag                        0x08002389   Thumb Code    22  can.o(i.MyCAN_ReceiveFlag)
    MyCAN_Transmit                           0x080023a5   Thumb Code    44  can.o(i.MyCAN_Transmit)
    NMI_Handler                              0x080023d9   Thumb Code     2  stm32f10x_it.o(i.NMI_Handler)
    NVIC_Init                                0x080023dd   Thumb Code   100  misc.o(i.NVIC_Init)
    NVIC_PriorityGroupConfig                 0x0800244d   Thumb Code    10  misc.o(i.NVIC_PriorityGroupConfig)
    OLED_ClearArea                           0x08002461   Thumb Code   140  oled.o(i.OLED_ClearArea)
    OLED_GPIO_Init                           0x080024f1   Thumb Code   108  oled.o(i.OLED_GPIO_Init)
    OLED_I2C_SendByte                        0x08002561   Thumb Code    62  oled.o(i.OLED_I2C_SendByte)
    OLED_I2C_Start                           0x0800259f   Thumb Code    28  oled.o(i.OLED_I2C_Start)
    OLED_I2C_Stop                            0x080025bb   Thumb Code    22  oled.o(i.OLED_I2C_Stop)
    OLED_Pow                                 0x080025d1   Thumb Code    20  oled.o(i.OLED_Pow)
    OLED_SetCursor                           0x080025e5   Thumb Code    34  oled.o(i.OLED_SetCursor)
    OLED_W_SCL                               0x08002609   Thumb Code    18  oled.o(i.OLED_W_SCL)
    OLED_W_SDA                               0x08002621   Thumb Code    18  oled.o(i.OLED_W_SDA)
    OLED_WriteCommand                        0x08002639   Thumb Code    32  oled.o(i.OLED_WriteCommand)
    OLED_WriteData                           0x08002659   Thumb Code    46  oled.o(i.OLED_WriteData)
    PendSV_Handler                           0x08002687   Thumb Code     2  stm32f10x_it.o(i.PendSV_Handler)
    RCC_ADCCLKConfig                         0x08002689   Thumb Code    18  stm32f10x_rcc.o(i.RCC_ADCCLKConfig)
    RCC_APB1PeriphClockCmd                   0x080026a1   Thumb Code    26  stm32f10x_rcc.o(i.RCC_APB1PeriphClockCmd)
    RCC_APB2PeriphClockCmd                   0x080026c1   Thumb Code    26  stm32f10x_rcc.o(i.RCC_APB2PeriphClockCmd)
    RCC_GetClocksFreq                        0x080026e1   Thumb Code   192  stm32f10x_rcc.o(i.RCC_GetClocksFreq)
    SVC_Handler                              0x080027b5   Thumb Code     2  stm32f10x_it.o(i.SVC_Handler)
    SysTick_Handler                          0x080028a1   Thumb Code     2  stm32f10x_it.o(i.SysTick_Handler)
    SystemInit                               0x080028a5   Thumb Code    78  system_stm32f10x.o(i.SystemInit)
    TIM1_UP_IRQHandler                       0x08002b45   Thumb Code    74  main.o(i.TIM1_UP_IRQHandler)
    TIM_ClearFlag                            0x08002b9d   Thumb Code     6  stm32f10x_tim.o(i.TIM_ClearFlag)
    TIM_ClearITPendingBit                    0x08002ba3   Thumb Code     6  stm32f10x_tim.o(i.TIM_ClearITPendingBit)
    TIM_Cmd                                  0x08002ba9   Thumb Code    24  stm32f10x_tim.o(i.TIM_Cmd)
    TIM_EncoderInterfaceConfig               0x08002bc1   Thumb Code    66  stm32f10x_tim.o(i.TIM_EncoderInterfaceConfig)
    TIM_GetITStatus                          0x08002c03   Thumb Code    34  stm32f10x_tim.o(i.TIM_GetITStatus)
    TIM_ICInit                               0x08002c25   Thumb Code   150  stm32f10x_tim.o(i.TIM_ICInit)
    TIM_ICStructInit                         0x08002cd1   Thumb Code    18  stm32f10x_tim.o(i.TIM_ICStructInit)
    TIM_ITConfig                             0x08002ce3   Thumb Code    18  stm32f10x_tim.o(i.TIM_ITConfig)
    TIM_InternalClockConfig                  0x08002cf5   Thumb Code    12  stm32f10x_tim.o(i.TIM_InternalClockConfig)
    TIM_OC1Init                              0x08002d01   Thumb Code   132  stm32f10x_tim.o(i.TIM_OC1Init)
    TIM_OC2Init                              0x08002d99   Thumb Code   154  stm32f10x_tim.o(i.TIM_OC2Init)
    TIM_OCStructInit                         0x08002e3d   Thumb Code    20  stm32f10x_tim.o(i.TIM_OCStructInit)
    TIM_SetIC1Prescaler                      0x08002e51   Thumb Code    18  stm32f10x_tim.o(i.TIM_SetIC1Prescaler)
    TIM_SetIC2Prescaler                      0x08002e63   Thumb Code    26  stm32f10x_tim.o(i.TIM_SetIC2Prescaler)
    TIM_SetIC3Prescaler                      0x08002e7d   Thumb Code    18  stm32f10x_tim.o(i.TIM_SetIC3Prescaler)
    TIM_SetIC4Prescaler                      0x08002e8f   Thumb Code    26  stm32f10x_tim.o(i.TIM_SetIC4Prescaler)
    TIM_TimeBaseInit                         0x08002ea9   Thumb Code   122  stm32f10x_tim.o(i.TIM_TimeBaseInit)
    USART_Cmd                                0x08002f4d   Thumb Code    24  stm32f10x_usart.o(i.USART_Cmd)
    USART_GetFlagStatus                      0x08002f65   Thumb Code    26  stm32f10x_usart.o(i.USART_GetFlagStatus)
    USART_ITConfig                           0x08002f7f   Thumb Code    74  stm32f10x_usart.o(i.USART_ITConfig)
    USART_Init                               0x08002fc9   Thumb Code   210  stm32f10x_usart.o(i.USART_Init)
    USART_SendData                           0x080030a1   Thumb Code     8  stm32f10x_usart.o(i.USART_SendData)
    UsageFault_Handler                       0x080030a9   Thumb Code     4  stm32f10x_it.o(i.UsageFault_Handler)
    __ARM_fpclassify                         0x080030ad   Thumb Code    40  fpclassify.o(i.__ARM_fpclassify)
    _is_digit                                0x080030d5   Thumb Code    14  __printf_wp.o(i._is_digit)
    adcInit                                  0x080030e5   Thumb Code   242  adc.o(i.adcInit)
    delayMs                                  0x080031e1   Thumb Code    24  delay.o(i.delayMs)
    delayUs                                  0x080031f9   Thumb Code    46  delay.o(i.delayUs)
    encoderAInit                             0x08003229   Thumb Code   186  encoder.o(i.encoderAInit)
    encoderBInit                             0x080032ed   Thumb Code   186  encoder.o(i.encoderBInit)
    keyCheck                                 0x080033b1   Thumb Code    56  key.o(i.keyCheck)
    keyGetState                              0x080033ed   Thumb Code    38  key.o(i.keyGetState)
    keyInit                                  0x08003419   Thumb Code   312  key.o(i.keyInit)
    keyTick                                  0x08003561   Thumb Code  1028  key.o(i.keyTick)
    ledInit                                  0x08003965   Thumb Code   754  led.o(i.ledInit)
    ledSetMode                               0x08003c6d   Thumb Code    32  led.o(i.ledSetMode)
    ledTick                                  0x08003c91   Thumb Code    30  led.o(i.ledTick)
    ledUpdate                                0x08003cb9   Thumb Code    80  led.o(i.ledUpdate)
    main                                     0x08003d09   Thumb Code   512  main.o(i.main)
    motorABInit                              0x08003f61   Thumb Code   136  motor.o(i.motorABInit)
    oledClear                                0x08003fed   Thumb Code    36  oled.o(i.oledClear)
    oledInit                                 0x08004015   Thumb Code   154  oled.o(i.oledInit)
    oledShowChar                             0x080040b1   Thumb Code    74  oled.o(i.oledShowChar)
    oledShowHexNum                           0x08004105   Thumb Code    96  oled.o(i.oledShowHexNum)
    oledShowImage                            0x08004165   Thumb Code   248  oled.o(i.oledShowImage)
    oledShowString                           0x08004261   Thumb Code   262  oled.o(i.oledShowString)
    oledUpdate                               0x08004371   Thumb Code    36  oled.o(i.oledUpdate)
    pwmInit                                  0x08004399   Thumb Code   222  pwm.o(i.pwmInit)
    serialInit                               0x0800447d   Thumb Code   194  serial.o(i.serialInit)
    serialPrintf                             0x08004549   Thumb Code    36  serial.o(i.serialPrintf)
    serialSendByte                           0x0800456d   Thumb Code    28  serial.o(i.serialSendByte)
    serialSendString                         0x0800458d   Thumb Code    26  serial.o(i.serialSendString)
    timerInit                                0x080045a9   Thumb Code   116  timer.o(i.timerInit)
    _get_lc_numeric                          0x08004621   Thumb Code    44  lc_numeric_c.o(locale$$code)
    _get_lc_ctype                            0x0800464d   Thumb Code    44  lc_ctype_c.o(locale$$code)
    _printf_fp_dec                           0x08004679   Thumb Code     4  printf1.o(x$fpl$printf1)
    _printf_fp_hex                           0x0800467d   Thumb Code     4  printf2.o(x$fpl$printf2)
    __I$use$fp                               0x08004680   Number         0  usenofp.o(x$fpl$usenofp)
    mode_config                              0x08004680   Data          20  led.o(.constdata)
    OLED_F8x16                               0x08004694   Data        1520  oled_data.o(.constdata)
    OLED_F6x8                                0x08004c84   Data         570  oled_data.o(.constdata)
    OLED_CF16x16                             0x08004ebe   Data         245  oled_data.o(.constdata)
    Diode                                    0x08004fb3   Data          32  oled_data.o(.constdata)
    Region$$Table$$Base                      0x080050d0   Number         0  anon$$obj.o(Region$$Table)
    Region$$Table$$Limit                     0x080050f0   Number         0  anon$$obj.o(Region$$Table)
    __ctype                                  0x08005119   Data           0  lc_ctype_c.o(locale$$data)
    Num1                                     0x20000018   Data           2  main.o(.data)
    Num2                                     0x2000001a   Data           2  main.o(.data)
    A_Speed                                  0x2000001c   Data           2  main.o(.data)
    B_Speed                                  0x2000001e   Data           2  main.o(.data)
    A_Location                               0x20000020   Data           2  main.o(.data)
    B_Location                               0x20000022   Data           2  main.o(.data)
    Speed                                    0x20000024   Data           2  main.o(.data)
    Location                                 0x20000026   Data           2  main.o(.data)
    Inner                                    0x20000028   Data          44  main.o(.data)
    Outer                                    0x20000054   Data          44  main.o(.data)
    TxMsgArray                               0x20000080   Data         240  main.o(.data)
    pTxMsgArray                              0x20000170   Data           1  main.o(.data)
    g_leds                                   0x20000174   Data          80  led.o(.bss)
    g_keys                                   0x200001c4   Data          48  key.o(.bss)
    OLED_DisplayBuf                          0x200001f4   Data        1024  oled.o(.bss)
    RxMsg                                    0x200005f4   Data          20  main.o(.bss)
    __libspace_start                         0x20000608   Data          96  libspace.o(.bss)
    __temporary_stack_top$libspace           0x20000668   Data           0  libspace.o(.bss)



==============================================================================

Memory Map of the image

  Image Entry point : 0x080000ed

  Load Region LR_IROM1 (Base: 0x08000000, Size: 0x00005390, Max: 0x00010000, ABSOLUTE, COMPRESSED[0x00005288])

    Execution Region ER_IROM1 (Exec base: 0x08000000, Load base: 0x08000000, Size: 0x0000521c, Max: 0x00010000, ABSOLUTE)

    Exec Addr    Load Addr    Size         Type   Attr      Idx    E Section Name        Object

    0x08000000   0x08000000   0x000000ec   Data   RO            3    RESET               startup_stm32f10x_md.o
    0x080000ec   0x080000ec   0x00000008   Code   RO         4229  * !!!main             c_w.l(__main.o)
    0x080000f4   0x080000f4   0x00000034   Code   RO         4668    !!!scatter          c_w.l(__scatter.o)
    0x08000128   0x08000128   0x0000005a   Code   RO         4666    !!dczerorl2         c_w.l(__dczerorl2.o)
    0x08000182   0x08000182   0x00000002   PAD
    0x08000184   0x08000184   0x0000001c   Code   RO         4670    !!handler_zi        c_w.l(__scatter_zi.o)
    0x080001a0   0x080001a0   0x00000000   Code   RO         4377    .ARM.Collect$$_printf_percent$$00000000  c_w.l(_printf_percent.o)
    0x080001a0   0x080001a0   0x00000006   Code   RO         4366    .ARM.Collect$$_printf_percent$$00000001  c_w.l(_printf_n.o)
    0x080001a6   0x080001a6   0x00000006   Code   RO         4368    .ARM.Collect$$_printf_percent$$00000002  c_w.l(_printf_p.o)
    0x080001ac   0x080001ac   0x00000006   Code   RO         4373    .ARM.Collect$$_printf_percent$$00000003  c_w.l(_printf_f.o)
    0x080001b2   0x080001b2   0x00000006   Code   RO         4374    .ARM.Collect$$_printf_percent$$00000004  c_w.l(_printf_e.o)
    0x080001b8   0x080001b8   0x00000006   Code   RO         4375    .ARM.Collect$$_printf_percent$$00000005  c_w.l(_printf_g.o)
    0x080001be   0x080001be   0x00000006   Code   RO         4376    .ARM.Collect$$_printf_percent$$00000006  c_w.l(_printf_a.o)
    0x080001c4   0x080001c4   0x0000000a   Code   RO         4381    .ARM.Collect$$_printf_percent$$00000007  c_w.l(_printf_ll.o)
    0x080001ce   0x080001ce   0x00000006   Code   RO         4370    .ARM.Collect$$_printf_percent$$00000008  c_w.l(_printf_i.o)
    0x080001d4   0x080001d4   0x00000006   Code   RO         4371    .ARM.Collect$$_printf_percent$$00000009  c_w.l(_printf_d.o)
    0x080001da   0x080001da   0x00000006   Code   RO         4372    .ARM.Collect$$_printf_percent$$0000000A  c_w.l(_printf_u.o)
    0x080001e0   0x080001e0   0x00000006   Code   RO         4369    .ARM.Collect$$_printf_percent$$0000000B  c_w.l(_printf_o.o)
    0x080001e6   0x080001e6   0x00000006   Code   RO         4367    .ARM.Collect$$_printf_percent$$0000000C  c_w.l(_printf_x.o)
    0x080001ec   0x080001ec   0x00000006   Code   RO         4378    .ARM.Collect$$_printf_percent$$0000000D  c_w.l(_printf_lli.o)
    0x080001f2   0x080001f2   0x00000006   Code   RO         4379    .ARM.Collect$$_printf_percent$$0000000E  c_w.l(_printf_lld.o)
    0x080001f8   0x080001f8   0x00000006   Code   RO         4380    .ARM.Collect$$_printf_percent$$0000000F  c_w.l(_printf_llu.o)
    0x080001fe   0x080001fe   0x00000006   Code   RO         4385    .ARM.Collect$$_printf_percent$$00000010  c_w.l(_printf_llo.o)
    0x08000204   0x08000204   0x00000006   Code   RO         4386    .ARM.Collect$$_printf_percent$$00000011  c_w.l(_printf_llx.o)
    0x0800020a   0x0800020a   0x0000000a   Code   RO         4382    .ARM.Collect$$_printf_percent$$00000012  c_w.l(_printf_l.o)
    0x08000214   0x08000214   0x00000006   Code   RO         4364    .ARM.Collect$$_printf_percent$$00000013  c_w.l(_printf_c.o)
    0x0800021a   0x0800021a   0x00000006   Code   RO         4365    .ARM.Collect$$_printf_percent$$00000014  c_w.l(_printf_s.o)
    0x08000220   0x08000220   0x00000006   Code   RO         4383    .ARM.Collect$$_printf_percent$$00000015  c_w.l(_printf_lc.o)
    0x08000226   0x08000226   0x00000006   Code   RO         4384    .ARM.Collect$$_printf_percent$$00000016  c_w.l(_printf_ls.o)
    0x0800022c   0x0800022c   0x00000004   Code   RO         4470    .ARM.Collect$$_printf_percent$$00000017  c_w.l(_printf_percent_end.o)
    0x08000230   0x08000230   0x00000002   Code   RO         4528    .ARM.Collect$$libinit$$00000000  c_w.l(libinit.o)
    0x08000232   0x08000232   0x00000000   Code   RO         4539    .ARM.Collect$$libinit$$00000002  c_w.l(libinit2.o)
    0x08000232   0x08000232   0x00000000   Code   RO         4541    .ARM.Collect$$libinit$$00000004  c_w.l(libinit2.o)
    0x08000232   0x08000232   0x00000000   Code   RO         4544    .ARM.Collect$$libinit$$0000000A  c_w.l(libinit2.o)
    0x08000232   0x08000232   0x00000000   Code   RO         4546    .ARM.Collect$$libinit$$0000000C  c_w.l(libinit2.o)
    0x08000232   0x08000232   0x00000000   Code   RO         4548    .ARM.Collect$$libinit$$0000000E  c_w.l(libinit2.o)
    0x08000232   0x08000232   0x00000006   Code   RO         4549    .ARM.Collect$$libinit$$0000000F  c_w.l(libinit2.o)
    0x08000238   0x08000238   0x00000000   Code   RO         4551    .ARM.Collect$$libinit$$00000011  c_w.l(libinit2.o)
    0x08000238   0x08000238   0x0000000c   Code   RO         4552    .ARM.Collect$$libinit$$00000012  c_w.l(libinit2.o)
    0x08000244   0x08000244   0x00000000   Code   RO         4553    .ARM.Collect$$libinit$$00000013  c_w.l(libinit2.o)
    0x08000244   0x08000244   0x00000000   Code   RO         4555    .ARM.Collect$$libinit$$00000015  c_w.l(libinit2.o)
    0x08000244   0x08000244   0x0000000a   Code   RO         4556    .ARM.Collect$$libinit$$00000016  c_w.l(libinit2.o)
    0x0800024e   0x0800024e   0x00000000   Code   RO         4557    .ARM.Collect$$libinit$$00000017  c_w.l(libinit2.o)
    0x0800024e   0x0800024e   0x00000000   Code   RO         4559    .ARM.Collect$$libinit$$00000019  c_w.l(libinit2.o)
    0x0800024e   0x0800024e   0x00000000   Code   RO         4561    .ARM.Collect$$libinit$$0000001B  c_w.l(libinit2.o)
    0x0800024e   0x0800024e   0x00000000   Code   RO         4563    .ARM.Collect$$libinit$$0000001D  c_w.l(libinit2.o)
    0x0800024e   0x0800024e   0x00000000   Code   RO         4565    .ARM.Collect$$libinit$$0000001F  c_w.l(libinit2.o)
    0x0800024e   0x0800024e   0x00000000   Code   RO         4567    .ARM.Collect$$libinit$$00000021  c_w.l(libinit2.o)
    0x0800024e   0x0800024e   0x00000000   Code   RO         4569    .ARM.Collect$$libinit$$00000023  c_w.l(libinit2.o)
    0x0800024e   0x0800024e   0x00000000   Code   RO         4571    .ARM.Collect$$libinit$$00000025  c_w.l(libinit2.o)
    0x0800024e   0x0800024e   0x00000000   Code   RO         4575    .ARM.Collect$$libinit$$0000002C  c_w.l(libinit2.o)
    0x0800024e   0x0800024e   0x00000000   Code   RO         4577    .ARM.Collect$$libinit$$0000002E  c_w.l(libinit2.o)
    0x0800024e   0x0800024e   0x00000000   Code   RO         4579    .ARM.Collect$$libinit$$00000030  c_w.l(libinit2.o)
    0x0800024e   0x0800024e   0x00000000   Code   RO         4581    .ARM.Collect$$libinit$$00000032  c_w.l(libinit2.o)
    0x0800024e   0x0800024e   0x00000002   Code   RO         4582    .ARM.Collect$$libinit$$00000033  c_w.l(libinit2.o)
    0x08000250   0x08000250   0x00000002   Code   RO         4606    .ARM.Collect$$libshutdown$$00000000  c_w.l(libshutdown.o)
    0x08000252   0x08000252   0x00000000   Code   RO         4619    .ARM.Collect$$libshutdown$$00000002  c_w.l(libshutdown2.o)
    0x08000252   0x08000252   0x00000000   Code   RO         4621    .ARM.Collect$$libshutdown$$00000004  c_w.l(libshutdown2.o)
    0x08000252   0x08000252   0x00000000   Code   RO         4624    .ARM.Collect$$libshutdown$$00000007  c_w.l(libshutdown2.o)
    0x08000252   0x08000252   0x00000000   Code   RO         4627    .ARM.Collect$$libshutdown$$0000000A  c_w.l(libshutdown2.o)
    0x08000252   0x08000252   0x00000000   Code   RO         4629    .ARM.Collect$$libshutdown$$0000000C  c_w.l(libshutdown2.o)
    0x08000252   0x08000252   0x00000000   Code   RO         4632    .ARM.Collect$$libshutdown$$0000000F  c_w.l(libshutdown2.o)
    0x08000252   0x08000252   0x00000002   Code   RO         4633    .ARM.Collect$$libshutdown$$00000010  c_w.l(libshutdown2.o)
    0x08000254   0x08000254   0x00000000   Code   RO         4293    .ARM.Collect$$rtentry$$00000000  c_w.l(__rtentry.o)
    0x08000254   0x08000254   0x00000000   Code   RO         4436    .ARM.Collect$$rtentry$$00000002  c_w.l(__rtentry2.o)
    0x08000254   0x08000254   0x00000006   Code   RO         4448    .ARM.Collect$$rtentry$$00000004  c_w.l(__rtentry4.o)
    0x0800025a   0x0800025a   0x00000000   Code   RO         4438    .ARM.Collect$$rtentry$$00000009  c_w.l(__rtentry2.o)
    0x0800025a   0x0800025a   0x00000004   Code   RO         4439    .ARM.Collect$$rtentry$$0000000A  c_w.l(__rtentry2.o)
    0x0800025e   0x0800025e   0x00000000   Code   RO         4441    .ARM.Collect$$rtentry$$0000000C  c_w.l(__rtentry2.o)
    0x0800025e   0x0800025e   0x00000008   Code   RO         4442    .ARM.Collect$$rtentry$$0000000D  c_w.l(__rtentry2.o)
    0x08000266   0x08000266   0x00000002   Code   RO         4533    .ARM.Collect$$rtexit$$00000000  c_w.l(rtexit.o)
    0x08000268   0x08000268   0x00000000   Code   RO         4586    .ARM.Collect$$rtexit$$00000002  c_w.l(rtexit2.o)
    0x08000268   0x08000268   0x00000004   Code   RO         4587    .ARM.Collect$$rtexit$$00000003  c_w.l(rtexit2.o)
    0x0800026c   0x0800026c   0x00000006   Code   RO         4588    .ARM.Collect$$rtexit$$00000004  c_w.l(rtexit2.o)
    0x08000272   0x08000272   0x00000002   PAD
    0x08000274   0x08000274   0x00000040   Code   RO            4    .text               startup_stm32f10x_md.o
    0x080002b4   0x080002b4   0x00000024   Code   RO         4223    .text               c_w.l(vsprintf.o)
    0x080002d8   0x080002d8   0x00000080   Code   RO         4225    .text               c_w.l(strcmpv7m.o)
    0x08000358   0x08000358   0x00000006   Code   RO         4227    .text               c_w.l(heapauxi.o)
    0x0800035e   0x0800035e   0x0000004e   Code   RO         4298    .text               c_w.l(_printf_pad.o)
    0x080003ac   0x080003ac   0x00000024   Code   RO         4300    .text               c_w.l(_printf_truncate.o)
    0x080003d0   0x080003d0   0x00000052   Code   RO         4302    .text               c_w.l(_printf_str.o)
    0x08000422   0x08000422   0x00000002   PAD
    0x08000424   0x08000424   0x00000078   Code   RO         4304    .text               c_w.l(_printf_dec.o)
    0x0800049c   0x0800049c   0x00000028   Code   RO         4306    .text               c_w.l(_printf_charcount.o)
    0x080004c4   0x080004c4   0x00000030   Code   RO         4308    .text               c_w.l(_printf_char_common.o)
    0x080004f4   0x080004f4   0x0000000a   Code   RO         4310    .text               c_w.l(_sputc.o)
    0x080004fe   0x080004fe   0x00000002   PAD
    0x08000500   0x08000500   0x000000bc   Code   RO         4312    .text               c_w.l(_printf_wctomb.o)
    0x080005bc   0x080005bc   0x0000007c   Code   RO         4315    .text               c_w.l(_printf_longlong_dec.o)
    0x08000638   0x08000638   0x00000070   Code   RO         4321    .text               c_w.l(_printf_oct_int_ll.o)
    0x080006a8   0x080006a8   0x00000094   Code   RO         4341    .text               c_w.l(_printf_hex_int_ll_ptr.o)
    0x0800073c   0x0800073c   0x00000188   Code   RO         4361    .text               c_w.l(__printf_flags_ss_wp.o)
    0x080008c4   0x080008c4   0x0000008a   Code   RO         4455    .text               c_w.l(lludiv10.o)
    0x0800094e   0x0800094e   0x000000b2   Code   RO         4457    .text               c_w.l(_printf_intcommon.o)
    0x08000a00   0x08000a00   0x0000041e   Code   RO         4459    .text               c_w.l(_printf_fp_dec.o)
    0x08000e1e   0x08000e1e   0x00000002   PAD
    0x08000e20   0x08000e20   0x000002fc   Code   RO         4461    .text               c_w.l(_printf_fp_hex.o)
    0x0800111c   0x0800111c   0x0000002c   Code   RO         4466    .text               c_w.l(_printf_char.o)
    0x08001148   0x08001148   0x0000002c   Code   RO         4468    .text               c_w.l(_printf_wchar.o)
    0x08001174   0x08001174   0x00000040   Code   RO         4471    .text               c_w.l(_wcrtomb.o)
    0x080011b4   0x080011b4   0x00000008   Code   RO         4479    .text               c_w.l(libspace.o)
    0x080011bc   0x080011bc   0x0000004a   Code   RO         4482    .text               c_w.l(sys_stackheap_outer.o)
    0x08001206   0x08001206   0x00000002   PAD
    0x08001208   0x08001208   0x00000010   Code   RO         4484    .text               c_w.l(rt_ctype_table.o)
    0x08001218   0x08001218   0x00000008   Code   RO         4489    .text               c_w.l(rt_locale_intlibspace.o)
    0x08001220   0x08001220   0x00000080   Code   RO         4491    .text               c_w.l(_printf_fp_infnan.o)
    0x080012a0   0x080012a0   0x000000e4   Code   RO         4493    .text               c_w.l(bigflt0.o)
    0x08001384   0x08001384   0x00000012   Code   RO         4521    .text               c_w.l(exit.o)
    0x08001396   0x08001396   0x00000002   PAD
    0x08001398   0x08001398   0x0000000c   Code   RO         4598    .text               c_w.l(sys_exit.o)
    0x080013a4   0x080013a4   0x00000002   Code   RO         4609    .text               c_w.l(use_no_semi.o)
    0x080013a6   0x080013a6   0x00000000   Code   RO         4611    .text               c_w.l(indicate_semi.o)
    0x080013a6   0x080013a6   0x0000003e   Code   RO         4496    CL$$btod_d2e        c_w.l(btod.o)
    0x080013e4   0x080013e4   0x00000046   Code   RO         4498    CL$$btod_d2e_denorm_low  c_w.l(btod.o)
    0x0800142a   0x0800142a   0x00000060   Code   RO         4497    CL$$btod_d2e_norm_op1  c_w.l(btod.o)
    0x0800148a   0x0800148a   0x00000338   Code   RO         4506    CL$$btod_div_common  c_w.l(btod.o)
    0x080017c2   0x080017c2   0x000000dc   Code   RO         4503    CL$$btod_e2e        c_w.l(btod.o)
    0x0800189e   0x0800189e   0x0000002a   Code   RO         4500    CL$$btod_ediv       c_w.l(btod.o)
    0x080018c8   0x080018c8   0x0000002a   Code   RO         4499    CL$$btod_emul       c_w.l(btod.o)
    0x080018f2   0x080018f2   0x00000244   Code   RO         4505    CL$$btod_mult_common  c_w.l(btod.o)
    0x08001b36   0x08001b36   0x00000016   Code   RO          202    i.ADC_Cmd           stm32f10x_adc.o
    0x08001b4c   0x08001b4c   0x00000014   Code   RO          210    i.ADC_GetCalibrationStatus  stm32f10x_adc.o
    0x08001b60   0x08001b60   0x00000014   Code   RO          216    i.ADC_GetResetCalibrationStatus  stm32f10x_adc.o
    0x08001b74   0x08001b74   0x00000050   Code   RO          220    i.ADC_Init          stm32f10x_adc.o
    0x08001bc4   0x08001bc4   0x0000000a   Code   RO          225    i.ADC_ResetCalibration  stm32f10x_adc.o
    0x08001bce   0x08001bce   0x0000000a   Code   RO          229    i.ADC_StartCalibration  stm32f10x_adc.o
    0x08001bd8   0x08001bd8   0x00000004   Code   RO         4158    i.BusFault_Handler  stm32f10x_it.o
    0x08001bdc   0x08001bdc   0x00000108   Code   RO          511    i.CAN_FilterInit    stm32f10x_can.o
    0x08001ce4   0x08001ce4   0x00000114   Code   RO          518    i.CAN_Init          stm32f10x_can.o
    0x08001df8   0x08001df8   0x0000001e   Code   RO          519    i.CAN_MessagePending  stm32f10x_can.o
    0x08001e16   0x08001e16   0x000000f0   Code   RO          521    i.CAN_Receive       stm32f10x_can.o
    0x08001f06   0x08001f06   0x00000126   Code   RO          526    i.CAN_Transmit      stm32f10x_can.o
    0x0800202c   0x0800202c   0x000000a0   Code   RO          527    i.CAN_TransmitStatus  stm32f10x_can.o
    0x080020cc   0x080020cc   0x00000002   Code   RO         4159    i.DebugMon_Handler  stm32f10x_it.o
    0x080020ce   0x080020ce   0x00000116   Code   RO         1347    i.GPIO_Init         stm32f10x_gpio.o
    0x080021e4   0x080021e4   0x00000090   Code   RO         1349    i.GPIO_PinRemapConfig  stm32f10x_gpio.o
    0x08002274   0x08002274   0x00000012   Code   RO         1351    i.GPIO_ReadInputDataBit  stm32f10x_gpio.o
    0x08002286   0x08002286   0x00000004   Code   RO         1354    i.GPIO_ResetBits    stm32f10x_gpio.o
    0x0800228a   0x0800228a   0x00000004   Code   RO         1355    i.GPIO_SetBits      stm32f10x_gpio.o
    0x0800228e   0x0800228e   0x0000000a   Code   RO         1358    i.GPIO_WriteBit     stm32f10x_gpio.o
    0x08002298   0x08002298   0x00000004   Code   RO         4160    i.HardFault_Handler  stm32f10x_it.o
    0x0800229c   0x0800229c   0x00000004   Code   RO         4161    i.MemManage_Handler  stm32f10x_it.o
    0x080022a0   0x080022a0   0x000000d4   Code   RO         3860    i.MyCAN_Init        can.o
    0x08002374   0x08002374   0x00000014   Code   RO         3861    i.MyCAN_Receive     can.o
    0x08002388   0x08002388   0x0000001c   Code   RO         3862    i.MyCAN_ReceiveFlag  can.o
    0x080023a4   0x080023a4   0x00000034   Code   RO         3863    i.MyCAN_Transmit    can.o
    0x080023d8   0x080023d8   0x00000002   Code   RO         4162    i.NMI_Handler       stm32f10x_it.o
    0x080023da   0x080023da   0x00000002   PAD
    0x080023dc   0x080023dc   0x00000070   Code   RO          137    i.NVIC_Init         misc.o
    0x0800244c   0x0800244c   0x00000014   Code   RO          138    i.NVIC_PriorityGroupConfig  misc.o
    0x08002460   0x08002460   0x00000090   Code   RO         3396    i.OLED_ClearArea    oled.o
    0x080024f0   0x080024f0   0x00000070   Code   RO         3397    i.OLED_GPIO_Init    oled.o
    0x08002560   0x08002560   0x0000003e   Code   RO         3398    i.OLED_I2C_SendByte  oled.o
    0x0800259e   0x0800259e   0x0000001c   Code   RO         3399    i.OLED_I2C_Start    oled.o
    0x080025ba   0x080025ba   0x00000016   Code   RO         3400    i.OLED_I2C_Stop     oled.o
    0x080025d0   0x080025d0   0x00000014   Code   RO         3402    i.OLED_Pow          oled.o
    0x080025e4   0x080025e4   0x00000022   Code   RO         3403    i.OLED_SetCursor    oled.o
    0x08002606   0x08002606   0x00000002   PAD
    0x08002608   0x08002608   0x00000018   Code   RO         3405    i.OLED_W_SCL        oled.o
    0x08002620   0x08002620   0x00000018   Code   RO         3406    i.OLED_W_SDA        oled.o
    0x08002638   0x08002638   0x00000020   Code   RO         3407    i.OLED_WriteCommand  oled.o
    0x08002658   0x08002658   0x0000002e   Code   RO         3408    i.OLED_WriteData    oled.o
    0x08002686   0x08002686   0x00000002   Code   RO         4163    i.PendSV_Handler    stm32f10x_it.o
    0x08002688   0x08002688   0x00000018   Code   RO         1773    i.RCC_ADCCLKConfig  stm32f10x_rcc.o
    0x080026a0   0x080026a0   0x00000020   Code   RO         1775    i.RCC_APB1PeriphClockCmd  stm32f10x_rcc.o
    0x080026c0   0x080026c0   0x00000020   Code   RO         1777    i.RCC_APB2PeriphClockCmd  stm32f10x_rcc.o
    0x080026e0   0x080026e0   0x000000d4   Code   RO         1785    i.RCC_GetClocksFreq  stm32f10x_rcc.o
    0x080027b4   0x080027b4   0x00000002   Code   RO         4164    i.SVC_Handler       stm32f10x_it.o
    0x080027b6   0x080027b6   0x00000008   Code   RO           24    i.SetSysClock       system_stm32f10x.o
    0x080027be   0x080027be   0x00000002   PAD
    0x080027c0   0x080027c0   0x000000e0   Code   RO           25    i.SetSysClockTo72   system_stm32f10x.o
    0x080028a0   0x080028a0   0x00000002   Code   RO         4165    i.SysTick_Handler   stm32f10x_it.o
    0x080028a2   0x080028a2   0x00000002   PAD
    0x080028a4   0x080028a4   0x00000060   Code   RO           27    i.SystemInit        system_stm32f10x.o
    0x08002904   0x08002904   0x00000080   Code   RO         2405    i.TI1_Config        stm32f10x_tim.o
    0x08002984   0x08002984   0x00000098   Code   RO         2406    i.TI2_Config        stm32f10x_tim.o
    0x08002a1c   0x08002a1c   0x00000090   Code   RO         2407    i.TI3_Config        stm32f10x_tim.o
    0x08002aac   0x08002aac   0x00000098   Code   RO         2408    i.TI4_Config        stm32f10x_tim.o
    0x08002b44   0x08002b44   0x00000058   Code   RO         3973    i.TIM1_UP_IRQHandler  main.o
    0x08002b9c   0x08002b9c   0x00000006   Code   RO         2415    i.TIM_ClearFlag     stm32f10x_tim.o
    0x08002ba2   0x08002ba2   0x00000006   Code   RO         2416    i.TIM_ClearITPendingBit  stm32f10x_tim.o
    0x08002ba8   0x08002ba8   0x00000018   Code   RO         2421    i.TIM_Cmd           stm32f10x_tim.o
    0x08002bc0   0x08002bc0   0x00000042   Code   RO         2430    i.TIM_EncoderInterfaceConfig  stm32f10x_tim.o
    0x08002c02   0x08002c02   0x00000022   Code   RO         2442    i.TIM_GetITStatus   stm32f10x_tim.o
    0x08002c24   0x08002c24   0x000000ac   Code   RO         2444    i.TIM_ICInit        stm32f10x_tim.o
    0x08002cd0   0x08002cd0   0x00000012   Code   RO         2445    i.TIM_ICStructInit  stm32f10x_tim.o
    0x08002ce2   0x08002ce2   0x00000012   Code   RO         2446    i.TIM_ITConfig      stm32f10x_tim.o
    0x08002cf4   0x08002cf4   0x0000000c   Code   RO         2448    i.TIM_InternalClockConfig  stm32f10x_tim.o
    0x08002d00   0x08002d00   0x00000098   Code   RO         2450    i.TIM_OC1Init       stm32f10x_tim.o
    0x08002d98   0x08002d98   0x000000a4   Code   RO         2455    i.TIM_OC2Init       stm32f10x_tim.o
    0x08002e3c   0x08002e3c   0x00000014   Code   RO         2468    i.TIM_OCStructInit  stm32f10x_tim.o
    0x08002e50   0x08002e50   0x00000012   Code   RO         2487    i.TIM_SetIC1Prescaler  stm32f10x_tim.o
    0x08002e62   0x08002e62   0x0000001a   Code   RO         2488    i.TIM_SetIC2Prescaler  stm32f10x_tim.o
    0x08002e7c   0x08002e7c   0x00000012   Code   RO         2489    i.TIM_SetIC3Prescaler  stm32f10x_tim.o
    0x08002e8e   0x08002e8e   0x0000001a   Code   RO         2490    i.TIM_SetIC4Prescaler  stm32f10x_tim.o
    0x08002ea8   0x08002ea8   0x000000a4   Code   RO         2492    i.TIM_TimeBaseInit  stm32f10x_tim.o
    0x08002f4c   0x08002f4c   0x00000018   Code   RO         2960    i.USART_Cmd         stm32f10x_usart.o
    0x08002f64   0x08002f64   0x0000001a   Code   RO         2963    i.USART_GetFlagStatus  stm32f10x_usart.o
    0x08002f7e   0x08002f7e   0x0000004a   Code   RO         2966    i.USART_ITConfig    stm32f10x_usart.o
    0x08002fc8   0x08002fc8   0x000000d8   Code   RO         2967    i.USART_Init        stm32f10x_usart.o
    0x080030a0   0x080030a0   0x00000008   Code   RO         2977    i.USART_SendData    stm32f10x_usart.o
    0x080030a8   0x080030a8   0x00000004   Code   RO         4166    i.UsageFault_Handler  stm32f10x_it.o
    0x080030ac   0x080030ac   0x00000028   Code   RO         4475    i.__ARM_fpclassify  m_ws.l(fpclassify.o)
    0x080030d4   0x080030d4   0x0000000e   Code   RO         4354    i._is_digit         c_w.l(__printf_wp.o)
    0x080030e2   0x080030e2   0x00000002   PAD
    0x080030e4   0x080030e4   0x000000fc   Code   RO         3652    i.adcInit           adc.o
    0x080031e0   0x080031e0   0x00000018   Code   RO         3196    i.delayMs           delay.o
    0x080031f8   0x080031f8   0x0000002e   Code   RO         3198    i.delayUs           delay.o
    0x08003226   0x08003226   0x00000002   PAD
    0x08003228   0x08003228   0x000000c4   Code   RO         3730    i.encoderAInit      encoder.o
    0x080032ec   0x080032ec   0x000000c4   Code   RO         3732    i.encoderBInit      encoder.o
    0x080033b0   0x080033b0   0x0000003c   Code   RO         3273    i.keyCheck          key.o
    0x080033ec   0x080033ec   0x0000002c   Code   RO         3274    i.keyGetState       key.o
    0x08003418   0x08003418   0x00000148   Code   RO         3275    i.keyInit           key.o
    0x08003560   0x08003560   0x00000404   Code   RO         3276    i.keyTick           key.o
    0x08003964   0x08003964   0x00000308   Code   RO         3235    i.ledInit           led.o
    0x08003c6c   0x08003c6c   0x00000024   Code   RO         3236    i.ledSetMode        led.o
    0x08003c90   0x08003c90   0x00000028   Code   RO         3237    i.ledTick           led.o
    0x08003cb8   0x08003cb8   0x00000050   Code   RO         3238    i.ledUpdate         led.o
    0x08003d08   0x08003d08   0x00000258   Code   RO         3978    i.main              main.o
    0x08003f60   0x08003f60   0x0000008c   Code   RO         3699    i.motorABInit       motor.o
    0x08003fec   0x08003fec   0x00000028   Code   RO         3410    i.oledClear         oled.o
    0x08004014   0x08004014   0x0000009a   Code   RO         3419    i.oledInit          oled.o
    0x080040ae   0x080040ae   0x00000002   PAD
    0x080040b0   0x080040b0   0x00000054   Code   RO         3424    i.oledShowChar      oled.o
    0x08004104   0x08004104   0x00000060   Code   RO         3426    i.oledShowHexNum    oled.o
    0x08004164   0x08004164   0x000000fc   Code   RO         3427    i.oledShowImage     oled.o
    0x08004260   0x08004260   0x00000110   Code   RO         3430    i.oledShowString    oled.o
    0x08004370   0x08004370   0x00000028   Code   RO         3431    i.oledUpdate        oled.o
    0x08004398   0x08004398   0x000000e4   Code   RO         3672    i.pwmInit           pwm.o
    0x0800447c   0x0800447c   0x000000cc   Code   RO         3319    i.serialInit        serial.o
    0x08004548   0x08004548   0x00000024   Code   RO         3321    i.serialPrintf      serial.o
    0x0800456c   0x0800456c   0x00000020   Code   RO         3323    i.serialSendByte    serial.o
    0x0800458c   0x0800458c   0x0000001a   Code   RO         3326    i.serialSendString  serial.o
    0x080045a6   0x080045a6   0x00000002   PAD
    0x080045a8   0x080045a8   0x00000078   Code   RO         3220    i.timerInit         timer.o
    0x08004620   0x08004620   0x0000002c   Code   RO         4519    locale$$code        c_w.l(lc_numeric_c.o)
    0x0800464c   0x0800464c   0x0000002c   Code   RO         4536    locale$$code        c_w.l(lc_ctype_c.o)
    0x08004678   0x08004678   0x00000004   Code   RO         4401    x$fpl$printf1       fz_ws.l(printf1.o)
    0x0800467c   0x0800467c   0x00000004   Code   RO         4403    x$fpl$printf2       fz_ws.l(printf2.o)
    0x08004680   0x08004680   0x00000000   Code   RO         4409    x$fpl$usenofp       fz_ws.l(usenofp.o)
    0x08004680   0x08004680   0x00000014   Data   RO         3240    .constdata          led.o
    0x08004694   0x08004694   0x0000093f   Data   RO         3639    .constdata          oled_data.o
    0x08004fd3   0x08004fd3   0x00000001   PAD
    0x08004fd4   0x08004fd4   0x00000008   Data   RO         4313    .constdata          c_w.l(_printf_wctomb.o)
    0x08004fdc   0x08004fdc   0x00000028   Data   RO         4342    .constdata          c_w.l(_printf_hex_int_ll_ptr.o)
    0x08005004   0x08005004   0x00000011   Data   RO         4362    .constdata          c_w.l(__printf_flags_ss_wp.o)
    0x08005015   0x08005015   0x00000026   Data   RO         4462    .constdata          c_w.l(_printf_fp_hex.o)
    0x0800503b   0x0800503b   0x00000001   PAD
    0x0800503c   0x0800503c   0x00000094   Data   RO         4494    .constdata          c_w.l(bigflt0.o)
    0x080050d0   0x080050d0   0x00000020   Data   RO         4664    Region$$Table       anon$$obj.o
    0x080050f0   0x080050f0   0x0000001c   Data   RO         4518    locale$$data        c_w.l(lc_numeric_c.o)
    0x0800510c   0x0800510c   0x00000110   Data   RO         4535    locale$$data        c_w.l(lc_ctype_c.o)


    Execution Region RW_IRAM1 (Exec base: 0x20000000, Load base: 0x0800521c, Size: 0x00000c68, Max: 0x00005000, ABSOLUTE, COMPRESSED[0x0000006c])

    Exec Addr    Load Addr    Size         Type   Attr      Idx    E Section Name        Object

    0x20000000   COMPRESSED   0x00000014   Data   RW         1805    .data               stm32f10x_rcc.o
    0x20000014   COMPRESSED   0x00000001   Data   RW         3241    .data               led.o
    0x20000015   COMPRESSED   0x00000003   Data   RW         3278    .data               key.o
    0x20000018   COMPRESSED   0x0000015c   Data   RW         3982    .data               main.o
    0x20000174        -       0x00000050   Zero   RW         3239    .bss                led.o
    0x200001c4        -       0x00000030   Zero   RW         3277    .bss                key.o
    0x200001f4        -       0x00000400   Zero   RW         3432    .bss                oled.o
    0x200005f4        -       0x00000014   Zero   RW         3981    .bss                main.o
    0x20000608        -       0x00000060   Zero   RW         4480    .bss                c_w.l(libspace.o)
    0x20000668        -       0x00000200   Zero   RW            2    HEAP                startup_stm32f10x_md.o
    0x20000868        -       0x00000400   Zero   RW            1    STACK               startup_stm32f10x_md.o


==============================================================================

Image component sizes


      Code (inc. data)   RO Data    RW Data    ZI Data      Debug   Object Name

       252         10          0          0          0        642   adc.o
       312         28          0          0          0     220678   can.o
         0          0          0          0          0       4516   core_cm3.o
        70          0          0          0          0        928   delay.o
       392         20          0          0          0       1314   encoder.o
      1460         38          0          3         48       4490   key.o
       932         36         20          1         80       4130   led.o
       688        102          0        348         20     213723   main.o
       132         22          0          0          0     213799   misc.o
       140          4          0          0          0        518   motor.o
      1486         52          0          0       1024      11221   oled.o
         0          0       2367          0          0       1106   oled_data.o
       228          6          0          0          0        758   pwm.o
       298         14          0          0          0       2884   serial.o
        64         26        236          0       1536        828   startup_stm32f10x_md.o
       162         10          0          0          0      15882   stm32f10x_adc.o
      1264         28          0          0          0      13135   stm32f10x_can.o
       458          6          0          0          0      13174   stm32f10x_gpio.o
        26          0          0          0          0       3782   stm32f10x_it.o
       300         38          0         20          0      13517   stm32f10x_rcc.o
      1520        180          0          0          0      33500   stm32f10x_tim.o
       348          6          0          0          0      10677   stm32f10x_usart.o
       328         28          0          0          0      45257   system_stm32f10x.o
       120          4          0          0          0        644   timer.o

    ----------------------------------------------------------------------
     10994        658       2656        372       2708     831103   Object Totals
         0          0         32          0          0          0   (incl. Generated)
        14          0          1          0          0          0   (incl. Padding)

    ----------------------------------------------------------------------

      Code (inc. data)   RO Data    RW Data    ZI Data      Debug   Library Member Name

        90          0          0          0          0          0   __dczerorl2.o
         8          0          0          0          0         68   __main.o
       392          4         17          0          0         92   __printf_flags_ss_wp.o
        14          0          0          0          0         68   __printf_wp.o
         0          0          0          0          0          0   __rtentry.o
        12          0          0          0          0          0   __rtentry2.o
         6          0          0          0          0          0   __rtentry4.o
        52          8          0          0          0          0   __scatter.o
        28          0          0          0          0          0   __scatter_zi.o
         6          0          0          0          0          0   _printf_a.o
         6          0          0          0          0          0   _printf_c.o
        44          0          0          0          0        108   _printf_char.o
        48          6          0          0          0         96   _printf_char_common.o
        40          0          0          0          0         68   _printf_charcount.o
         6          0          0          0          0          0   _printf_d.o
       120         16          0          0          0         92   _printf_dec.o
         6          0          0          0          0          0   _printf_e.o
         6          0          0          0          0          0   _printf_f.o
      1054          0          0          0          0        216   _printf_fp_dec.o
       764          8         38          0          0        100   _printf_fp_hex.o
       128         16          0          0          0         84   _printf_fp_infnan.o
         6          0          0          0          0          0   _printf_g.o
       148          4         40          0          0        160   _printf_hex_int_ll_ptr.o
         6          0          0          0          0          0   _printf_i.o
       178          0          0          0          0         88   _printf_intcommon.o
        10          0          0          0          0          0   _printf_l.o
         6          0          0          0          0          0   _printf_lc.o
        10          0          0          0          0          0   _printf_ll.o
         6          0          0          0          0          0   _printf_lld.o
         6          0          0          0          0          0   _printf_lli.o
         6          0          0          0          0          0   _printf_llo.o
         6          0          0          0          0          0   _printf_llu.o
         6          0          0          0          0          0   _printf_llx.o
       124         16          0          0          0         92   _printf_longlong_dec.o
         6          0          0          0          0          0   _printf_ls.o
         6          0          0          0          0          0   _printf_n.o
         6          0          0          0          0          0   _printf_o.o
       112         10          0          0          0        124   _printf_oct_int_ll.o
         6          0          0          0          0          0   _printf_p.o
        78          0          0          0          0        108   _printf_pad.o
         0          0          0          0          0          0   _printf_percent.o
         4          0          0          0          0          0   _printf_percent_end.o
         6          0          0          0          0          0   _printf_s.o
        82          0          0          0          0         80   _printf_str.o
        36          0          0          0          0         84   _printf_truncate.o
         6          0          0          0          0          0   _printf_u.o
        44          0          0          0          0        108   _printf_wchar.o
       188          6          8          0          0         92   _printf_wctomb.o
         6          0          0          0          0          0   _printf_x.o
        10          0          0          0          0         68   _sputc.o
        64          0          0          0          0         92   _wcrtomb.o
       228          4        148          0          0         96   bigflt0.o
      1936        128          0          0          0        672   btod.o
        18          0          0          0          0         80   exit.o
         6          0          0          0          0        152   heapauxi.o
         0          0          0          0          0          0   indicate_semi.o
        44         10        272          0          0         76   lc_ctype_c.o
        44         10         28          0          0         76   lc_numeric_c.o
         2          0          0          0          0          0   libinit.o
        30          0          0          0          0          0   libinit2.o
         2          0          0          0          0          0   libshutdown.o
         2          0          0          0          0          0   libshutdown2.o
         8          4          0          0         96         68   libspace.o
       138          0          0          0          0         80   lludiv10.o
        16          4          0          0          0         76   rt_ctype_table.o
         8          4          0          0          0         68   rt_locale_intlibspace.o
         2          0          0          0          0          0   rtexit.o
        10          0          0          0          0          0   rtexit2.o
       128          0          0          0          0         68   strcmpv7m.o
        12          4          0          0          0         68   sys_exit.o
        74          0          0          0          0         80   sys_stackheap_outer.o
         2          0          0          0          0         68   use_no_semi.o
        36          4          0          0          0         76   vsprintf.o
         4          0          0          0          0         68   printf1.o
         4          0          0          0          0         68   printf2.o
         0          0          0          0          0          0   usenofp.o
        40          0          0          0          0         68   fpclassify.o

    ----------------------------------------------------------------------
      6818        266        552          0         96       4096   Library Totals
        16          0          1          0          0          0   (incl. Padding)

    ----------------------------------------------------------------------

      Code (inc. data)   RO Data    RW Data    ZI Data      Debug   Library Name

      6754        266        551          0         96       3892   c_w.l
         8          0          0          0          0        136   fz_ws.l
        40          0          0          0          0         68   m_ws.l

    ----------------------------------------------------------------------
      6818        266        552          0         96       4096   Library Totals

    ----------------------------------------------------------------------

==============================================================================


      Code (inc. data)   RO Data    RW Data    ZI Data      Debug   

     17812        924       3208        372       2804     827655   Grand Totals
     17812        924       3208        108       2804     827655   ELF Image Totals (compressed)
     17812        924       3208        108          0          0   ROM Totals

==============================================================================

    Total RO  Size (Code + RO Data)                21020 (  20.53kB)
    Total RW  Size (RW Data + ZI Data)              3176 (   3.10kB)
    Total ROM Size (Code + RO Data + RW Data)      21128 (  20.63kB)

==============================================================================

