Component: ARM Compiler 5.06 update 7 (build 960) Tool: armlink [4d3601]

==============================================================================

Section Cross References

    startup_stm32g431xx.o(STACK) refers (Special) to heapauxi.o(.text) for __use_two_region_memory
    startup_stm32g431xx.o(HEAP) refers (Special) to heapauxi.o(.text) for __use_two_region_memory
    startup_stm32g431xx.o(RESET) refers (Special) to heapauxi.o(.text) for __use_two_region_memory
    startup_stm32g431xx.o(RESET) refers to startup_stm32g431xx.o(STACK) for __initial_sp
    startup_stm32g431xx.o(RESET) refers to startup_stm32g431xx.o(.text) for Reset_Handler
    startup_stm32g431xx.o(RESET) refers to stm32g4xx_it.o(i.NMI_Handler) for NMI_Handler
    startup_stm32g431xx.o(RESET) refers to stm32g4xx_it.o(i.HardFault_Handler) for HardFault_Handler
    startup_stm32g431xx.o(RESET) refers to stm32g4xx_it.o(i.MemManage_Handler) for MemManage_Handler
    startup_stm32g431xx.o(RESET) refers to stm32g4xx_it.o(i.BusFault_Handler) for BusFault_Handler
    startup_stm32g431xx.o(RESET) refers to stm32g4xx_it.o(i.UsageFault_Handler) for UsageFault_Handler
    startup_stm32g431xx.o(RESET) refers to stm32g4xx_it.o(i.SVC_Handler) for SVC_Handler
    startup_stm32g431xx.o(RESET) refers to stm32g4xx_it.o(i.DebugMon_Handler) for DebugMon_Handler
    startup_stm32g431xx.o(RESET) refers to stm32g4xx_it.o(i.PendSV_Handler) for PendSV_Handler
    startup_stm32g431xx.o(RESET) refers to stm32g4xx_it.o(i.SysTick_Handler) for SysTick_Handler
    startup_stm32g431xx.o(RESET) refers to stm32g4xx_it.o(i.USART2_IRQHandler) for USART2_IRQHandler
    startup_stm32g431xx.o(.text) refers (Special) to heapauxi.o(.text) for __use_two_region_memory
    startup_stm32g431xx.o(.text) refers to system_stm32g4xx.o(i.SystemInit) for SystemInit
    startup_stm32g431xx.o(.text) refers to __main.o(!!!main) for __main
    startup_stm32g431xx.o(.text) refers to startup_stm32g431xx.o(HEAP) for Heap_Mem
    startup_stm32g431xx.o(.text) refers to startup_stm32g431xx.o(STACK) for Stack_Mem
    main.o(i.SystemClock_Config) refers to rt_memclr_w.o(.text) for __aeabi_memclr4
    main.o(i.SystemClock_Config) refers to stm32g4xx_hal_pwr_ex.o(i.HAL_PWREx_ControlVoltageScaling) for HAL_PWREx_ControlVoltageScaling
    main.o(i.SystemClock_Config) refers to stm32g4xx_hal_rcc.o(i.HAL_RCC_OscConfig) for HAL_RCC_OscConfig
    main.o(i.SystemClock_Config) refers to main.o(i.Error_Handler) for Error_Handler
    main.o(i.SystemClock_Config) refers to stm32g4xx_hal_rcc.o(i.HAL_RCC_ClockConfig) for HAL_RCC_ClockConfig
    main.o(i.main) refers to stm32g4xx_hal.o(i.HAL_Init) for HAL_Init
    main.o(i.main) refers to main.o(i.SystemClock_Config) for SystemClock_Config
    main.o(i.main) refers to gpio.o(i.MX_GPIO_Init) for MX_GPIO_Init
    main.o(i.main) refers to spi.o(i.MX_SPI1_Init) for MX_SPI1_Init
    main.o(i.main) refers to usart.o(i.MX_USART2_UART_Init) for MX_USART2_UART_Init
    main.o(i.main) refers to lcd.o(i.LCD_Init) for LCD_Init
    main.o(i.main) refers to lcd.o(i.LCD_Fill) for LCD_Fill
    main.o(i.main) refers to esp8266.o(i.esp8266_run) for esp8266_run
    gpio.o(i.MX_GPIO_Init) refers to rt_memclr_w.o(.text) for __aeabi_memclr4
    gpio.o(i.MX_GPIO_Init) refers to stm32g4xx_hal_gpio.o(i.HAL_GPIO_WritePin) for HAL_GPIO_WritePin
    gpio.o(i.MX_GPIO_Init) refers to stm32g4xx_hal_gpio.o(i.HAL_GPIO_Init) for HAL_GPIO_Init
    spi.o(i.HAL_SPI_MspDeInit) refers to stm32g4xx_hal_gpio.o(i.HAL_GPIO_DeInit) for HAL_GPIO_DeInit
    spi.o(i.HAL_SPI_MspInit) refers to rt_memclr_w.o(.text) for __aeabi_memclr4
    spi.o(i.HAL_SPI_MspInit) refers to stm32g4xx_hal_gpio.o(i.HAL_GPIO_Init) for HAL_GPIO_Init
    spi.o(i.MX_SPI1_Init) refers to stm32g4xx_hal_spi.o(i.HAL_SPI_Init) for HAL_SPI_Init
    spi.o(i.MX_SPI1_Init) refers to main.o(i.Error_Handler) for Error_Handler
    spi.o(i.MX_SPI1_Init) refers to spi.o(.bss) for hspi1
    usart.o(i.HAL_UART_MspDeInit) refers to stm32g4xx_hal_gpio.o(i.HAL_GPIO_DeInit) for HAL_GPIO_DeInit
    usart.o(i.HAL_UART_MspDeInit) refers to stm32g4xx_hal_cortex.o(i.HAL_NVIC_DisableIRQ) for HAL_NVIC_DisableIRQ
    usart.o(i.HAL_UART_MspInit) refers to rt_memclr_w.o(.text) for __aeabi_memclr4
    usart.o(i.HAL_UART_MspInit) refers to stm32g4xx_hal_rcc_ex.o(i.HAL_RCCEx_PeriphCLKConfig) for HAL_RCCEx_PeriphCLKConfig
    usart.o(i.HAL_UART_MspInit) refers to main.o(i.Error_Handler) for Error_Handler
    usart.o(i.HAL_UART_MspInit) refers to stm32g4xx_hal_gpio.o(i.HAL_GPIO_Init) for HAL_GPIO_Init
    usart.o(i.HAL_UART_MspInit) refers to stm32g4xx_hal_cortex.o(i.HAL_NVIC_SetPriority) for HAL_NVIC_SetPriority
    usart.o(i.HAL_UART_MspInit) refers to stm32g4xx_hal_cortex.o(i.HAL_NVIC_EnableIRQ) for HAL_NVIC_EnableIRQ
    usart.o(i.MX_USART2_UART_Init) refers to stm32g4xx_hal_uart.o(i.HAL_UART_Init) for HAL_UART_Init
    usart.o(i.MX_USART2_UART_Init) refers to main.o(i.Error_Handler) for Error_Handler
[...]
    i.HAL_MspInit                            0x080022dc   Section        0  stm32g4xx_hal_msp.o(i.HAL_MspInit)
    i.HAL_NVIC_EnableIRQ                     0x08002324   Section        0  stm32g4xx_hal_cortex.o(i.HAL_NVIC_EnableIRQ)
    i.HAL_NVIC_SetPriority                   0x0800234c   Section        0  stm32g4xx_hal_cortex.o(i.HAL_NVIC_SetPriority)
    i.HAL_NVIC_SetPriorityGrouping           0x080023c8   Section        0  stm32g4xx_hal_cortex.o(i.HAL_NVIC_SetPriorityGrouping)
    i.HAL_PWREx_ControlVoltageScaling        0x080023f0   Section        0  stm32g4xx_hal_pwr_ex.o(i.HAL_PWREx_ControlVoltageScaling)
    i.HAL_PWREx_DisableUCPDDeadBattery       0x08002508   Section        0  stm32g4xx_hal_pwr_ex.o(i.HAL_PWREx_DisableUCPDDeadBattery)
    i.HAL_RCCEx_PeriphCLKConfig              0x0800251c   Section        0  stm32g4xx_hal_rcc_ex.o(i.HAL_RCCEx_PeriphCLKConfig)
    i.HAL_RCC_ClockConfig                    0x0800288c   Section        0  stm32g4xx_hal_rcc.o(i.HAL_RCC_ClockConfig)
    i.HAL_RCC_GetHCLKFreq                    0x08002ab0   Section        0  stm32g4xx_hal_rcc.o(i.HAL_RCC_GetHCLKFreq)
    i.HAL_RCC_GetPCLK1Freq                   0x08002abc   Section        0  stm32g4xx_hal_rcc.o(i.HAL_RCC_GetPCLK1Freq)
    i.HAL_RCC_GetPCLK2Freq                   0x08002ae0   Section        0  stm32g4xx_hal_rcc.o(i.HAL_RCC_GetPCLK2Freq)
    i.HAL_RCC_GetSysClockFreq                0x08002b04   Section        0  stm32g4xx_hal_rcc.o(i.HAL_RCC_GetSysClockFreq)
    i.HAL_RCC_OscConfig                      0x08002b9c   Section        0  stm32g4xx_hal_rcc.o(i.HAL_RCC_OscConfig)
    i.HAL_SPI_Init                           0x080030f8   Section        0  stm32g4xx_hal_spi.o(i.HAL_SPI_Init)
    i.HAL_SPI_MspInit                        0x080031f4   Section        0  spi.o(i.HAL_SPI_MspInit)
    i.HAL_SPI_Transmit                       0x08003268   Section        0  stm32g4xx_hal_spi.o(i.HAL_SPI_Transmit)
    i.HAL_SYSTICK_Config                     0x08003462   Section        0  stm32g4xx_hal_cortex.o(i.HAL_SYSTICK_Config)
    i.HAL_UARTEx_DisableFifoMode             0x08003496   Section        0  stm32g4xx_hal_uart_ex.o(i.HAL_UARTEx_DisableFifoMode)
    i.HAL_UARTEx_RxEventCallback             0x080034e4   Section        0  stm32g4xx_hal_uart.o(i.HAL_UARTEx_RxEventCallback)
    i.HAL_UARTEx_RxFifoFullCallback          0x080034e6   Section        0  stm32g4xx_hal_uart_ex.o(i.HAL_UARTEx_RxFifoFullCallback)
    i.HAL_UARTEx_SetRxFifoThreshold          0x080034e8   Section        0  stm32g4xx_hal_uart_ex.o(i.HAL_UARTEx_SetRxFifoThreshold)
    i.HAL_UARTEx_SetTxFifoThreshold          0x08003546   Section        0  stm32g4xx_hal_uart_ex.o(i.HAL_UARTEx_SetTxFifoThreshold)
    i.HAL_UARTEx_TxFifoEmptyCallback         0x080035a4   Section        0  stm32g4xx_hal_uart_ex.o(i.HAL_UARTEx_TxFifoEmptyCallback)
    i.HAL_UARTEx_WakeupCallback              0x080035a6   Section        0  stm32g4xx_hal_uart_ex.o(i.HAL_UARTEx_WakeupCallback)
    i.HAL_UART_ErrorCallback                 0x080035a8   Section        0  stm32g4xx_hal_uart.o(i.HAL_UART_ErrorCallback)
    i.HAL_UART_IRQHandler                    0x080035ac   Section        0  stm32g4xx_hal_uart.o(i.HAL_UART_IRQHandler)
    i.HAL_UART_Init                          0x0800397c   Section        0  stm32g4xx_hal_uart.o(i.HAL_UART_Init)
    i.HAL_UART_MspInit                       0x080039f4   Section        0  usart.o(i.HAL_UART_MspInit)
    i.HAL_UART_Receive_IT                    0x08003ad0   Section        0  stm32g4xx_hal_uart.o(i.HAL_UART_Receive_IT)
    i.HAL_UART_RxCpltCallback                0x08003b2c   Section        0  esp8266.o(i.HAL_UART_RxCpltCallback)
    i.HAL_UART_Transmit                      0x08003bb0   Section        0  stm32g4xx_hal_uart.o(i.HAL_UART_Transmit)
    i.HAL_UART_TxCpltCallback                0x08003c72   Section        0  stm32g4xx_hal_uart.o(i.HAL_UART_TxCpltCallback)
    i.HardFault_Handler                      0x08003c74   Section        0  stm32g4xx_it.o(i.HardFault_Handler)
    i.LCD_Address_Set                        0x08003c78   Section        0  lcd.o(i.LCD_Address_Set)
    i.LCD_DrawPoint                          0x08003cb2   Section        0  lcd.o(i.LCD_DrawPoint)
    i.LCD_Fill                               0x08003cce   Section        0  lcd.o(i.LCD_Fill)
    i.LCD_Init                               0x08003d18   Section        0  lcd.o(i.LCD_Init)
    i.LCD_ShowChar                           0x08003ecc   Section        0  lcd.o(i.LCD_ShowChar)
    i.LCD_ShowIntNum                         0x08004024   Section        0  lcd.o(i.LCD_ShowIntNum)
    i.LCD_ShowString                         0x080040ba   Section        0  lcd.o(i.LCD_ShowString)
    i.LCD_WR_DATA                            0x080040fc   Section        0  lcd.o(i.LCD_WR_DATA)
    i.LCD_WR_DATA8                           0x08004120   Section        0  lcd.o(i.LCD_WR_DATA8)
    i.LCD_WR_REG                             0x08004138   Section        0  lcd.o(i.LCD_WR_REG)
    i.MX_GPIO_Init                           0x08004170   Section        0  gpio.o(i.MX_GPIO_Init)
    i.MX_SPI1_Init                           0x080041f8   Section        0  spi.o(i.MX_SPI1_Init)
    i.MX_USART2_UART_Init                    0x0800425c   Section        0  usart.o(i.MX_USART2_UART_Init)
    i.MemManage_Handler                      0x080042c8   Section        0  stm32g4xx_it.o(i.MemManage_Handler)
    i.NMI_Handler                            0x080042cc   Section        0  stm32g4xx_it.o(i.NMI_Handler)
    i.PendSV_Handler                         0x080042d0   Section        0  stm32g4xx_it.o(i.PendSV_Handler)
    i.RCC_GetSysClockFreqFromPLLSource       0x080042d4   Section        0  stm32g4xx_hal_rcc.o(i.RCC_GetSysClockFreqFromPLLSource)
    RCC_GetSysClockFreqFromPLLSource         0x080042d5   Thumb Code    90  stm32g4xx_hal_rcc.o(i.RCC_GetSysClockFreqFromPLLSource)
    i.SPI_EndRxTxTransaction                 0x0800433c   Section        0  stm32g4xx_hal_spi.o(i.SPI_EndRxTxTransaction)
    SPI_EndRxTxTransaction                   0x0800433d   Thumb Code   100  stm32g4xx_hal_spi.o(i.SPI_EndRxTxTransaction)
    i.SPI_WaitFifoStateUntilTimeout          0x080043a0   Section        0  stm32g4xx_hal_spi.o(i.SPI_WaitFifoStateUntilTimeout)
    SPI_WaitFifoStateUntilTimeout            0x080043a1   Thumb Code   242  stm32g4xx_hal_spi.o(i.SPI_WaitFifoStateUntilTimeout)
    i.SPI_WaitFlagStateUntilTimeout          0x08004498   Section        0  stm32g4xx_hal_spi.o(i.SPI_WaitFlagStateUntilTimeout)
    SPI_WaitFlagStateUntilTimeout            0x08004499   Thumb Code   210  stm32g4xx_hal_spi.o(i.SPI_WaitFlagStateUntilTimeout)
    i.SVC_Handler                            0x08004570   Section        0  stm32g4xx_it.o(i.SVC_Handler)
    i.SysTick_Handler                        0x08004572   Section        0  stm32g4xx_it.o(i.SysTick_Handler)
    i.SystemClock_Config                     0x0800457a   Section        0  main.o(i.SystemClock_Config)
    i.SystemInit                             0x080045e4   Section        0  system_stm32g4xx.o(i.SystemInit)
    i.UARTEx_SetNbDataToProcess              0x080045f8   Section        0  stm32g4xx_hal_uart_ex.o(i.UARTEx_SetNbDataToProcess)
    UARTEx_SetNbDataToProcess                0x080045f9   Thumb Code    78  stm32g4xx_hal_uart_ex.o(i.UARTEx_SetNbDataToProcess)
    i.UART_AdvFeatureConfig                  0x08004650   Section        0  stm32g4xx_hal_uart.o(i.UART_AdvFeatureConfig)
    i.UART_CheckIdleState                    0x08004748   Section        0  stm32g4xx_hal_uart.o(i.UART_CheckIdleState)
    i.UART_DMAAbortOnError                   0x08004832   Section        0  stm32g4xx_hal_uart.o(i.UART_DMAAbortOnError)
    UART_DMAAbortOnError                     0x08004833   Thumb Code    20  stm32g4xx_hal_uart.o(i.UART_DMAAbortOnError)
    i.UART_EndRxTransfer                     0x08004848   Section        0  stm32g4xx_hal_uart.o(i.UART_EndRxTransfer)
    UART_EndRxTransfer                       0x08004849   Thumb Code   104  stm32g4xx_hal_uart.o(i.UART_EndRxTransfer)
    i.UART_EndTransmit_IT                    0x080048b4   Section        0  stm32g4xx_hal_uart.o(i.UART_EndTransmit_IT)
    UART_EndTransmit_IT                      0x080048b5   Thumb Code    48  stm32g4xx_hal_uart.o(i.UART_EndTransmit_IT)
    i.UART_RxISR_16BIT                       0x080048e4   Section        0  stm32g4xx_hal_uart.o(i.UART_RxISR_16BIT)
    UART_RxISR_16BIT                         0x080048e5   Thumb Code   256  stm32g4xx_hal_uart.o(i.UART_RxISR_16BIT)
    i.UART_RxISR_16BIT_FIFOEN                0x080049e8   Section        0  stm32g4xx_hal_uart.o(i.UART_RxISR_16BIT_FIFOEN)
    UART_RxISR_16BIT_FIFOEN                  0x080049e9   Thumb Code   498  stm32g4xx_hal_uart.o(i.UART_RxISR_16BIT_FIFOEN)
    i.UART_RxISR_8BIT                        0x08004be8   Section        0  stm32g4xx_hal_uart.o(i.UART_RxISR_8BIT)
    UART_RxISR_8BIT                          0x08004be9   Thumb Code   254  stm32g4xx_hal_uart.o(i.UART_RxISR_8BIT)
    i.UART_RxISR_8BIT_FIFOEN                 0x08004cec   Section        0  stm32g4xx_hal_uart.o(i.UART_RxISR_8BIT_FIFOEN)
    UART_RxISR_8BIT_FIFOEN                   0x08004ced   Thumb Code   496  stm32g4xx_hal_uart.o(i.UART_RxISR_8BIT_FIFOEN)
    i.UART_SetConfig                         0x08004ee8   Section        0  stm32g4xx_hal_uart.o(i.UART_SetConfig)
    i.UART_Start_Receive_IT                  0x0800526c   Section        0  stm32g4xx_hal_uart.o(i.UART_Start_Receive_IT)
    i.UART_WaitOnFlagUntilTimeout            0x080053c8   Section        0  stm32g4xx_hal_uart.o(i.UART_WaitOnFlagUntilTimeout)
    i.USART2_IRQHandler                      0x08005474   Section        0  stm32g4xx_it.o(i.USART2_IRQHandler)
    i.UsageFault_Handler                     0x08005484   Section        0  stm32g4xx_it.o(i.UsageFault_Handler)
    i.__ARM_fpclassify                       0x08005488   Section        0  fpclassify.o(i.__ARM_fpclassify)
    i.__NVIC_GetPriorityGrouping             0x080054b8   Section        0  stm32g4xx_hal_cortex.o(i.__NVIC_GetPriorityGrouping)
    __NVIC_GetPriorityGrouping               0x080054b9   Thumb Code    10  stm32g4xx_hal_cortex.o(i.__NVIC_GetPriorityGrouping)
    i.__NVIC_SetPriority                     0x080054c8   Section        0  stm32g4xx_hal_cortex.o(i.__NVIC_SetPriority)
    __NVIC_SetPriority                       0x080054c9   Thumb Code    32  stm32g4xx_hal_cortex.o(i.__NVIC_SetPriority)
    i._is_digit                              0x080054f0   Section        0  __printf_wp.o(i._is_digit)
    i.esp8266Send                            0x080054fe   Section        0  esp8266.o(i.esp8266Send)
    i.esp8266_run                            0x0800553c   Section        0  esp8266.o(i.esp8266_run)
    i.main                                   0x08005804   Section        0  main.o(i.main)
    i.mypow                                  0x08005834   Section        0  lcd.o(i.mypow)
    locale$$code                             0x0800584c   Section       44  lc_ctype_c.o(locale$$code)
    locale$$code                             0x08005878   Section       44  lc_numeric_c.o(locale$$code)
    x$fpl$fpinit                             0x080058a4   Section       10  fpinit.o(x$fpl$fpinit)
    $v0                                      0x080058a4   Number         0  fpinit.o(x$fpl$fpinit)
    x$fpl$printf1                            0x080058ae   Section        4  printf1.o(x$fpl$printf1)
    $v0                                      0x080058ae   Number         0  printf1.o(x$fpl$printf1)
    x$fpl$printf2                            0x080058b2   Section        4  printf2.o(x$fpl$printf2)
    $v0                                      0x080058b2   Number         0  printf2.o(x$fpl$printf2)
    .constdata                               0x080058b6   Section       24  stm32g4xx_hal_uart.o(.constdata)
    x$fpl$usenofp                            0x080058b6   Section        0  usenofp.o(x$fpl$usenofp)
    .constdata                               0x080058ce   Section       16  stm32g4xx_hal_uart_ex.o(.constdata)
    numerator                                0x080058ce   Data           8  stm32g4xx_hal_uart_ex.o(.constdata)
    denominator                              0x080058d6   Data           8  stm32g4xx_hal_uart_ex.o(.constdata)
    .constdata                               0x080058de   Section       24  system_stm32g4xx.o(.constdata)
    .constdata                               0x080058f6   Section    14620  lcd.o(.constdata)
    .constdata                               0x08009214   Section        8  _printf_wctomb.o(.constdata)
    initial_mbstate                          0x08009214   Data           8  _printf_wctomb.o(.constdata)
    .constdata                               0x0800921c   Section       40  _printf_hex_int_ll_ptr.o(.constdata)
    uc_hextab                                0x0800921c   Data          20  _printf_hex_int_ll_ptr.o(.constdata)
    lc_hextab                                0x08009230   Data          20  _printf_hex_int_ll_ptr.o(.constdata)
    .constdata                               0x08009244   Section       17  __printf_flags_ss_wp.o(.constdata)
    maptable                                 0x08009244   Data          17  __printf_flags_ss_wp.o(.constdata)
    .constdata                               0x08009255   Section       38  _printf_fp_hex.o(.constdata)
    lc_hextab                                0x08009255   Data          19  _printf_fp_hex.o(.constdata)
    uc_hextab                                0x08009268   Data          19  _printf_fp_hex.o(.constdata)
    .constdata                               0x0800927c   Section      148  bigflt0.o(.constdata)
    tenpwrs_x                                0x0800927c   Data          60  bigflt0.o(.constdata)
    tenpwrs_i                                0x080092b8   Data          64  bigflt0.o(.constdata)
    .conststring                             0x08009310   Section       16  esp8266.o(.conststring)
    locale$$data                             0x08009340   Section      272  lc_ctype_c.o(locale$$data)
    __lcctype_c_name                         0x08009344   Data           2  lc_ctype_c.o(locale$$data)
    __lcctype_c_start                        0x0800934c   Data           0  lc_ctype_c.o(locale$$data)
    locale$$data                             0x08009450   Section       28  lc_numeric_c.o(locale$$data)
    __lcctype_c_end                          0x08009450   Data           0  lc_ctype_c.o(locale$$data)
    __lcnum_c_name                           0x08009454   Data           2  lc_numeric_c.o(locale$$data)
    __lcnum_c_start                          0x0800945c   Data           0  lc_numeric_c.o(locale$$data)
    __lcnum_c_point                          0x08009468   Data           0  lc_numeric_c.o(locale$$data)
    __lcnum_c_thousands                      0x0800946a   Data           0  lc_numeric_c.o(locale$$data)
    __lcnum_c_grouping                       0x0800946b   Data           0  lc_numeric_c.o(locale$$data)
    __lcnum_c_end                            0x0800946c   Data           0  lc_numeric_c.o(locale$$data)
    .data                                    0x20000000   Section       12  stm32g4xx_hal.o(.data)
    .data                                    0x2000000c   Section        4  system_stm32g4xx.o(.data)
    .data                                    0x20000010   Section       14  esp8266.o(.data)
    .bss                                     0x20000020   Section      100  spi.o(.bss)
    .bss                                     0x20000084   Section      148  usart.o(.bss)
    .bss                                     0x20000118   Section      290  esp8266.o(.bss)
    .bss                                     0x2000023c   Section       96  libspace.o(.bss)
    HEAP                                     0x200002a0   Section      512  startup_stm32g431xx.o(HEAP)
    Heap_Mem                                 0x200002a0   Data         512  startup_stm32g431xx.o(HEAP)
    STACK                                    0x200004a0   Section     1024  startup_stm32g431xx.o(STACK)
    Stack_Mem                                0x200004a0   Data        1024  startup_stm32g431xx.o(STACK)
    __initial_sp                             0x200008a0   Data           0  startup_stm32g431xx.o(STACK)

    Global Symbols

    Symbol Name                              Value     Ov Type        Size  Object(Section)

    BuildAttributes$$THM_ISAv4$E$P$D$K$B$S$7EM$VFPi3$EXTD16$VFPS$VFMA$PE$A:L22UL41UL21$X:L11$S22US41US21$IEEE1$IW$USESV6$~STKCKD$USESV7$~SHL$OTIME$ROPI$IEEEJ$EBA8$UX$STANDARDLIB$REQ8$PRES8$EABIv2 0x00000000   Number         0  anon$$obj.o ABSOLUTE
    __ARM_use_no_argv                        0x00000000   Number         0  main.o ABSOLUTE
    _printf_flags                            0x00000000   Number         0  printf_stubs.o ABSOLUTE
    _printf_return_value                     0x00000000   Number         0  printf_stubs.o ABSOLUTE
    _printf_sizespec                         0x00000000   Number         0  printf_stubs.o ABSOLUTE
    _printf_widthprec                        0x00000000   Number         0  printf_stubs.o ABSOLUTE
    __ARM_exceptions_init                     - Undefined Weak Reference
    __alloca_initialize                       - Undefined Weak Reference
    __arm_fini_                               - Undefined Weak Reference
    __arm_preinit_                            - Undefined Weak Reference
    __cpp_initialize__aeabi_                  - Undefined Weak Reference
    __cxa_finalize                            - Undefined Weak Reference
    __sigvec_lookup                           - Undefined Weak Reference
    _atexit_init                              - Undefined Weak Reference
    _call_atexit_fns                          - Undefined Weak Reference
    _clock_init                               - Undefined Weak Reference
    _fp_trap_init                             - Undefined Weak Reference
    _fp_trap_shutdown                         - Undefined Weak Reference
    _get_lc_collate                           - Undefined Weak Reference
    _get_lc_monetary                          - Undefined Weak Reference
    _get_lc_time                              - Undefined Weak Reference
    _getenv_init                              - Undefined Weak Reference
    _handle_redirection                       - Undefined Weak Reference
    _init_alloc                               - Undefined Weak Reference
    _init_user_alloc                          - Undefined Weak Reference
    _initio                                   - Undefined Weak Reference
    _printf_mbtowc                            - Undefined Weak Reference
    _printf_wc                                - Undefined Weak Reference
    _rand_init                                - Undefined Weak Reference
    _signal_finish                            - Undefined Weak Reference
    _signal_init                              - Undefined Weak Reference
    _terminate_alloc                          - Undefined Weak Reference
    _terminate_user_alloc                     - Undefined Weak Reference
    _terminateio                              - Undefined Weak Reference
    __Vectors_Size                           0x000001d8   Number         0  startup_stm32g431xx.o ABSOLUTE
    __Vectors                                0x08000000   Data           4  startup_stm32g431xx.o(RESET)
    __Vectors_End                            0x080001d8   Data           0  startup_stm32g431xx.o(RESET)
    __main                                   0x080001d9   Thumb Code     8  __main.o(!!!main)
    __scatterload                            0x080001e1   Thumb Code     0  __scatter.o(!!!scatter)
    __scatterload_rt2                        0x080001e1   Thumb Code    44  __scatter.o(!!!scatter)
    __scatterload_rt2_thumb_only             0x080001e1   Thumb Code     0  __scatter.o(!!!scatter)
    __scatterload_null                       0x080001ef   Thumb Code     0  __scatter.o(!!!scatter)
    __scatterload_copy                       0x08000215   Thumb Code    26  __scatter_copy.o(!!handler_copy)
    __scatterload_zeroinit                   0x08000231   Thumb Code    28  __scatter_zi.o(!!handler_zi)
    _printf_n                                0x0800024d   Thumb Code     0  _printf_n.o(.ARM.Collect$$_printf_percent$$00000001)
    _printf_percent                          0x0800024d   Thumb Code     0  _printf_percent.o(.ARM.Collect$$_printf_percent$$00000000)
    _printf_p                                0x08000253   Thumb Code     0  _printf_p.o(.ARM.Collect$$_printf_percent$$00000002)
    _printf_f                                0x08000259   Thumb Code     0  _printf_f.o(.ARM.Collect$$_printf_percent$$00000003)
    _printf_e                                0x0800025f   Thumb Code     0  _printf_e.o(.ARM.Collect$$_printf_percent$$00000004)
    _printf_g                                0x08000265   Thumb Code     0  _printf_g.o(.ARM.Collect$$_printf_percent$$00000005)
    _printf_a                                0x0800026b   Thumb Code     0  _printf_a.o(.ARM.Collect$$_printf_percent$$00000006)
    _printf_ll                               0x08000271   Thumb Code     0  _printf_ll.o(.ARM.Collect$$_printf_percent$$00000007)
    _printf_i                                0x0800027b   Thumb Code     0  _printf_i.o(.ARM.Collect$$_printf_percent$$00000008)
    _printf_d                                0x08000281   Thumb Code     0  _printf_d.o(.ARM.Collect$$_printf_percent$$00000009)
    _printf_u                                0x08000287   Thumb Code     0  _printf_u.o(.ARM.Collect$$_printf_percent$$0000000A)
    _printf_o                                0x0800028d   Thumb Code     0  _printf_o.o(.ARM.Collect$$_printf_percent$$0000000B)
    _printf_x                                0x08000293   Thumb Code     0  _printf_x.o(.ARM.Collect$$_printf_percent$$0000000C)
    _printf_lli                              0x08000299   Thumb Code     0  _printf_lli.o(.ARM.Collect$$_printf_percent$$0000000D)
    _printf_lld                              0x0800029f   Thumb Code     0  _printf_lld.o(.ARM.Collect$$_printf_percent$$0000000E)
    _printf_llu                              0x080002a5   Thumb Code     0  _printf_llu.o(.ARM.Collect$$_printf_percent$$0000000F)
    _printf_llo                              0x080002ab   Thumb Code     0  _printf_llo.o(.ARM.Collect$$_printf_percent$$00000010)
    _printf_llx                              0x080002b1   Thumb Code     0  _printf_llx.o(.ARM.Collect$$_printf_percent$$00000011)
    _printf_l                                0x080002b7   Thumb Code     0  _printf_l.o(.ARM.Collect$$_printf_percent$$00000012)
    _printf_c                                0x080002c1   Thumb Code     0  _printf_c.o(.ARM.Collect$$_printf_percent$$00000013)
    _printf_s                                0x080002c7   Thumb Code     0  _printf_s.o(.ARM.Collect$$_printf_percent$$00000014)
    _printf_lc                               0x080002cd   Thumb Code     0  _printf_lc.o(.ARM.Collect$$_printf_percent$$00000015)
    _printf_ls                               0x080002d3   Thumb Code     0  _printf_ls.o(.ARM.Collect$$_printf_percent$$00000016)
    _printf_percent_end                      0x080002d9   Thumb Code     0  _printf_percent_end.o(.ARM.Collect$$_printf_percent$$00000017)
    __rt_lib_init                            0x080002dd   Thumb Code     0  libinit.o(.ARM.Collect$$libinit$$00000000)
    __rt_lib_init_fp_1                       0x080002df   Thumb Code     0  libinit2.o(.ARM.Collect$$libinit$$00000001)
    __rt_lib_init_heap_1                     0x080002e3   Thumb Code     0  libinit2.o(.ARM.Collect$$libinit$$0000000A)
    __rt_lib_init_lc_common                  0x080002e3   Thumb Code     0  libinit2.o(.ARM.Collect$$libinit$$0000000F)
    __rt_lib_init_preinit_1                  0x080002e3   Thumb Code     0  libinit2.o(.ARM.Collect$$libinit$$00000004)
    __rt_lib_init_rand_1                     0x080002e3   Thumb Code     0  libinit2.o(.ARM.Collect$$libinit$$0000000E)
    __rt_lib_init_user_alloc_1               0x080002e3   Thumb Code     0  libinit2.o(.ARM.Collect$$libinit$$0000000C)
    __rt_lib_init_lc_collate_1               0x080002e9   Thumb Code     0  libinit2.o(.ARM.Collect$$libinit$$00000011)
    __rt_lib_init_lc_ctype_2                 0x080002e9   Thumb Code     0  libinit2.o(.ARM.Collect$$libinit$$00000012)
    __rt_lib_init_lc_ctype_1                 0x080002f5   Thumb Code     0  libinit2.o(.ARM.Collect$$libinit$$00000013)
    __rt_lib_init_lc_monetary_1              0x080002f5   Thumb Code     0  libinit2.o(.ARM.Collect$$libinit$$00000015)
    __rt_lib_init_lc_numeric_2               0x080002f5   Thumb Code     0  libinit2.o(.ARM.Collect$$libinit$$00000016)
    __rt_lib_init_alloca_1                   0x080002ff   Thumb Code     0  libinit2.o(.ARM.Collect$$libinit$$0000002E)
    __rt_lib_init_argv_1                     0x080002ff   Thumb Code     0  libinit2.o(.ARM.Collect$$libinit$$0000002C)
    __rt_lib_init_atexit_1                   0x080002ff   Thumb Code     0  libinit2.o(.ARM.Collect$$libinit$$0000001B)
    __rt_lib_init_clock_1                    0x080002ff   Thumb Code     0  libinit2.o(.ARM.Collect$$libinit$$00000021)
    __rt_lib_init_cpp_1                      0x080002ff   Thumb Code     0  libinit2.o(.ARM.Collect$$libinit$$00000032)
    __rt_lib_init_exceptions_1               0x080002ff   Thumb Code     0  libinit2.o(.ARM.Collect$$libinit$$00000030)
    __rt_lib_init_fp_trap_1                  0x080002ff   Thumb Code     0  libinit2.o(.ARM.Collect$$libinit$$0000001F)
    __rt_lib_init_getenv_1                   0x080002ff   Thumb Code     0  libinit2.o(.ARM.Collect$$libinit$$00000023)
    __rt_lib_init_lc_numeric_1               0x080002ff   Thumb Code     0  libinit2.o(.ARM.Collect$$libinit$$00000017)
    __rt_lib_init_lc_time_1                  0x080002ff   Thumb Code     0  libinit2.o(.ARM.Collect$$libinit$$00000019)
    __rt_lib_init_return                     0x080002ff   Thumb Code     0  libinit2.o(.ARM.Collect$$libinit$$00000033)
    __rt_lib_init_signal_1                   0x080002ff   Thumb Code     0  libinit2.o(.ARM.Collect$$libinit$$0000001D)
    __rt_lib_init_stdio_1                    0x080002ff   Thumb Code     0  libinit2.o(.ARM.Collect$$libinit$$00000025)
    __rt_lib_shutdown                        0x08000301   Thumb Code     0  libshutdown.o(.ARM.Collect$$libshutdown$$00000000)
    __rt_lib_shutdown_cpp_1                  0x08000303   Thumb Code     0  libshutdown2.o(.ARM.Collect$$libshutdown$$00000004)
    __rt_lib_shutdown_fini_1                 0x08000303   Thumb Code     0  libshutdown2.o(.ARM.Collect$$libshutdown$$00000002)
    __rt_lib_shutdown_fp_trap_1              0x08000303   Thumb Code     0  libshutdown2.o(.ARM.Collect$$libshutdown$$00000009)
    __rt_lib_shutdown_heap_1                 0x08000303   Thumb Code     0  libshutdown2.o(.ARM.Collect$$libshutdown$$00000011)
    __rt_lib_shutdown_return                 0x08000303   Thumb Code     0  libshutdown2.o(.ARM.Collect$$libshutdown$$00000012)
    __rt_lib_shutdown_signal_1               0x08000303   Thumb Code     0  libshutdown2.o(.ARM.Collect$$libshutdown$$0000000C)
    __rt_lib_shutdown_stdio_1                0x08000303   Thumb Code     0  libshutdown2.o(.ARM.Collect$$libshutdown$$00000006)
    __rt_lib_shutdown_user_alloc_1           0x08000303   Thumb Code     0  libshutdown2.o(.ARM.Collect$$libshutdown$$0000000E)
    __rt_entry                               0x08000305   Thumb Code     0  __rtentry.o(.ARM.Collect$$rtentry$$00000000)
    __rt_entry_presh_1                       0x08000305   Thumb Code     0  __rtentry2.o(.ARM.Collect$$rtentry$$00000002)
    __rt_entry_sh                            0x08000305   Thumb Code     0  __rtentry4.o(.ARM.Collect$$rtentry$$00000004)
    __rt_entry_li                            0x0800030b   Thumb Code     0  __rtentry2.o(.ARM.Collect$$rtentry$$0000000A)
    __rt_entry_postsh_1                      0x0800030b   Thumb Code     0  __rtentry2.o(.ARM.Collect$$rtentry$$00000009)
    __rt_entry_main                          0x0800030f   Thumb Code     0  __rtentry2.o(.ARM.Collect$$rtentry$$0000000D)
    __rt_entry_postli_1                      0x0800030f   Thumb Code     0  __rtentry2.o(.ARM.Collect$$rtentry$$0000000C)
    __rt_exit                                0x08000317   Thumb Code     0  rtexit.o(.ARM.Collect$$rtexit$$00000000)
    __rt_exit_ls                             0x08000319   Thumb Code     0  rtexit2.o(.ARM.Collect$$rtexit$$00000003)
    __rt_exit_prels_1                        0x08000319   Thumb Code     0  rtexit2.o(.ARM.Collect$$rtexit$$00000002)
    __rt_exit_exit                           0x0800031d   Thumb Code     0  rtexit2.o(.ARM.Collect$$rtexit$$00000004)
    Reset_Handler                            0x08000325   Thumb Code     8  startup_stm32g431xx.o(.text)
    ADC1_2_IRQHandler                        0x0800033f   Thumb Code     0  startup_stm32g431xx.o(.text)
    COMP1_2_3_IRQHandler                     0x0800033f   Thumb Code     0  startup_stm32g431xx.o(.text)
    COMP4_IRQHandler                         0x0800033f   Thumb Code     0  startup_stm32g431xx.o(.text)
    CORDIC_IRQHandler                        0x0800033f   Thumb Code     0  startup_stm32g431xx.o(.text)
    CRS_IRQHandler                           0x0800033f   Thumb Code     0  startup_stm32g431xx.o(.text)
    DMA1_Channel1_IRQHandler                 0x0800033f   Thumb Code     0  startup_stm32g431xx.o(.text)
    DMA1_Channel2_IRQHandler                 0x0800033f   Thumb Code     0  startup_stm32g431xx.o(.text)
    DMA1_Channel3_IRQHandler                 0x0800033f   Thumb Code     0  startup_stm32g431xx.o(.text)
    DMA1_Channel4_IRQHandler                 0x0800033f   Thumb Code     0  startup_stm32g431xx.o(.text)
    DMA1_Channel5_IRQHandler                 0x0800033f   Thumb Code     0  startup_stm32g431xx.o(.text)
    DMA1_Channel6_IRQHandler                 0x0800033f   Thumb Code     0  startup_stm32g431xx.o(.text)
    DMA2_Channel1_IRQHandler                 0x0800033f   Thumb Code     0  startup_stm32g431xx.o(.text)
    DMA2_Channel2_IRQHandler                 0x0800033f   Thumb Code     0  startup_stm32g431xx.o(.text)
    DMA2_Channel3_IRQHandler                 0x0800033f   Thumb Code     0  startup_stm32g431xx.o(.text)
    DMA2_Channel4_IRQHandler                 0x0800033f   Thumb Code     0  startup_stm32g431xx.o(.text)
    DMA2_Channel5_IRQHandler                 0x0800033f   Thumb Code     0  startup_stm32g431xx.o(.text)
    DMA2_Channel6_IRQHandler                 0x0800033f   Thumb Code     0  startup_stm32g431xx.o(.text)
    DMAMUX_OVR_IRQHandler                    0x0800033f   Thumb Code     0  startup_stm32g431xx.o(.text)
    EXTI0_IRQHandler                         0x0800033f   Thumb Code     0  startup_stm32g431xx.o(.text)
    EXTI15_10_IRQHandler                     0x0800033f   Thumb Code     0  startup_stm32g431xx.o(.text)
    EXTI1_IRQHandler                         0x0800033f   Thumb Code     0  startup_stm32g431xx.o(.text)
    EXTI2_IRQHandler                         0x0800033f   Thumb Code     0  startup_stm32g431xx.o(.text)
    EXTI3_IRQHandler                         0x0800033f   Thumb Code     0  startup_stm32g431xx.o(.text)
    EXTI4_IRQHandler                         0x0800033f   Thumb Code     0  startup_stm32g431xx.o(.text)
    EXTI9_5_IRQHandler                       0x0800033f   Thumb Code     0  startup_stm32g431xx.o(.text)
    FDCAN1_IT0_IRQHandler                    0x0800033f   Thumb Code     0  startup_stm32g431xx.o(.text)
    FDCAN1_IT1_IRQHandler                    0x0800033f   Thumb Code     0  startup_stm32g431xx.o(.text)
    FLASH_IRQHandler                         0x0800033f   Thumb Code     0  startup_stm32g431xx.o(.text)
    FMAC_IRQHandler                          0x0800033f   Thumb Code     0  startup_stm32g431xx.o(.text)
    FPU_IRQHandler                           0x0800033f   Thumb Code     0  startup_stm32g431xx.o(.text)
    I2C1_ER_IRQHandler                       0x0800033f   Thumb Code     0  startup_stm32g431xx.o(.text)
    I2C1_EV_IRQHandler                       0x0800033f   Thumb Code     0  startup_stm32g431xx.o(.text)
    I2C2_ER_IRQHandler                       0x0800033f   Thumb Code     0  startup_stm32g431xx.o(.text)
    I2C2_EV_IRQHandler                       0x0800033f   Thumb Code     0  startup_stm32g431xx.o(.text)
    I2C3_ER_IRQHandler                       0x0800033f   Thumb Code     0  startup_stm32g431xx.o(.text)
    I2C3_EV_IRQHandler                       0x0800033f   Thumb Code     0  startup_stm32g431xx.o(.text)
    LPTIM1_IRQHandler                        0x0800033f   Thumb Code     0  startup_stm32g431xx.o(.text)
    LPUART1_IRQHandler                       0x0800033f   Thumb Code     0  startup_stm32g431xx.o(.text)
    PVD_PVM_IRQHandler                       0x0800033f   Thumb Code     0  startup_stm32g431xx.o(.text)
    RCC_IRQHandler                           0x0800033f   Thumb Code     0  startup_stm32g431xx.o(.text)
    RNG_IRQHandler                           0x0800033f   Thumb Code     0  startup_stm32g431xx.o(.text)
    RTC_Alarm_IRQHandler                     0x0800033f   Thumb Code     0  startup_stm32g431xx.o(.text)
    RTC_TAMP_LSECSS_IRQHandler               0x0800033f   Thumb Code     0  startup_stm32g431xx.o(.text)
    RTC_WKUP_IRQHandler                      0x0800033f   Thumb Code     0  startup_stm32g431xx.o(.text)
    SAI1_IRQHandler                          0x0800033f   Thumb Code     0  startup_stm32g431xx.o(.text)
    SPI1_IRQHandler                          0x0800033f   Thumb Code     0  startup_stm32g431xx.o(.text)
    SPI2_IRQHandler                          0x0800033f   Thumb Code     0  startup_stm32g431xx.o(.text)
    SPI3_IRQHandler                          0x0800033f   Thumb Code     0  startup_stm32g431xx.o(.text)
    TIM1_BRK_TIM15_IRQHandler                0x0800033f   Thumb Code     0  startup_stm32g431xx.o(.text)
    TIM1_CC_IRQHandler                       0x0800033f   Thumb Code     0  startup_stm32g431xx.o(.text)
    TIM1_TRG_COM_TIM17_IRQHandler            0x0800033f   Thumb Code     0  startup_stm32g431xx.o(.text)
    TIM1_UP_TIM16_IRQHandler                 0x0800033f   Thumb Code     0  startup_stm32g431xx.o(.text)
    TIM2_IRQHandler                          0x0800033f   Thumb Code     0  startup_stm32g431xx.o(.text)
    TIM3_IRQHandler                          0x0800033f   Thumb Code     0  startup_stm32g431xx.o(.text)
    TIM4_IRQHandler                          0x0800033f   Thumb Code     0  startup_stm32g431xx.o(.text)
    TIM6_DAC_IRQHandler                      0x0800033f   Thumb Code     0  startup_stm32g431xx.o(.text)
    TIM7_IRQHandler                          0x0800033f   Thumb Code     0  startup_stm32g431xx.o(.text)
    TIM8_BRK_IRQHandler                      0x0800033f   Thumb Code     0  startup_stm32g431xx.o(.text)
    TIM8_CC_IRQHandler                       0x0800033f   Thumb Code     0  startup_stm32g431xx.o(.text)
    TIM8_TRG_COM_IRQHandler                  0x0800033f   Thumb Code     0  startup_stm32g431xx.o(.text)
    TIM8_UP_IRQHandler                       0x0800033f   Thumb Code     0  startup_stm32g431xx.o(.text)
    UART4_IRQHandler                         0x0800033f   Thumb Code     0  startup_stm32g431xx.o(.text)
    UCPD1_IRQHandler                         0x0800033f   Thumb Code     0  startup_stm32g431xx.o(.text)
    USART1_IRQHandler                        0x0800033f   Thumb Code     0  startup_stm32g431xx.o(.text)
    USART3_IRQHandler                        0x0800033f   Thumb Code     0  startup_stm32g431xx.o(.text)
    USBWakeUp_IRQHandler                     0x0800033f   Thumb Code     0  startup_stm32g431xx.o(.text)
    USB_HP_IRQHandler                        0x0800033f   Thumb Code     0  startup_stm32g431xx.o(.text)
    USB_LP_IRQHandler                        0x0800033f   Thumb Code     0  startup_stm32g431xx.o(.text)
    WWDG_IRQHandler                          0x0800033f   Thumb Code     0  startup_stm32g431xx.o(.text)
    __user_initial_stackheap                 0x08000341   Thumb Code     0  startup_stm32g431xx.o(.text)
    __aeabi_uldivmod                         0x08000365   Thumb Code     0  lludivv7m.o(.text)
    _ll_udiv                                 0x08000365   Thumb Code   238  lludivv7m.o(.text)
    vsprintf                                 0x08000455   Thumb Code    32  vsprintf.o(.text)
    strlen                                   0x08000479   Thumb Code    62  strlen.o(.text)
    strncmp                                  0x080004b7   Thumb Code   150  strncmp.o(.text)
    __aeabi_memclr4                          0x0800054d   Thumb Code     0  rt_memclr_w.o(.text)
    __aeabi_memclr8                          0x0800054d   Thumb Code     0  rt_memclr_w.o(.text)
    __rt_memclr_w                            0x0800054d   Thumb Code    78  rt_memclr_w.o(.text)
    _memset_w                                0x08000551   Thumb Code     0  rt_memclr_w.o(.text)
    __use_two_region_memory                  0x0800059b   Thumb Code     2  heapauxi.o(.text)
    __rt_heap_escrow$2region                 0x0800059d   Thumb Code     2  heapauxi.o(.text)
    __rt_heap_expand$2region                 0x0800059f   Thumb Code     2  heapauxi.o(.text)
    _printf_pre_padding                      0x080005a1   Thumb Code    44  _printf_pad.o(.text)
    _printf_post_padding                     0x080005cd   Thumb Code    34  _printf_pad.o(.text)
    _printf_truncate_signed                  0x080005ef   Thumb Code    18  _printf_truncate.o(.text)
    _printf_truncate_unsigned                0x08000601   Thumb Code    18  _printf_truncate.o(.text)
    _printf_str                              0x08000613   Thumb Code    82  _printf_str.o(.text)
    _printf_int_dec                          0x08000665   Thumb Code   104  _printf_dec.o(.text)
    _printf_charcount                        0x080006dd   Thumb Code    40  _printf_charcount.o(.text)
    _printf_char_common                      0x0800070f   Thumb Code    32  _printf_char_common.o(.text)
    _sputc                                   0x08000735   Thumb Code    10  _sputc.o(.text)
    _printf_wctomb                           0x08000741   Thumb Code   182  _printf_wctomb.o(.text)
    _printf_longlong_dec                     0x080007fd   Thumb Code   108  _printf_longlong_dec.o(.text)
    _printf_longlong_oct                     0x08000879   Thumb Code    66  _printf_oct_int_ll.o(.text)
    _printf_int_oct                          0x080008bb   Thumb Code    24  _printf_oct_int_ll.o(.text)
    _printf_ll_oct                           0x080008d3   Thumb Code    12  _printf_oct_int_ll.o(.text)
    _printf_longlong_hex                     0x080008e9   Thumb Code    86  _printf_hex_int_ll_ptr.o(.text)
    _printf_int_hex                          0x0800093f   Thumb Code    28  _printf_hex_int_ll_ptr.o(.text)
    _printf_ll_hex                           0x0800095b   Thumb Code    12  _printf_hex_int_ll_ptr.o(.text)
    _printf_hex_ptr                          0x08000967   Thumb Code    18  _printf_hex_int_ll_ptr.o(.text)
    __printf                                 0x0800097d   Thumb Code   388  __printf_flags_ss_wp.o(.text)
    __user_libspace                          0x08000b05   Thumb Code     8  libspace.o(.text)
    __user_perproc_libspace                  0x08000b05   Thumb Code     0  libspace.o(.text)
    __user_perthread_libspace                0x08000b05   Thumb Code     0  libspace.o(.text)
    __rt_ctype_table                         0x08000b0d   Thumb Code    16  rt_ctype_table.o(.text)
    _ll_udiv10                               0x08000b1d   Thumb Code   138  lludiv10.o(.text)
    _printf_int_common                       0x08000ba7   Thumb Code   178  _printf_intcommon.o(.text)
    __lib_sel_fp_printf                      0x08000c59   Thumb Code     2  _printf_fp_dec.o(.text)
    _printf_fp_dec_real                      0x08000e0b   Thumb Code   620  _printf_fp_dec.o(.text)
    _printf_fp_hex_real                      0x08001079   Thumb Code   756  _printf_fp_hex.o(.text)
    _printf_cs_common                        0x08001375   Thumb Code    20  _printf_char.o(.text)
    _printf_char                             0x08001389   Thumb Code    16  _printf_char.o(.text)
    _printf_string                           0x08001399   Thumb Code     8  _printf_char.o(.text)
    _printf_lcs_common                       0x080013a1   Thumb Code    20  _printf_wchar.o(.text)
    _printf_wchar                            0x080013b5   Thumb Code    16  _printf_wchar.o(.text)
    _printf_wstring                          0x080013c5   Thumb Code     8  _printf_wchar.o(.text)
    _wcrtomb                                 0x080013cd   Thumb Code    64  _wcrtomb.o(.text)
    __user_setup_stackheap                   0x0800140d   Thumb Code    74  sys_stackheap_outer.o(.text)
    __rt_locale                              0x08001459   Thumb Code     8  rt_locale_intlibspace.o(.text)
    _printf_fp_infnan                        0x08001461   Thumb Code   112  _printf_fp_infnan.o(.text)
    _btod_etento                             0x080014e1   Thumb Code   224  bigflt0.o(.text)
    exit                                     0x080015c5   Thumb Code    18  exit.o(.text)
    strcmp                                   0x080015d9   Thumb Code   128  strcmpv7m.o(.text)
    _sys_exit                                0x08001659   Thumb Code     8  sys_exit.o(.text)
    __I$use$semihosting                      0x08001665   Thumb Code     0  use_no_semi.o(.text)
    __use_no_semihosting_swi                 0x08001665   Thumb Code     2  use_no_semi.o(.text)
    __semihosting_library_function           0x08001667   Thumb Code     0  indicate_semi.o(.text)
    _btod_d2e                                0x08001667   Thumb Code    62  btod.o(CL$$btod_d2e)
    _d2e_denorm_low                          0x080016a5   Thumb Code    70  btod.o(CL$$btod_d2e_denorm_low)
    _d2e_norm_op1                            0x080016eb   Thumb Code    96  btod.o(CL$$btod_d2e_norm_op1)
    __btod_div_common                        0x0800174b   Thumb Code   696  btod.o(CL$$btod_div_common)
    _e2e                                     0x08001a83   Thumb Code   220  btod.o(CL$$btod_e2e)
    _btod_ediv                               0x08001b5f   Thumb Code    42  btod.o(CL$$btod_ediv)
    _btod_emul                               0x08001b89   Thumb Code    42  btod.o(CL$$btod_emul)
    __btod_mult_common                       0x08001bb3   Thumb Code   580  btod.o(CL$$btod_mult_common)
    BusFault_Handler                         0x08001df7   Thumb Code     4  stm32g4xx_it.o(i.BusFault_Handler)
    CommandAnalyse                           0x08001dfd   Thumb Code   268  esp8266.o(i.CommandAnalyse)
    DebugMon_Handler                         0x08001f2d   Thumb Code     2  stm32g4xx_it.o(i.DebugMon_Handler)
    Error_Handler                            0x08001f2f   Thumb Code     6  main.o(i.Error_Handler)
    HAL_DMA_Abort                            0x08001f35   Thumb Code   118  stm32g4xx_hal_dma.o(i.HAL_DMA_Abort)
    HAL_DMA_Abort_IT                         0x08001fab   Thumb Code   148  stm32g4xx_hal_dma.o(i.HAL_DMA_Abort_IT)
    HAL_Delay                                0x08002041   Thumb Code    36  stm32g4xx_hal.o(i.HAL_Delay)
    HAL_GPIO_Init                            0x08002069   Thumb Code   428  stm32g4xx_hal_gpio.o(i.HAL_GPIO_Init)
    HAL_GPIO_WritePin                        0x08002235   Thumb Code    10  stm32g4xx_hal_gpio.o(i.HAL_GPIO_WritePin)
    HAL_GetTick                              0x08002241   Thumb Code     6  stm32g4xx_hal.o(i.HAL_GetTick)
    HAL_IncTick                              0x0800224d   Thumb Code    16  stm32g4xx_hal.o(i.HAL_IncTick)
    HAL_Init                                 0x08002265   Thumb Code    30  stm32g4xx_hal.o(i.HAL_Init)
    HAL_InitTick                             0x08002285   Thumb Code    74  stm32g4xx_hal.o(i.HAL_InitTick)
    HAL_MspInit                              0x080022dd   Thumb Code    68  stm32g4xx_hal_msp.o(i.HAL_MspInit)
    HAL_NVIC_EnableIRQ                       0x08002325   Thumb Code    40  stm32g4xx_hal_cortex.o(i.HAL_NVIC_EnableIRQ)
    HAL_NVIC_SetPriority                     0x0800234d   Thumb Code   122  stm32g4xx_hal_cortex.o(i.HAL_NVIC_SetPriority)
    HAL_NVIC_SetPriorityGrouping             0x080023c9   Thumb Code    32  stm32g4xx_hal_cortex.o(i.HAL_NVIC_SetPriorityGrouping)
    HAL_PWREx_ControlVoltageScaling          0x080023f1   Thumb Code   268  stm32g4xx_hal_pwr_ex.o(i.HAL_PWREx_ControlVoltageScaling)
    HAL_PWREx_DisableUCPDDeadBattery         0x08002509   Thumb Code    14  stm32g4xx_hal_pwr_ex.o(i.HAL_PWREx_DisableUCPDDeadBattery)
    HAL_RCCEx_PeriphCLKConfig                0x0800251d   Thumb Code   872  stm32g4xx_hal_rcc_ex.o(i.HAL_RCCEx_PeriphCLKConfig)
    HAL_RCC_ClockConfig                      0x0800288d   Thumb Code   522  stm32g4xx_hal_rcc.o(i.HAL_RCC_ClockConfig)
    HAL_RCC_GetHCLKFreq                      0x08002ab1   Thumb Code     6  stm32g4xx_hal_rcc.o(i.HAL_RCC_GetHCLKFreq)
    HAL_RCC_GetPCLK1Freq                     0x08002abd   Thumb Code    26  stm32g4xx_hal_rcc.o(i.HAL_RCC_GetPCLK1Freq)
    HAL_RCC_GetPCLK2Freq                     0x08002ae1   Thumb Code    26  stm32g4xx_hal_rcc.o(i.HAL_RCC_GetPCLK2Freq)
    HAL_RCC_GetSysClockFreq                  0x08002b05   Thumb Code   138  stm32g4xx_hal_rcc.o(i.HAL_RCC_GetSysClockFreq)
    HAL_RCC_OscConfig                        0x08002b9d   Thumb Code  1360  stm32g4xx_hal_rcc.o(i.HAL_RCC_OscConfig)
    HAL_SPI_Init                             0x080030f9   Thumb Code   252  stm32g4xx_hal_spi.o(i.HAL_SPI_Init)
    HAL_SPI_MspInit                          0x080031f5   Thumb Code   108  spi.o(i.HAL_SPI_MspInit)
    HAL_SPI_Transmit                         0x08003269   Thumb Code   506  stm32g4xx_hal_spi.o(i.HAL_SPI_Transmit)
    HAL_SYSTICK_Config                       0x08003463   Thumb Code    52  stm32g4xx_hal_cortex.o(i.HAL_SYSTICK_Config)
    HAL_UARTEx_DisableFifoMode               0x08003497   Thumb Code    78  stm32g4xx_hal_uart_ex.o(i.HAL_UARTEx_DisableFifoMode)
    HAL_UARTEx_RxEventCallback               0x080034e5   Thumb Code     2  stm32g4xx_hal_uart.o(i.HAL_UARTEx_RxEventCallback)
    HAL_UARTEx_RxFifoFullCallback            0x080034e7   Thumb Code     2  stm32g4xx_hal_uart_ex.o(i.HAL_UARTEx_RxFifoFullCallback)
    HAL_UARTEx_SetRxFifoThreshold            0x080034e9   Thumb Code    94  stm32g4xx_hal_uart_ex.o(i.HAL_UARTEx_SetRxFifoThreshold)
    HAL_UARTEx_SetTxFifoThreshold            0x08003547   Thumb Code    94  stm32g4xx_hal_uart_ex.o(i.HAL_UARTEx_SetTxFifoThreshold)
    HAL_UARTEx_TxFifoEmptyCallback           0x080035a5   Thumb Code     2  stm32g4xx_hal_uart_ex.o(i.HAL_UARTEx_TxFifoEmptyCallback)
    HAL_UARTEx_WakeupCallback                0x080035a7   Thumb Code     2  stm32g4xx_hal_uart_ex.o(i.HAL_UARTEx_WakeupCallback)
    HAL_UART_ErrorCallback                   0x080035a9   Thumb Code     2  stm32g4xx_hal_uart.o(i.HAL_UART_ErrorCallback)
    HAL_UART_IRQHandler                      0x080035ad   Thumb Code   962  stm32g4xx_hal_uart.o(i.HAL_UART_IRQHandler)
    HAL_UART_Init                            0x0800397d   Thumb Code   120  stm32g4xx_hal_uart.o(i.HAL_UART_Init)
    HAL_UART_MspInit                         0x080039f5   Thumb Code   206  usart.o(i.HAL_UART_MspInit)
    HAL_UART_Receive_IT                      0x08003ad1   Thumb Code    88  stm32g4xx_hal_uart.o(i.HAL_UART_Receive_IT)
    HAL_UART_RxCpltCallback                  0x08003b2d   Thumb Code   118  esp8266.o(i.HAL_UART_RxCpltCallback)
    HAL_UART_Transmit                        0x08003bb1   Thumb Code   194  stm32g4xx_hal_uart.o(i.HAL_UART_Transmit)
    HAL_UART_TxCpltCallback                  0x08003c73   Thumb Code     2  stm32g4xx_hal_uart.o(i.HAL_UART_TxCpltCallback)
    HardFault_Handler                        0x08003c75   Thumb Code     4  stm32g4xx_it.o(i.HardFault_Handler)
    LCD_Address_Set                          0x08003c79   Thumb Code    58  lcd.o(i.LCD_Address_Set)
    LCD_DrawPoint                            0x08003cb3   Thumb Code    28  lcd.o(i.LCD_DrawPoint)
    LCD_Fill                                 0x08003ccf   Thumb Code    74  lcd.o(i.LCD_Fill)
    LCD_Init                                 0x08003d19   Thumb Code   436  lcd.o(i.LCD_Init)
    LCD_ShowChar                             0x08003ecd   Thumb Code   328  lcd.o(i.LCD_ShowChar)
    LCD_ShowIntNum                           0x08004025   Thumb Code   150  lcd.o(i.LCD_ShowIntNum)
    LCD_ShowString                           0x080040bb   Thumb Code    66  lcd.o(i.LCD_ShowString)
    LCD_WR_DATA                              0x080040fd   Thumb Code    32  lcd.o(i.LCD_WR_DATA)
    LCD_WR_DATA8                             0x08004121   Thumb Code    18  lcd.o(i.LCD_WR_DATA8)
    LCD_WR_REG                               0x08004139   Thumb Code    50  lcd.o(i.LCD_WR_REG)
    MX_GPIO_Init                             0x08004171   Thumb Code   132  gpio.o(i.MX_GPIO_Init)
    MX_SPI1_Init                             0x080041f9   Thumb Code    92  spi.o(i.MX_SPI1_Init)
    MX_USART2_UART_Init                      0x0800425d   Thumb Code    98  usart.o(i.MX_USART2_UART_Init)
    MemManage_Handler                        0x080042c9   Thumb Code     4  stm32g4xx_it.o(i.MemManage_Handler)
    NMI_Handler                              0x080042cd   Thumb Code     4  stm32g4xx_it.o(i.NMI_Handler)
    PendSV_Handler                           0x080042d1   Thumb Code     2  stm32g4xx_it.o(i.PendSV_Handler)
    SVC_Handler                              0x08004571   Thumb Code     2  stm32g4xx_it.o(i.SVC_Handler)
    SysTick_Handler                          0x08004573   Thumb Code     8  stm32g4xx_it.o(i.SysTick_Handler)
    SystemClock_Config                       0x0800457b   Thumb Code   104  main.o(i.SystemClock_Config)
    SystemInit                               0x080045e5   Thumb Code    14  system_stm32g4xx.o(i.SystemInit)
    UART_AdvFeatureConfig                    0x08004651   Thumb Code   248  stm32g4xx_hal_uart.o(i.UART_AdvFeatureConfig)
    UART_CheckIdleState                      0x08004749   Thumb Code   234  stm32g4xx_hal_uart.o(i.UART_CheckIdleState)
    UART_SetConfig                           0x08004ee9   Thumb Code   858  stm32g4xx_hal_uart.o(i.UART_SetConfig)
    UART_Start_Receive_IT                    0x0800526d   Thumb Code   332  stm32g4xx_hal_uart.o(i.UART_Start_Receive_IT)
    UART_WaitOnFlagUntilTimeout              0x080053c9   Thumb Code   172  stm32g4xx_hal_uart.o(i.UART_WaitOnFlagUntilTimeout)
    USART2_IRQHandler                        0x08005475   Thumb Code    10  stm32g4xx_it.o(i.USART2_IRQHandler)
    UsageFault_Handler                       0x08005485   Thumb Code     4  stm32g4xx_it.o(i.UsageFault_Handler)
    __ARM_fpclassify                         0x08005489   Thumb Code    48  fpclassify.o(i.__ARM_fpclassify)
    _is_digit                                0x080054f1   Thumb Code    14  __printf_wp.o(i._is_digit)
    esp8266Send                              0x080054ff   Thumb Code    62  esp8266.o(i.esp8266Send)
    esp8266_run                              0x0800553d   Thumb Code   378  esp8266.o(i.esp8266_run)
    main                                     0x08005805   Thumb Code    48  main.o(i.main)
    mypow                                    0x08005835   Thumb Code    22  lcd.o(i.mypow)
    _get_lc_ctype                            0x0800584d   Thumb Code    44  lc_ctype_c.o(locale$$code)
    _get_lc_numeric                          0x08005879   Thumb Code    44  lc_numeric_c.o(locale$$code)
    _fp_init                                 0x080058a5   Thumb Code    10  fpinit.o(x$fpl$fpinit)
    __fplib_config_fpu_vfp                   0x080058ad   Thumb Code     0  fpinit.o(x$fpl$fpinit)
    __fplib_config_pureend_doubles           0x080058ad   Thumb Code     0  fpinit.o(x$fpl$fpinit)
    _printf_fp_dec                           0x080058af   Thumb Code     4  printf1.o(x$fpl$printf1)
    _printf_fp_hex                           0x080058b3   Thumb Code     4  printf2.o(x$fpl$printf2)
    UARTPrescTable                           0x080058b6   Data          24  stm32g4xx_hal_uart.o(.constdata)
    __I$use$fp                               0x080058b6   Number         0  usenofp.o(x$fpl$usenofp)
    AHBPrescTable                            0x080058de   Data          16  system_stm32g4xx.o(.constdata)
    APBPrescTable                            0x080058ee   Data           8  system_stm32g4xx.o(.constdata)
    ascii_1206                               0x080058f6   Data        1140  lcd.o(.constdata)
    ascii_1608                               0x08005d6a   Data        1520  lcd.o(.constdata)
    ascii_2412                               0x0800635a   Data        4560  lcd.o(.constdata)
    ascii_3216                               0x0800752a   Data        6080  lcd.o(.constdata)
    tfont12                                  0x08008cea   Data         130  lcd.o(.constdata)
    tfont16                                  0x08008d6c   Data         170  lcd.o(.constdata)
    tfont24                                  0x08008e16   Data         370  lcd.o(.constdata)
    tfont32                                  0x08008f88   Data         650  lcd.o(.constdata)
    Region$$Table$$Base                      0x08009320   Number         0  anon$$obj.o(Region$$Table)
    Region$$Table$$Limit                     0x08009340   Number         0  anon$$obj.o(Region$$Table)
    __ctype                                  0x0800934d   Data           0  lc_ctype_c.o(locale$$data)
    uwTick                                   0x20000000   Data           4  stm32g4xx_hal.o(.data)
    uwTickPrio                               0x20000004   Data           4  stm32g4xx_hal.o(.data)
    uwTickFreq                               0x20000008   Data           4  stm32g4xx_hal.o(.data)
    SystemCoreClock                          0x2000000c   Data           4  system_stm32g4xx.o(.data)
    func3                                    0x20000010   Data           4  esp8266.o(.data)
    func4                                    0x20000014   Data           4  esp8266.o(.data)
    uart_time                                0x20000018   Data           4  esp8266.o(.data)
    i                                        0x2000001c   Data           2  esp8266.o(.data)
    hspi1                                    0x20000020   Data         100  spi.o(.bss)
    huart2                                   0x20000084   Data         148  usart.o(.bss)
    Lock                                     0x20000118   Data          20  esp8266.o(.bss)
    Switch2                                  0x2000012c   Data          20  esp8266.o(.bss)
    RECS                                     0x20000140   Data         250  esp8266.o(.bss)
    __libspace_start                         0x2000023c   Data          96  libspace.o(.bss)
    __temporary_stack_top$libspace           0x2000029c   Data           0  libspace.o(.bss)



==============================================================================

Memory Map of the image

  Image Entry point : 0x080001d9

  Load Region LR_IROM1 (Base: 0x08000000, Size: 0x0000948c, Max: 0x00020000, ABSOLUTE)

    Execution Region ER_IROM1 (Exec base: 0x08000000, Load base: 0x08000000, Size: 0x0000946c, Max: 0x00020000, ABSOLUTE)

    Exec Addr    Load Addr    Size         Type   Attr      Idx    E Section Name        Object

    0x08000000   0x08000000   0x000001d8   Data   RO            3    RESET               startup_stm32g431xx.o
    0x080001d8   0x080001d8   0x00000008   Code   RO         3140  * !!!main             c_w.l(__main.o)
    0x080001e0   0x080001e0   0x00000034   Code   RO         3486    !!!scatter          c_w.l(__scatter.o)
    0x08000214   0x08000214   0x0000001a   Code   RO         3488    !!handler_copy      c_w.l(__scatter_copy.o)
    0x0800022e   0x0800022e   0x00000002   PAD
    0x08000230   0x08000230   0x0000001c   Code   RO         3490    !!handler_zi        c_w.l(__scatter_zi.o)
    0x0800024c   0x0800024c   0x00000000   Code   RO         3233    .ARM.Collect$$_printf_percent$$00000000  c_w.l(_printf_percent.o)
    0x0800024c   0x0800024c   0x00000006   Code   RO         3222    .ARM.Collect$$_printf_percent$$00000001  c_w.l(_printf_n.o)
    0x08000252   0x08000252   0x00000006   Code   RO         3224    .ARM.Collect$$_printf_percent$$00000002  c_w.l(_printf_p.o)
    0x08000258   0x08000258   0x00000006   Code   RO         3229    .ARM.Collect$$_printf_percent$$00000003  c_w.l(_printf_f.o)
    0x0800025e   0x0800025e   0x00000006   Code   RO         3230    .ARM.Collect$$_printf_percent$$00000004  c_w.l(_printf_e.o)
    0x08000264   0x08000264   0x00000006   Code   RO         3231    .ARM.Collect$$_printf_percent$$00000005  c_w.l(_printf_g.o)
    0x0800026a   0x0800026a   0x00000006   Code   RO         3232    .ARM.Collect$$_printf_percent$$00000006  c_w.l(_printf_a.o)
    0x08000270   0x08000270   0x0000000a   Code   RO         3237    .ARM.Collect$$_printf_percent$$00000007  c_w.l(_printf_ll.o)
    0x0800027a   0x0800027a   0x00000006   Code   RO         3226    .ARM.Collect$$_printf_percent$$00000008  c_w.l(_printf_i.o)
    0x08000280   0x08000280   0x00000006   Code   RO         3227    .ARM.Collect$$_printf_percent$$00000009  c_w.l(_printf_d.o)
    0x08000286   0x08000286   0x00000006   Code   RO         3228    .ARM.Collect$$_printf_percent$$0000000A  c_w.l(_printf_u.o)
    0x0800028c   0x0800028c   0x00000006   Code   RO         3225    .ARM.Collect$$_printf_percent$$0000000B  c_w.l(_printf_o.o)
    0x08000292   0x08000292   0x00000006   Code   RO         3223    .ARM.Collect$$_printf_percent$$0000000C  c_w.l(_printf_x.o)
    0x08000298   0x08000298   0x00000006   Code   RO         3234    .ARM.Collect$$_printf_percent$$0000000D  c_w.l(_printf_lli.o)
    0x0800029e   0x0800029e   0x00000006   Code   RO         3235    .ARM.Collect$$_printf_percent$$0000000E  c_w.l(_printf_lld.o)
    0x080002a4   0x080002a4   0x00000006   Code   RO         3236    .ARM.Collect$$_printf_percent$$0000000F  c_w.l(_printf_llu.o)
    0x080002aa   0x080002aa   0x00000006   Code   RO         3241    .ARM.Collect$$_printf_percent$$00000010  c_w.l(_printf_llo.o)
    0x080002b0   0x080002b0   0x00000006   Code   RO         3242    .ARM.Collect$$_printf_percent$$00000011  c_w.l(_printf_llx.o)
    0x080002b6   0x080002b6   0x0000000a   Code   RO         3238    .ARM.Collect$$_printf_percent$$00000012  c_w.l(_printf_l.o)
    0x080002c0   0x080002c0   0x00000006   Code   RO         3220    .ARM.Collect$$_printf_percent$$00000013  c_w.l(_printf_c.o)
    0x080002c6   0x080002c6   0x00000006   Code   RO         3221    .ARM.Collect$$_printf_percent$$00000014  c_w.l(_printf_s.o)
    0x080002cc   0x080002cc   0x00000006   Code   RO         3239    .ARM.Collect$$_printf_percent$$00000015  c_w.l(_printf_lc.o)
    0x080002d2   0x080002d2   0x00000006   Code   RO         3240    .ARM.Collect$$_printf_percent$$00000016  c_w.l(_printf_ls.o)
    0x080002d8   0x080002d8   0x00000004   Code   RO         3292    .ARM.Collect$$_printf_percent$$00000017  c_w.l(_printf_percent_end.o)
    0x080002dc   0x080002dc   0x00000002   Code   RO         3350    .ARM.Collect$$libinit$$00000000  c_w.l(libinit.o)
    0x080002de   0x080002de   0x00000004   Code   RO         3366    .ARM.Collect$$libinit$$00000001  c_w.l(libinit2.o)
    0x080002e2   0x080002e2   0x00000000   Code   RO         3369    .ARM.Collect$$libinit$$00000004  c_w.l(libinit2.o)
    0x080002e2   0x080002e2   0x00000000   Code   RO         3372    .ARM.Collect$$libinit$$0000000A  c_w.l(libinit2.o)
    0x080002e2   0x080002e2   0x00000000   Code   RO         3374    .ARM.Collect$$libinit$$0000000C  c_w.l(libinit2.o)
    0x080002e2   0x080002e2   0x00000000   Code   RO         3376    .ARM.Collect$$libinit$$0000000E  c_w.l(libinit2.o)
    0x080002e2   0x080002e2   0x00000006   Code   RO         3377    .ARM.Collect$$libinit$$0000000F  c_w.l(libinit2.o)
    0x080002e8   0x080002e8   0x00000000   Code   RO         3379    .ARM.Collect$$libinit$$00000011  c_w.l(libinit2.o)
    0x080002e8   0x080002e8   0x0000000c   Code   RO         3380    .ARM.Collect$$libinit$$00000012  c_w.l(libinit2.o)
    0x080002f4   0x080002f4   0x00000000   Code   RO         3381    .ARM.Collect$$libinit$$00000013  c_w.l(libinit2.o)
    0x080002f4   0x080002f4   0x00000000   Code   RO         3383    .ARM.Collect$$libinit$$00000015  c_w.l(libinit2.o)
    0x080002f4   0x080002f4   0x0000000a   Code   RO         3384    .ARM.Collect$$libinit$$00000016  c_w.l(libinit2.o)
    0x080002fe   0x080002fe   0x00000000   Code   RO         3385    .ARM.Collect$$libinit$$00000017  c_w.l(libinit2.o)
    0x080002fe   0x080002fe   0x00000000   Code   RO         3387    .ARM.Collect$$libinit$$00000019  c_w.l(libinit2.o)
    0x080002fe   0x080002fe   0x00000000   Code   RO         3389    .ARM.Collect$$libinit$$0000001B  c_w.l(libinit2.o)
    0x080002fe   0x080002fe   0x00000000   Code   RO         3391    .ARM.Collect$$libinit$$0000001D  c_w.l(libinit2.o)
    0x080002fe   0x080002fe   0x00000000   Code   RO         3393    .ARM.Collect$$libinit$$0000001F  c_w.l(libinit2.o)
    0x080002fe   0x080002fe   0x00000000   Code   RO         3395    .ARM.Collect$$libinit$$00000021  c_w.l(libinit2.o)
    0x080002fe   0x080002fe   0x00000000   Code   RO         3397    .ARM.Collect$$libinit$$00000023  c_w.l(libinit2.o)
    0x080002fe   0x080002fe   0x00000000   Code   RO         3399    .ARM.Collect$$libinit$$00000025  c_w.l(libinit2.o)
    0x080002fe   0x080002fe   0x00000000   Code   RO         3403    .ARM.Collect$$libinit$$0000002C  c_w.l(libinit2.o)
    0x080002fe   0x080002fe   0x00000000   Code   RO         3405    .ARM.Collect$$libinit$$0000002E  c_w.l(libinit2.o)
    0x080002fe   0x080002fe   0x00000000   Code   RO         3407    .ARM.Collect$$libinit$$00000030  c_w.l(libinit2.o)
    0x080002fe   0x080002fe   0x00000000   Code   RO         3409    .ARM.Collect$$libinit$$00000032  c_w.l(libinit2.o)
    0x080002fe   0x080002fe   0x00000002   Code   RO         3410    .ARM.Collect$$libinit$$00000033  c_w.l(libinit2.o)
    0x08000300   0x08000300   0x00000002   Code   RO         3441    .ARM.Collect$$libshutdown$$00000000  c_w.l(libshutdown.o)
    0x08000302   0x08000302   0x00000000   Code   RO         3467    .ARM.Collect$$libshutdown$$00000002  c_w.l(libshutdown2.o)
    0x08000302   0x08000302   0x00000000   Code   RO         3469    .ARM.Collect$$libshutdown$$00000004  c_w.l(libshutdown2.o)
    0x08000302   0x08000302   0x00000000   Code   RO         3471    .ARM.Collect$$libshutdown$$00000006  c_w.l(libshutdown2.o)
    0x08000302   0x08000302   0x00000000   Code   RO         3474    .ARM.Collect$$libshutdown$$00000009  c_w.l(libshutdown2.o)
    0x08000302   0x08000302   0x00000000   Code   RO         3477    .ARM.Collect$$libshutdown$$0000000C  c_w.l(libshutdown2.o)
    0x08000302   0x08000302   0x00000000   Code   RO         3479    .ARM.Collect$$libshutdown$$0000000E  c_w.l(libshutdown2.o)
    0x08000302   0x08000302   0x00000000   Code   RO         3482    .ARM.Collect$$libshutdown$$00000011  c_w.l(libshutdown2.o)
    0x08000302   0x08000302   0x00000002   Code   RO         3483    .ARM.Collect$$libshutdown$$00000012  c_w.l(libshutdown2.o)
    0x08000304   0x08000304   0x00000000   Code   RO         3142    .ARM.Collect$$rtentry$$00000000  c_w.l(__rtentry.o)
    0x08000304   0x08000304   0x00000000   Code   RO         3259    .ARM.Collect$$rtentry$$00000002  c_w.l(__rtentry2.o)
    0x08000304   0x08000304   0x00000006   Code   RO         3271    .ARM.Collect$$rtentry$$00000004  c_w.l(__rtentry4.o)
    0x0800030a   0x0800030a   0x00000000   Code   RO         3261    .ARM.Collect$$rtentry$$00000009  c_w.l(__rtentry2.o)
    0x0800030a   0x0800030a   0x00000004   Code   RO         3262    .ARM.Collect$$rtentry$$0000000A  c_w.l(__rtentry2.o)
    0x0800030e   0x0800030e   0x00000000   Code   RO         3264    .ARM.Collect$$rtentry$$0000000C  c_w.l(__rtentry2.o)
    0x0800030e   0x0800030e   0x00000008   Code   RO         3265    .ARM.Collect$$rtentry$$0000000D  c_w.l(__rtentry2.o)
    0x08000316   0x08000316   0x00000002   Code   RO         3356    .ARM.Collect$$rtexit$$00000000  c_w.l(rtexit.o)
    0x08000318   0x08000318   0x00000000   Code   RO         3414    .ARM.Collect$$rtexit$$00000002  c_w.l(rtexit2.o)
    0x08000318   0x08000318   0x00000004   Code   RO         3415    .ARM.Collect$$rtexit$$00000003  c_w.l(rtexit2.o)
    0x0800031c   0x0800031c   0x00000006   Code   RO         3416    .ARM.Collect$$rtexit$$00000004  c_w.l(rtexit2.o)
    0x08000322   0x08000322   0x00000002   PAD
    0x08000324   0x08000324   0x00000040   Code   RO            4    .text               startup_stm32g431xx.o
    0x08000364   0x08000364   0x000000ee   Code   RO         3122    .text               c_w.l(lludivv7m.o)
    0x08000452   0x08000452   0x00000002   PAD
    0x08000454   0x08000454   0x00000024   Code   RO         3124    .text               c_w.l(vsprintf.o)
    0x08000478   0x08000478   0x0000003e   Code   RO         3130    .text               c_w.l(strlen.o)
    0x080004b6   0x080004b6   0x00000096   Code   RO         3132    .text               c_w.l(strncmp.o)
    0x0800054c   0x0800054c   0x0000004e   Code   RO         3134    .text               c_w.l(rt_memclr_w.o)
    0x0800059a   0x0800059a   0x00000006   Code   RO         3138    .text               c_w.l(heapauxi.o)
    0x080005a0   0x080005a0   0x0000004e   Code   RO         3154    .text               c_w.l(_printf_pad.o)
    0x080005ee   0x080005ee   0x00000024   Code   RO         3156    .text               c_w.l(_printf_truncate.o)
    0x08000612   0x08000612   0x00000052   Code   RO         3158    .text               c_w.l(_printf_str.o)
    0x08000664   0x08000664   0x00000078   Code   RO         3160    .text               c_w.l(_printf_dec.o)
    0x080006dc   0x080006dc   0x00000028   Code   RO         3162    .text               c_w.l(_printf_charcount.o)
    0x08000704   0x08000704   0x00000030   Code   RO         3164    .text               c_w.l(_printf_char_common.o)
    0x08000734   0x08000734   0x0000000a   Code   RO         3166    .text               c_w.l(_sputc.o)
    0x0800073e   0x0800073e   0x00000002   PAD
    0x08000740   0x08000740   0x000000bc   Code   RO         3168    .text               c_w.l(_printf_wctomb.o)
    0x080007fc   0x080007fc   0x0000007c   Code   RO         3171    .text               c_w.l(_printf_longlong_dec.o)
    0x08000878   0x08000878   0x00000070   Code   RO         3177    .text               c_w.l(_printf_oct_int_ll.o)
    0x080008e8   0x080008e8   0x00000094   Code   RO         3197    .text               c_w.l(_printf_hex_int_ll_ptr.o)
    0x0800097c   0x0800097c   0x00000188   Code   RO         3217    .text               c_w.l(__printf_flags_ss_wp.o)
    0x08000b04   0x08000b04   0x00000008   Code   RO         3255    .text               c_w.l(libspace.o)
    0x08000b0c   0x08000b0c   0x00000010   Code   RO         3273    .text               c_w.l(rt_ctype_table.o)
    0x08000b1c   0x08000b1c   0x0000008a   Code   RO         3277    .text               c_w.l(lludiv10.o)
    0x08000ba6   0x08000ba6   0x000000b2   Code   RO         3279    .text               c_w.l(_printf_intcommon.o)
    0x08000c58   0x08000c58   0x0000041e   Code   RO         3281    .text               c_w.l(_printf_fp_dec.o)
    0x08001076   0x08001076   0x00000002   PAD
    0x08001078   0x08001078   0x000002fc   Code   RO         3283    .text               c_w.l(_printf_fp_hex.o)
    0x08001374   0x08001374   0x0000002c   Code   RO         3288    .text               c_w.l(_printf_char.o)
    0x080013a0   0x080013a0   0x0000002c   Code   RO         3290    .text               c_w.l(_printf_wchar.o)
    0x080013cc   0x080013cc   0x00000040   Code   RO         3295    .text               c_w.l(_wcrtomb.o)
    0x0800140c   0x0800140c   0x0000004a   Code   RO         3297    .text               c_w.l(sys_stackheap_outer.o)
    0x08001456   0x08001456   0x00000002   PAD
    0x08001458   0x08001458   0x00000008   Code   RO         3302    .text               c_w.l(rt_locale_intlibspace.o)
    0x08001460   0x08001460   0x00000080   Code   RO         3304    .text               c_w.l(_printf_fp_infnan.o)
    0x080014e0   0x080014e0   0x000000e4   Code   RO         3308    .text               c_w.l(bigflt0.o)
    0x080015c4   0x080015c4   0x00000012   Code   RO         3339    .text               c_w.l(exit.o)
    0x080015d6   0x080015d6   0x00000002   PAD
    0x080015d8   0x080015d8   0x00000080   Code   RO         3364    .text               c_w.l(strcmpv7m.o)
    0x08001658   0x08001658   0x0000000c   Code   RO         3411    .text               c_w.l(sys_exit.o)
    0x08001664   0x08001664   0x00000002   Code   RO         3430    .text               c_w.l(use_no_semi.o)
    0x08001666   0x08001666   0x00000000   Code   RO         3432    .text               c_w.l(indicate_semi.o)
    0x08001666   0x08001666   0x0000003e   Code   RO         3311    CL$$btod_d2e        c_w.l(btod.o)
    0x080016a4   0x080016a4   0x00000046   Code   RO         3313    CL$$btod_d2e_denorm_low  c_w.l(btod.o)
    0x080016ea   0x080016ea   0x00000060   Code   RO         3312    CL$$btod_d2e_norm_op1  c_w.l(btod.o)
    0x0800174a   0x0800174a   0x00000338   Code   RO         3321    CL$$btod_div_common  c_w.l(btod.o)
    0x08001a82   0x08001a82   0x000000dc   Code   RO         3318    CL$$btod_e2e        c_w.l(btod.o)
    0x08001b5e   0x08001b5e   0x0000002a   Code   RO         3315    CL$$btod_ediv       c_w.l(btod.o)
    0x08001b88   0x08001b88   0x0000002a   Code   RO         3314    CL$$btod_emul       c_w.l(btod.o)
    0x08001bb2   0x08001bb2   0x00000244   Code   RO         3320    CL$$btod_mult_common  c_w.l(btod.o)
    0x08001df6   0x08001df6   0x00000004   Code   RO          295    i.BusFault_Handler  stm32g4xx_it.o
    0x08001dfa   0x08001dfa   0x00000002   PAD
    0x08001dfc   0x08001dfc   0x00000130   Code   RO         3060    i.CommandAnalyse    esp8266.o
    0x08001f2c   0x08001f2c   0x00000002   Code   RO          296    i.DebugMon_Handler  stm32g4xx_it.o
    0x08001f2e   0x08001f2e   0x00000006   Code   RO           13    i.Error_Handler     main.o
    0x08001f34   0x08001f34   0x00000076   Code   RO         1666    i.HAL_DMA_Abort     stm32g4xx_hal_dma.o
    0x08001faa   0x08001faa   0x00000094   Code   RO         1667    i.HAL_DMA_Abort_IT  stm32g4xx_hal_dma.o
    0x0800203e   0x0800203e   0x00000002   PAD
    0x08002040   0x08002040   0x00000028   Code   RO          759    i.HAL_Delay         stm32g4xx_hal.o
    0x08002068   0x08002068   0x000001cc   Code   RO         1528    i.HAL_GPIO_Init     stm32g4xx_hal_gpio.o
    0x08002234   0x08002234   0x0000000a   Code   RO         1532    i.HAL_GPIO_WritePin  stm32g4xx_hal_gpio.o
    0x0800223e   0x0800223e   0x00000002   PAD
    0x08002240   0x08002240   0x0000000c   Code   RO          763    i.HAL_GetTick       stm32g4xx_hal.o
    0x0800224c   0x0800224c   0x00000018   Code   RO          769    i.HAL_IncTick       stm32g4xx_hal.o
    0x08002264   0x08002264   0x0000001e   Code   RO          770    i.HAL_Init          stm32g4xx_hal.o
    0x08002282   0x08002282   0x00000002   PAD
    0x08002284   0x08002284   0x00000058   Code   RO          771    i.HAL_InitTick      stm32g4xx_hal.o
    0x080022dc   0x080022dc   0x00000048   Code   RO          377    i.HAL_MspInit       stm32g4xx_hal_msp.o
    0x08002324   0x08002324   0x00000028   Code   RO         2177    i.HAL_NVIC_EnableIRQ  stm32g4xx_hal_cortex.o
    0x0800234c   0x0800234c   0x0000007a   Code   RO         2183    i.HAL_NVIC_SetPriority  stm32g4xx_hal_cortex.o
    0x080023c6   0x080023c6   0x00000002   PAD
    0x080023c8   0x080023c8   0x00000028   Code   RO         2184    i.HAL_NVIC_SetPriorityGrouping  stm32g4xx_hal_cortex.o
    0x080023f0   0x080023f0   0x00000118   Code   RO         1931    i.HAL_PWREx_ControlVoltageScaling  stm32g4xx_hal_pwr_ex.o
    0x08002508   0x08002508   0x00000014   Code   RO         1943    i.HAL_PWREx_DisableUCPDDeadBattery  stm32g4xx_hal_pwr_ex.o
    0x0800251c   0x0800251c   0x00000370   Code   RO         1135    i.HAL_RCCEx_PeriphCLKConfig  stm32g4xx_hal_rcc_ex.o
    0x0800288c   0x0800288c   0x00000224   Code   RO         1005    i.HAL_RCC_ClockConfig  stm32g4xx_hal_rcc.o
    0x08002ab0   0x08002ab0   0x0000000c   Code   RO         1011    i.HAL_RCC_GetHCLKFreq  stm32g4xx_hal_rcc.o
    0x08002abc   0x08002abc   0x00000024   Code   RO         1013    i.HAL_RCC_GetPCLK1Freq  stm32g4xx_hal_rcc.o
    0x08002ae0   0x08002ae0   0x00000024   Code   RO         1014    i.HAL_RCC_GetPCLK2Freq  stm32g4xx_hal_rcc.o
    0x08002b04   0x08002b04   0x00000098   Code   RO         1015    i.HAL_RCC_GetSysClockFreq  stm32g4xx_hal_rcc.o
    0x08002b9c   0x08002b9c   0x0000055c   Code   RO         1018    i.HAL_RCC_OscConfig  stm32g4xx_hal_rcc.o
    0x080030f8   0x080030f8   0x000000fc   Code   RO          412    i.HAL_SPI_Init      stm32g4xx_hal_spi.o
    0x080031f4   0x080031f4   0x00000074   Code   RO          212    i.HAL_SPI_MspInit   spi.o
    0x08003268   0x08003268   0x000001fa   Code   RO          420    i.HAL_SPI_Transmit  stm32g4xx_hal_spi.o
    0x08003462   0x08003462   0x00000034   Code   RO         2188    i.HAL_SYSTICK_Config  stm32g4xx_hal_cortex.o
    0x08003496   0x08003496   0x0000004e   Code   RO         2747    i.HAL_UARTEx_DisableFifoMode  stm32g4xx_hal_uart_ex.o
    0x080034e4   0x080034e4   0x00000002   Code   RO         2331    i.HAL_UARTEx_RxEventCallback  stm32g4xx_hal_uart.o
    0x080034e6   0x080034e6   0x00000002   Code   RO         2755    i.HAL_UARTEx_RxFifoFullCallback  stm32g4xx_hal_uart_ex.o
    0x080034e8   0x080034e8   0x0000005e   Code   RO         2756    i.HAL_UARTEx_SetRxFifoThreshold  stm32g4xx_hal_uart_ex.o
    0x08003546   0x08003546   0x0000005e   Code   RO         2757    i.HAL_UARTEx_SetTxFifoThreshold  stm32g4xx_hal_uart_ex.o
    0x080035a4   0x080035a4   0x00000002   Code   RO         2759    i.HAL_UARTEx_TxFifoEmptyCallback  stm32g4xx_hal_uart_ex.o
    0x080035a6   0x080035a6   0x00000002   Code   RO         2760    i.HAL_UARTEx_WakeupCallback  stm32g4xx_hal_uart_ex.o
    0x080035a8   0x080035a8   0x00000002   Code   RO         2347    i.HAL_UART_ErrorCallback  stm32g4xx_hal_uart.o
    0x080035aa   0x080035aa   0x00000002   PAD
    0x080035ac   0x080035ac   0x000003d0   Code   RO         2350    i.HAL_UART_IRQHandler  stm32g4xx_hal_uart.o
    0x0800397c   0x0800397c   0x00000078   Code   RO         2351    i.HAL_UART_Init     stm32g4xx_hal_uart.o
    0x080039f4   0x080039f4   0x000000dc   Code   RO          254    i.HAL_UART_MspInit  usart.o
    0x08003ad0   0x08003ad0   0x0000005c   Code   RO         2356    i.HAL_UART_Receive_IT  stm32g4xx_hal_uart.o
    0x08003b2c   0x08003b2c   0x00000084   Code   RO         3061    i.HAL_UART_RxCpltCallback  esp8266.o
    0x08003bb0   0x08003bb0   0x000000c2   Code   RO         2360    i.HAL_UART_Transmit  stm32g4xx_hal_uart.o
    0x08003c72   0x08003c72   0x00000002   Code   RO         2363    i.HAL_UART_TxCpltCallback  stm32g4xx_hal_uart.o
    0x08003c74   0x08003c74   0x00000004   Code   RO          297    i.HardFault_Handler  stm32g4xx_it.o
    0x08003c78   0x08003c78   0x0000003a   Code   RO         2908    i.LCD_Address_Set   lcd.o
    0x08003cb2   0x08003cb2   0x0000001c   Code   RO         2910    i.LCD_DrawPoint     lcd.o
    0x08003cce   0x08003cce   0x0000004a   Code   RO         2912    i.LCD_Fill          lcd.o
    0x08003d18   0x08003d18   0x000001b4   Code   RO         2913    i.LCD_Init          lcd.o
    0x08003ecc   0x08003ecc   0x00000158   Code   RO         2914    i.LCD_ShowChar      lcd.o
    0x08004024   0x08004024   0x00000096   Code   RO         2921    i.LCD_ShowIntNum    lcd.o
    0x080040ba   0x080040ba   0x00000042   Code   RO         2923    i.LCD_ShowString    lcd.o
    0x080040fc   0x080040fc   0x00000024   Code   RO         2924    i.LCD_WR_DATA       lcd.o
    0x08004120   0x08004120   0x00000018   Code   RO         2925    i.LCD_WR_DATA8      lcd.o
    0x08004138   0x08004138   0x00000038   Code   RO         2926    i.LCD_WR_REG        lcd.o
    0x08004170   0x08004170   0x00000088   Code   RO          187    i.MX_GPIO_Init      gpio.o
    0x080041f8   0x080041f8   0x00000064   Code   RO          213    i.MX_SPI1_Init      spi.o
    0x0800425c   0x0800425c   0x0000006c   Code   RO          255    i.MX_USART2_UART_Init  usart.o
    0x080042c8   0x080042c8   0x00000004   Code   RO          298    i.MemManage_Handler  stm32g4xx_it.o
    0x080042cc   0x080042cc   0x00000004   Code   RO          299    i.NMI_Handler       stm32g4xx_it.o
    0x080042d0   0x080042d0   0x00000002   Code   RO          300    i.PendSV_Handler    stm32g4xx_it.o
    0x080042d2   0x080042d2   0x00000002   PAD
    0x080042d4   0x080042d4   0x00000068   Code   RO         1019    i.RCC_GetSysClockFreqFromPLLSource  stm32g4xx_hal_rcc.o
    0x0800433c   0x0800433c   0x00000064   Code   RO          450    i.SPI_EndRxTxTransaction  stm32g4xx_hal_spi.o
    0x080043a0   0x080043a0   0x000000f8   Code   RO          455    i.SPI_WaitFifoStateUntilTimeout  stm32g4xx_hal_spi.o
    0x08004498   0x08004498   0x000000d8   Code   RO          456    i.SPI_WaitFlagStateUntilTimeout  stm32g4xx_hal_spi.o
    0x08004570   0x08004570   0x00000002   Code   RO          301    i.SVC_Handler       stm32g4xx_it.o
    0x08004572   0x08004572   0x00000008   Code   RO          302    i.SysTick_Handler   stm32g4xx_it.o
    0x0800457a   0x0800457a   0x00000068   Code   RO           14    i.SystemClock_Config  main.o
    0x080045e2   0x080045e2   0x00000002   PAD
    0x080045e4   0x080045e4   0x00000014   Code   RO         2871    i.SystemInit        system_stm32g4xx.o
    0x080045f8   0x080045f8   0x00000058   Code   RO         2761    i.UARTEx_SetNbDataToProcess  stm32g4xx_hal_uart_ex.o
    0x08004650   0x08004650   0x000000f8   Code   RO         2365    i.UART_AdvFeatureConfig  stm32g4xx_hal_uart.o
    0x08004748   0x08004748   0x000000ea   Code   RO         2366    i.UART_CheckIdleState  stm32g4xx_hal_uart.o
    0x08004832   0x08004832   0x00000014   Code   RO         2367    i.UART_DMAAbortOnError  stm32g4xx_hal_uart.o
    0x08004846   0x08004846   0x00000002   PAD
    0x08004848   0x08004848   0x0000006c   Code   RO         2377    i.UART_EndRxTransfer  stm32g4xx_hal_uart.o
    0x080048b4   0x080048b4   0x00000030   Code   RO         2378    i.UART_EndTransmit_IT  stm32g4xx_hal_uart.o
    0x080048e4   0x080048e4   0x00000104   Code   RO         2380    i.UART_RxISR_16BIT  stm32g4xx_hal_uart.o
    0x080049e8   0x080049e8   0x00000200   Code   RO         2381    i.UART_RxISR_16BIT_FIFOEN  stm32g4xx_hal_uart.o
    0x08004be8   0x08004be8   0x00000104   Code   RO         2382    i.UART_RxISR_8BIT   stm32g4xx_hal_uart.o
    0x08004cec   0x08004cec   0x000001fc   Code   RO         2383    i.UART_RxISR_8BIT_FIFOEN  stm32g4xx_hal_uart.o
    0x08004ee8   0x08004ee8   0x00000384   Code   RO         2384    i.UART_SetConfig    stm32g4xx_hal_uart.o
    0x0800526c   0x0800526c   0x0000015c   Code   RO         2386    i.UART_Start_Receive_IT  stm32g4xx_hal_uart.o
    0x080053c8   0x080053c8   0x000000ac   Code   RO         2391    i.UART_WaitOnFlagUntilTimeout  stm32g4xx_hal_uart.o
    0x08005474   0x08005474   0x00000010   Code   RO          303    i.USART2_IRQHandler  stm32g4xx_it.o
    0x08005484   0x08005484   0x00000004   Code   RO          304    i.UsageFault_Handler  stm32g4xx_it.o
    0x08005488   0x08005488   0x00000030   Code   RO         3354    i.__ARM_fpclassify  m_wm.l(fpclassify.o)
    0x080054b8   0x080054b8   0x00000010   Code   RO         2190    i.__NVIC_GetPriorityGrouping  stm32g4xx_hal_cortex.o
    0x080054c8   0x080054c8   0x00000028   Code   RO         2191    i.__NVIC_SetPriority  stm32g4xx_hal_cortex.o
    0x080054f0   0x080054f0   0x0000000e   Code   RO         3210    i._is_digit         c_w.l(__printf_wp.o)
    0x080054fe   0x080054fe   0x0000003e   Code   RO         3062    i.esp8266Send       esp8266.o
    0x0800553c   0x0800553c   0x000002c8   Code   RO         3063    i.esp8266_run       esp8266.o
    0x08005804   0x08005804   0x00000030   Code   RO           15    i.main              main.o
    0x08005834   0x08005834   0x00000016   Code   RO         2927    i.mypow             lcd.o
    0x0800584a   0x0800584a   0x00000002   PAD
    0x0800584c   0x0800584c   0x0000002c   Code   RO         3334    locale$$code        c_w.l(lc_ctype_c.o)
    0x08005878   0x08005878   0x0000002c   Code   RO         3337    locale$$code        c_w.l(lc_numeric_c.o)
    0x080058a4   0x080058a4   0x0000000a   Code   RO         3426    x$fpl$fpinit        fz_wm.l(fpinit.o)
    0x080058ae   0x080058ae   0x00000004   Code   RO         3247    x$fpl$printf1       fz_wm.l(printf1.o)
    0x080058b2   0x080058b2   0x00000004   Code   RO         3249    x$fpl$printf2       fz_wm.l(printf2.o)
    0x080058b6   0x080058b6   0x00000000   Code   RO         3353    x$fpl$usenofp       fz_wm.l(usenofp.o)
    0x080058b6   0x080058b6   0x00000018   Data   RO         2392    .constdata          stm32g4xx_hal_uart.o
    0x080058ce   0x080058ce   0x00000010   Data   RO         2763    .constdata          stm32g4xx_hal_uart_ex.o
    0x080058de   0x080058de   0x00000018   Data   RO         2872    .constdata          system_stm32g4xx.o
    0x080058f6   0x080058f6   0x0000391c   Data   RO         2928    .constdata          lcd.o
    0x08009212   0x08009212   0x00000002   PAD
    0x08009214   0x08009214   0x00000008   Data   RO         3169    .constdata          c_w.l(_printf_wctomb.o)
    0x0800921c   0x0800921c   0x00000028   Data   RO         3198    .constdata          c_w.l(_printf_hex_int_ll_ptr.o)
    0x08009244   0x08009244   0x00000011   Data   RO         3218    .constdata          c_w.l(__printf_flags_ss_wp.o)
    0x08009255   0x08009255   0x00000026   Data   RO         3284    .constdata          c_w.l(_printf_fp_hex.o)
    0x0800927b   0x0800927b   0x00000001   PAD
    0x0800927c   0x0800927c   0x00000094   Data   RO         3309    .constdata          c_w.l(bigflt0.o)
    0x08009310   0x08009310   0x00000010   Data   RO         3066    .conststring        esp8266.o
    0x08009320   0x08009320   0x00000020   Data   RO         3484    Region$$Table       anon$$obj.o
    0x08009340   0x08009340   0x00000110   Data   RO         3333    locale$$data        c_w.l(lc_ctype_c.o)
    0x08009450   0x08009450   0x0000001c   Data   RO         3336    locale$$data        c_w.l(lc_numeric_c.o)


    Execution Region RW_IRAM1 (Exec base: 0x20000000, Load base: 0x0800946c, Size: 0x000008a0, Max: 0x00008000, ABSOLUTE)

    Exec Addr    Load Addr    Size         Type   Attr      Idx    E Section Name        Object

    0x20000000   0x0800946c   0x0000000c   Data   RW          790    .data               stm32g4xx_hal.o
    0x2000000c   0x08009478   0x00000004   Data   RW         2873    .data               system_stm32g4xx.o
    0x20000010   0x0800947c   0x0000000e   Data   RW         3067    .data               esp8266.o
    0x2000001e   0x0800948a   0x00000002   PAD
    0x20000020        -       0x00000064   Zero   RW          214    .bss                spi.o
    0x20000084        -       0x00000094   Zero   RW          256    .bss                usart.o
    0x20000118        -       0x00000122   Zero   RW         3065    .bss                esp8266.o
    0x2000023a   0x0800948a   0x00000002   PAD
    0x2000023c        -       0x00000060   Zero   RW         3256    .bss                c_w.l(libspace.o)
    0x2000029c   0x0800948a   0x00000004   PAD
    0x200002a0        -       0x00000200   Zero   RW            2    HEAP                startup_stm32g431xx.o
    0x200004a0        -       0x00000400   Zero   RW            1    STACK               startup_stm32g431xx.o


==============================================================================

Image component sizes


      Code (inc. data)   RO Data    RW Data    ZI Data      Debug   Object Name

      1210        384         16         14        290       4195   esp8266.o
       136          4          0          0          0        903   gpio.o
      1294         32      14620          0          0       9361   lcd.o
       158          0          0          0          0     584637   main.o
       216         16          0          0        100       1645   spi.o
        64         26        472          0       1536        836   startup_stm32g431xx.o
       194         32          0         12          0       4273   stm32g4xx_hal.o
       310         22          0          0          0      34303   stm32g4xx_hal_cortex.o
       266          0          0          0          0       1747   stm32g4xx_hal_dma.o
       470         32          0          0          0       2028   stm32g4xx_hal_gpio.o
        72          4          0          0          0        846   stm32g4xx_hal_msp.o
       300         18          0          0          0       1397   stm32g4xx_hal_pwr_ex.o
      2260        106          0          0          0       7188   stm32g4xx_hal_rcc.o
       880          8          0          0          0       1868   stm32g4xx_hal_rcc_ex.o
      1322         12          0          0          0       5466   stm32g4xx_hal_spi.o
      5006        136         24          0          0      37702   stm32g4xx_hal_uart.o
       360         10         16          0          0       5374   stm32g4xx_hal_uart_ex.o
        50          6          0          0          0       4642   stm32g4xx_it.o
        20          6         24          4          0       1103   system_stm32g4xx.o
       328         24          0          0        148       1818   usart.o

    ----------------------------------------------------------------------
     14936        878      15206         32       2076     711332   Object Totals
         0          0         32          0          0          0   (incl. Generated)
        20          0          2          2          2          0   (incl. Padding)

    ----------------------------------------------------------------------

      Code (inc. data)   RO Data    RW Data    ZI Data      Debug   Library Member Name

         8          0          0          0          0         68   __main.o
       392          4         17          0          0         92   __printf_flags_ss_wp.o
        14          0          0          0          0         68   __printf_wp.o
         0          0          0          0          0          0   __rtentry.o
        12          0          0          0          0          0   __rtentry2.o
         6          0          0          0          0          0   __rtentry4.o
        52          8          0          0          0          0   __scatter.o
        26          0          0          0          0          0   __scatter_copy.o
        28          0          0          0          0          0   __scatter_zi.o
         6          0          0          0          0          0   _printf_a.o
         6          0          0          0          0          0   _printf_c.o
        44          0          0          0          0        108   _printf_char.o
        48          6          0          0          0         96   _printf_char_common.o
        40          0          0          0          0         68   _printf_charcount.o
         6          0          0          0          0          0   _printf_d.o
       120         16          0          0          0         92   _printf_dec.o
         6          0          0          0          0          0   _printf_e.o
         6          0          0          0          0          0   _printf_f.o
      1054          0          0          0          0        216   _printf_fp_dec.o
       764          8         38          0          0        100   _printf_fp_hex.o
       128         16          0          0          0         84   _printf_fp_infnan.o
         6          0          0          0          0          0   _printf_g.o
       148          4         40          0          0        160   _printf_hex_int_ll_ptr.o
         6          0          0          0          0          0   _printf_i.o
       178          0          0          0          0         88   _printf_intcommon.o
        10          0          0          0          0          0   _printf_l.o
         6          0          0          0          0          0   _printf_lc.o
        10          0          0          0          0          0   _printf_ll.o
         6          0          0          0          0          0   _printf_lld.o
         6          0          0          0          0          0   _printf_lli.o
         6          0          0          0          0          0   _printf_llo.o
         6          0          0          0          0          0   _printf_llu.o
         6          0          0          0          0          0   _printf_llx.o
       124         16          0          0          0         92   _printf_longlong_dec.o
         6          0          0          0          0          0   _printf_ls.o
         6          0          0          0          0          0   _printf_n.o
         6          0          0          0          0          0   _printf_o.o
       112         10          0          0          0        124   _printf_oct_int_ll.o
         6          0          0          0          0          0   _printf_p.o
        78          0          0          0          0        108   _printf_pad.o
         0          0          0          0          0          0   _printf_percent.o
         4          0          0          0          0          0   _printf_percent_end.o
         6          0          0          0          0          0   _printf_s.o
        82          0          0          0          0         80   _printf_str.o
        36          0          0          0          0         84   _printf_truncate.o
         6          0          0          0          0          0   _printf_u.o
        44          0          0          0          0        108   _printf_wchar.o
       188          6          8          0          0         92   _printf_wctomb.o
         6          0          0          0          0          0   _printf_x.o
        10          0          0          0          0         68   _sputc.o
        64          0          0          0          0         92   _wcrtomb.o
       228          4        148          0          0         96   bigflt0.o
      1936        128          0          0          0        672   btod.o
        18          0          0          0          0         80   exit.o
         6          0          0          0          0        152   heapauxi.o
         0          0          0          0          0          0   indicate_semi.o
        44         10        272          0          0         76   lc_ctype_c.o
        44         10         28          0          0         76   lc_numeric_c.o
         2          0          0          0          0          0   libinit.o
        34          0          0          0          0          0   libinit2.o
         2          0          0          0          0          0   libshutdown.o
         2          0          0          0          0          0   libshutdown2.o
         8          4          0          0         96         68   libspace.o
       138          0          0          0          0         80   lludiv10.o
       238          0          0          0          0        100   lludivv7m.o
        16          4          0          0          0         76   rt_ctype_table.o
         8          4          0          0          0         68   rt_locale_intlibspace.o
        78          0          0          0          0         80   rt_memclr_w.o
         2          0          0          0          0          0   rtexit.o
        10          0          0          0          0          0   rtexit2.o
       128          0          0          0          0         68   strcmpv7m.o
        62          0          0          0          0         76   strlen.o
       150          0          0          0          0         80   strncmp.o
        12          4          0          0          0         68   sys_exit.o
        74          0          0          0          0         80   sys_stackheap_outer.o
         2          0          0          0          0         68   use_no_semi.o
        36          4          0          0          0         76   vsprintf.o
        10          0          0          0          0        116   fpinit.o
         4          0          0          0          0        116   printf1.o
         4          0          0          0          0        116   printf2.o
         0          0          0          0          0          0   usenofp.o
        48          0          0          0          0        124   fpclassify.o

    ----------------------------------------------------------------------
      7302        266        552          0        100       4700   Library Totals
        14          0          1          0          4          0   (incl. Padding)

    ----------------------------------------------------------------------

      Code (inc. data)   RO Data    RW Data    ZI Data      Debug   Library Name

      7222        266        551          0         96       4228   c_w.l
        18          0          0          0          0        348   fz_wm.l
        48          0          0          0          0        124   m_wm.l

    ----------------------------------------------------------------------
      7302        266        552          0        100       4700   Library Totals

    ----------------------------------------------------------------------

==============================================================================


      Code (inc. data)   RO Data    RW Data    ZI Data      Debug   

     22238       1144      15758         32       2176     704944   Grand Totals
     22238       1144      15758         32       2176     704944   ELF Image Totals
     22238       1144      15758         32          0          0   ROM Totals

==============================================================================

    Total RO  Size (Code + RO Data)                37996 (  37.11kB)
    Total RW  Size (RW Data + ZI Data)              2208 (   2.16kB)
    Total ROM Size (Code + RO Data + RW Data)      38028 (  37.14kB)

==============================================================================

