<html>
<body>
<pre>
<h1>µVision Build Log</h1>
<h2>Tool Versions:</h2>
IDE-Version: ¦ÌVision V5.40.0.0
Copyright (C) 2024 ARM Ltd and ARM Germany GmbH. All rights reserved.
License Information: 1 C, 1, LIC=MPPLD-8DIEZ-EVA1R-KZXBE-F58IG-39T7S
 
Tool Versions:
Toolchain:       MDK-ARM Plus  Version: 5.40.0.3
Toolchain Path:  D:\DevelopSoft\MDK540\ARM\ARMCC\Bin
C Compiler:      Armcc.exe V5.06 update 7 (build 960)
Assembler:       Armasm.exe V5.06 update 7 (build 960)
Linker/Locator:  ArmLink.exe V5.06 update 7 (build 960)
Library Manager: ArmAr.exe V5.06 update 7 (build 960)
Hex Converter:   FromElf.exe V5.06 update 7 (build 960)
CPU DLL:         SARMCM3.DLL V5.40.0.3
Dialog DLL:      DCM.DLL V1.17.5.0
Target DLL:      CMSIS_AGDI.dll V1.33.18.0
Dialog DLL:      TCM.DLL V1.56.4.0
 
<h2>Project:</h2>
C:\Users\C\Desktop\mxg4demo\test\MDK-ARM\test.uvprojx
Project File Date:  10/01/2025

<h2>Output:</h2>
*** Using Compiler 'V5.06 update 7 (build 960)', folder: 'D:\DevelopSoft\MDK540\ARM\ARMCC\Bin'
Build target 'test'
compiling main.c...
../Core/Src/main.c(205): warning:  #9-D: nested comment is not allowed
      /* NOTE : This function Should not be modified, when the callback is needed,
../Core/Src/main.c: 1 warning, 0 errors
compiling gpio.c...
compiling stm32g4xx_hal_flash_ex.c...
compiling stm32g4xx_hal_msp.c...
compiling stm32g4xx_hal_flash_ramfunc.c...
compiling stm32g4xx_it.c...
compiling stm32g4xx_hal_pwr_ex.c...
compiling stm32g4xx_hal_dma_ex.c...
compiling stm32g4xx_hal_exti.c...
compiling dma.c...
compiling stm32g4xx_hal_dma.c...
compiling stm32g4xx_hal_tim_ex.c...
compiling stm32g4xx_hal.c...
compiling tim.c...
compiling system_stm32g4xx.c...
compiling stm32g4xx_hal_gpio.c...
compiling stm32g4xx_hal_pwr.c...
compiling stm32g4xx_hal_rcc_ex.c...
compiling stm32g4xx_hal_flash.c...
compiling stm32g4xx_hal_rcc.c...
compiling stm32g4xx_hal_tim.c...
compiling stm32g4xx_hal_cortex.c...
linking...
Program Size: Code=9578 RO-data=530 RW-data=44 ZI-data=2268  
FromELF: creating hex file...
"test\test.axf" - 0 Error(s), 1 Warning(s).

<h2>Software Packages used:</h2>

Package Vendor: ARM
                https://www.keil.com/pack/ARM.CMSIS.6.1.0.pack
                ARM::CMSIS@6.1.0
                CMSIS (Common Microcontroller Software Interface Standard)
   * Component: CORE Version: 6.1.0

Package Vendor: Keil
                https://www.keil.com/pack/Keil.STM32G4xx_DFP.1.5.0.pack
                Keil::STM32G4xx_DFP@1.5.0
                STMicroelectronics STM32G4 Series Device Support, Drivers and Examples

<h2>Collection of Component include folders:</h2>
  ./RTE/_test
  D:/DevelopSoft/MDK540/ARM/CMSIS/6.1.0/CMSIS/Core/Include
  D:/DevelopSoft/MDK540/Keil/STM32G4xx_DFP/1.5.0/Drivers/CMSIS/Device/ST/STM32G4xx/Include

<h2>Collection of Component Files used:</h2>

   * Component: ARM::CMSIS:CORE@6.1.0
      Include file:  CMSIS/Core/Include/tz_context.h
Build Time Elapsed:  00:00:03
</pre>
</body>
</html>
