Component: ARM Compiler 5.06 update 5 (build 528) Tool: armlink [4d35e2]

==============================================================================

Section Cross References

    startup_stm32f10x_md.o(RESET) refers to startup_stm32f10x_md.o(STACK) for __initial_sp
    startup_stm32f10x_md.o(RESET) refers to startup_stm32f10x_md.o(.text) for Reset_Handler
    startup_stm32f10x_md.o(RESET) refers to stm32f10x_it.o(i.NMI_Handler) for NMI_Handler
    startup_stm32f10x_md.o(RESET) refers to stm32f10x_it.o(i.HardFault_Handler) for HardFault_Handler
    startup_stm32f10x_md.o(RESET) refers to stm32f10x_it.o(i.MemManage_Handler) for MemManage_Handler
    startup_stm32f10x_md.o(RESET) refers to stm32f10x_it.o(i.BusFault_Handler) for BusFault_Handler
    startup_stm32f10x_md.o(RESET) refers to stm32f10x_it.o(i.UsageFault_Handler) for UsageFault_Handler
    startup_stm32f10x_md.o(RESET) refers to stm32f10x_it.o(i.SVC_Handler) for SVC_Handler
    startup_stm32f10x_md.o(RESET) refers to stm32f10x_it.o(i.DebugMon_Handler) for DebugMon_Handler
    startup_stm32f10x_md.o(RESET) refers to stm32f10x_it.o(i.PendSV_Handler) for PendSV_Handler
    startup_stm32f10x_md.o(RESET) refers to stm32f10x_it.o(i.SysTick_Handler) for SysTick_Handler
    startup_stm32f10x_md.o(RESET) refers to serial.o(i.USART1_IRQHandler) for USART1_IRQHandler
    startup_stm32f10x_md.o(.text) refers to system_stm32f10x.o(i.SystemInit) for SystemInit
    startup_stm32f10x_md.o(.text) refers to entry.o(.ARM.Collect$$$$00000000) for __main
    system_stm32f10x.o(i.SetSysClock) refers to system_stm32f10x.o(i.SetSysClockTo72) for SetSysClockTo72
    system_stm32f10x.o(i.SystemCoreClockUpdate) refers to system_stm32f10x.o(.data) for SystemCoreClock
    system_stm32f10x.o(i.SystemInit) refers to system_stm32f10x.o(i.SetSysClock) for SetSysClock
    stm32f10x_adc.o(i.ADC_DeInit) refers to stm32f10x_rcc.o(i.RCC_APB2PeriphResetCmd) for RCC_APB2PeriphResetCmd
    stm32f10x_bkp.o(i.BKP_DeInit) refers to stm32f10x_rcc.o(i.RCC_BackupResetCmd) for RCC_BackupResetCmd
    stm32f10x_can.o(i.CAN_DeInit) refers to stm32f10x_rcc.o(i.RCC_APB1PeriphResetCmd) for RCC_APB1PeriphResetCmd
    stm32f10x_can.o(i.CAN_GetITStatus) refers to stm32f10x_can.o(i.CheckITStatus) for CheckITStatus
    stm32f10x_cec.o(i.CEC_DeInit) refers to stm32f10x_rcc.o(i.RCC_APB1PeriphResetCmd) for RCC_APB1PeriphResetCmd
    stm32f10x_dac.o(i.DAC_DeInit) refers to stm32f10x_rcc.o(i.RCC_APB1PeriphResetCmd) for RCC_APB1PeriphResetCmd
    stm32f10x_flash.o(i.FLASH_EnableWriteProtection) refers to stm32f10x_flash.o(i.FLASH_WaitForLastOperation) for FLASH_WaitForLastOperation
    stm32f10x_flash.o(i.FLASH_EraseAllBank1Pages) refers to stm32f10x_flash.o(i.FLASH_WaitForLastBank1Operation) for FLASH_WaitForLastBank1Operation
    stm32f10x_flash.o(i.FLASH_EraseAllPages) refers to stm32f10x_flash.o(i.FLASH_WaitForLastOperation) for FLASH_WaitForLastOperation
    stm32f10x_flash.o(i.FLASH_EraseOptionBytes) refers to stm32f10x_flash.o(i.FLASH_GetReadOutProtectionStatus) for FLASH_GetReadOutProtectionStatus
    stm32f10x_flash.o(i.FLASH_EraseOptionBytes) refers to stm32f10x_flash.o(i.FLASH_WaitForLastOperation) for FLASH_WaitForLastOperation
    stm32f10x_flash.o(i.FLASH_ErasePage) refers to stm32f10x_flash.o(i.FLASH_WaitForLastOperation) for FLASH_WaitForLastOperation
    stm32f10x_flash.o(i.FLASH_ProgramHalfWord) refers to stm32f10x_flash.o(i.FLASH_WaitForLastOperation) for FLASH_WaitForLastOperation
    stm32f10x_flash.o(i.FLASH_ProgramOptionByteData) refers to stm32f10x_flash.o(i.FLASH_WaitForLastOperation) for FLASH_WaitForLastOperation
    stm32f10x_flash.o(i.FLASH_ProgramWord) refers to stm32f10x_flash.o(i.FLASH_WaitForLastOperation) for FLASH_WaitForLastOperation
    stm32f10x_flash.o(i.FLASH_ReadOutProtection) refers to stm32f10x_flash.o(i.FLASH_WaitForLastOperation) for FLASH_WaitForLastOperation
    stm32f10x_flash.o(i.FLASH_UserOptionByteConfig) refers to stm32f10x_flash.o(i.FLASH_WaitForLastOperation) for FLASH_WaitForLastOperation
    stm32f10x_flash.o(i.FLASH_WaitForLastBank1Operation) refers to stm32f10x_flash.o(i.FLASH_GetBank1Status) for FLASH_GetBank1Status
    stm32f10x_flash.o(i.FLASH_WaitForLastOperation) refers to stm32f10x_flash.o(i.FLASH_GetBank1Status) for FLASH_GetBank1Status
    stm32f10x_gpio.o(i.GPIO_AFIODeInit) refers to stm32f10x_rcc.o(i.RCC_APB2PeriphResetCmd) for RCC_APB2PeriphResetCmd
    stm32f10x_gpio.o(i.GPIO_DeInit) refers to stm32f10x_rcc.o(i.RCC_APB2PeriphResetCmd) for RCC_APB2PeriphResetCmd
    stm32f10x_i2c.o(i.I2C_DeInit) refers to stm32f10x_rcc.o(i.RCC_APB1PeriphResetCmd) for RCC_APB1PeriphResetCmd
    stm32f10x_i2c.o(i.I2C_Init) refers to stm32f10x_rcc.o(i.RCC_GetClocksFreq) for RCC_GetClocksFreq
    stm32f10x_pwr.o(i.PWR_DeInit) refers to stm32f10x_rcc.o(i.RCC_APB1PeriphResetCmd) for RCC_APB1PeriphResetCmd
    stm32f10x_rcc.o(i.RCC_GetClocksFreq) refers to stm32f10x_rcc.o(.data) for APBAHBPrescTable
[...]
    printfa.o(i._fp_digits) refers to uldiv.o(.text) for __aeabi_uldivmod
    printfa.o(i._printf_core) refers (Special) to iusefp.o(.text) for __I$use$fp
    printfa.o(i._printf_core) refers to printfa.o(i._printf_pre_padding) for _printf_pre_padding
    printfa.o(i._printf_core) refers to uldiv.o(.text) for __aeabi_uldivmod
    printfa.o(i._printf_core) refers to printfa.o(i._printf_post_padding) for _printf_post_padding
    printfa.o(i._printf_core) refers to printfa.o(i._fp_digits) for _fp_digits
    printfa.o(i._printf_core) refers to uidiv.o(.text) for __aeabi_uidivmod
    printfa.o(i._printf_post_padding) refers (Special) to iusefp.o(.text) for __I$use$fp
    printfa.o(i._printf_pre_padding) refers (Special) to iusefp.o(.text) for __I$use$fp
    printfa.o(i._snputc) refers (Special) to iusefp.o(.text) for __I$use$fp
    printfa.o(i._sputc) refers (Special) to iusefp.o(.text) for __I$use$fp
    entry2.o(.ARM.Collect$$$$00000001) refers to entry2.o(.ARM.Collect$$$$00002712) for __lit__00000000
    entry2.o(.ARM.Collect$$$$00002712) refers to startup_stm32f10x_md.o(STACK) for __initial_sp
    entry2.o(__vectab_stack_and_reset_area) refers to startup_stm32f10x_md.o(STACK) for __initial_sp
    entry2.o(__vectab_stack_and_reset_area) refers to entry.o(.ARM.Collect$$$$00000000) for __main
    entry5.o(.ARM.Collect$$$$00000004) refers to init.o(.text) for __scatterload
    entry9a.o(.ARM.Collect$$$$0000000B) refers to main.o(i.main) for main
    entry9b.o(.ARM.Collect$$$$0000000C) refers to main.o(i.main) for main
    fputc.o(i.fputc) refers (Special) to iusesemip.o(.text) for __I$use$semihosting$fputc
    fputc.o(i.fputc) refers (Special) to semi.o(.text) for __semihosting_library_function
    uldiv.o(.text) refers to llushr.o(.text) for __aeabi_llsr
    uldiv.o(.text) refers to llshl.o(.text) for __aeabi_llsl
    dadd.o(.text) refers to llshl.o(.text) for __aeabi_llsl
    dadd.o(.text) refers to llsshr.o(.text) for __aeabi_lasr
    dadd.o(.text) refers to depilogue.o(.text) for _double_epilogue
    dmul.o(.text) refers to depilogue.o(.text) for _double_epilogue
    ddiv.o(.text) refers to depilogue.o(.text) for _double_round
    dfixul.o(.text) refers to llushr.o(.text) for __aeabi_llsr
    dfixul.o(.text) refers to llshl.o(.text) for __aeabi_llsl
    init.o(.text) refers to entry5.o(.ARM.Collect$$$$00000004) for __main_after_scatterload
    depilogue.o(.text) refers to llshl.o(.text) for __aeabi_llsl
    depilogue.o(.text) refers to llushr.o(.text) for __aeabi_llsr


==============================================================================

Removing Unused input sections from the image.

    Removing startup_stm32f10x_md.o(HEAP), (512 bytes).
    Removing core_cm3.o(.emb_text), (32 bytes).
    Removing system_stm32f10x.o(i.SystemCoreClockUpdate), (164 bytes).
    Removing system_stm32f10x.o(.data), (20 bytes).
    Removing misc.o(i.NVIC_SetVectorTable), (20 bytes).
    Removing misc.o(i.NVIC_SystemLPConfig), (32 bytes).
    Removing misc.o(i.SysTick_CLKSourceConfig), (40 bytes).
    Removing stm32f10x_adc.o(i.ADC_AnalogWatchdogCmd), (20 bytes).
    Removing stm32f10x_adc.o(i.ADC_AnalogWatchdogSingleChannelConfig), (16 bytes).
    Removing stm32f10x_adc.o(i.ADC_AnalogWatchdogThresholdsConfig), (6 bytes).
    Removing stm32f10x_adc.o(i.ADC_AutoInjectedConvCmd), (22 bytes).
    Removing stm32f10x_adc.o(i.ADC_ClearFlag), (6 bytes).
    Removing stm32f10x_adc.o(i.ADC_ClearITPendingBit), (10 bytes).
    Removing stm32f10x_adc.o(i.ADC_Cmd), (22 bytes).
    Removing stm32f10x_adc.o(i.ADC_DMACmd), (22 bytes).
    Removing stm32f10x_adc.o(i.ADC_DeInit), (92 bytes).
    Removing stm32f10x_adc.o(i.ADC_DiscModeChannelCountConfig), (24 bytes).
    Removing stm32f10x_adc.o(i.ADC_DiscModeCmd), (22 bytes).
    Removing stm32f10x_adc.o(i.ADC_ExternalTrigConvCmd), (22 bytes).
    Removing stm32f10x_adc.o(i.ADC_ExternalTrigInjectedConvCmd), (22 bytes).
    Removing stm32f10x_adc.o(i.ADC_ExternalTrigInjectedConvConfig), (16 bytes).
    Removing stm32f10x_adc.o(i.ADC_GetCalibrationStatus), (20 bytes).
    Removing stm32f10x_adc.o(i.ADC_GetConversionValue), (8 bytes).
    Removing stm32f10x_adc.o(i.ADC_GetDualModeConversionValue), (12 bytes).
    Removing stm32f10x_adc.o(i.ADC_GetFlagStatus), (18 bytes).
    Removing stm32f10x_adc.o(i.ADC_GetITStatus), (36 bytes).
    Removing stm32f10x_adc.o(i.ADC_GetInjectedConversionValue), (28 bytes).
    Removing stm32f10x_adc.o(i.ADC_GetResetCalibrationStatus), (20 bytes).
    Removing stm32f10x_adc.o(i.ADC_GetSoftwareStartConvStatus), (20 bytes).
    Removing stm32f10x_adc.o(i.ADC_GetSoftwareStartInjectedConvCmdStatus), (20 bytes).
    Removing stm32f10x_adc.o(i.ADC_ITConfig), (24 bytes).
    Removing stm32f10x_adc.o(i.ADC_Init), (80 bytes).
    Removing stm32f10x_adc.o(i.ADC_InjectedChannelConfig), (130 bytes).
    Removing stm32f10x_adc.o(i.ADC_InjectedDiscModeCmd), (22 bytes).
    Removing stm32f10x_adc.o(i.ADC_InjectedSequencerLengthConfig), (24 bytes).
    Removing stm32f10x_adc.o(i.ADC_RegularChannelConfig), (184 bytes).
    Removing stm32f10x_adc.o(i.ADC_ResetCalibration), (10 bytes).
    Removing stm32f10x_adc.o(i.ADC_SetInjectedOffset), (20 bytes).
    Removing stm32f10x_adc.o(i.ADC_SoftwareStartConvCmd), (22 bytes).
    Removing stm32f10x_adc.o(i.ADC_SoftwareStartInjectedConvCmd), (22 bytes).
    Removing stm32f10x_adc.o(i.ADC_StartCalibration), (10 bytes).
    Removing stm32f10x_adc.o(i.ADC_StructInit), (18 bytes).
    Removing stm32f10x_adc.o(i.ADC_TempSensorVrefintCmd), (36 bytes).
    Removing stm32f10x_bkp.o(i.BKP_ClearFlag), (20 bytes).
    Removing stm32f10x_bkp.o(i.BKP_ClearITPendingBit), (20 bytes).
    Removing stm32f10x_bkp.o(i.BKP_DeInit), (16 bytes).
    Removing stm32f10x_bkp.o(i.BKP_GetFlagStatus), (12 bytes).
    Removing stm32f10x_bkp.o(i.BKP_GetITStatus), (12 bytes).
    Removing stm32f10x_bkp.o(i.BKP_ITConfig), (12 bytes).
    Removing stm32f10x_bkp.o(i.BKP_RTCOutputConfig), (28 bytes).
    Removing stm32f10x_bkp.o(i.BKP_ReadBackupRegister), (28 bytes).
    Removing stm32f10x_bkp.o(i.BKP_SetRTCCalibrationValue), (28 bytes).
    Removing stm32f10x_bkp.o(i.BKP_TamperPinCmd), (12 bytes).
    Removing stm32f10x_bkp.o(i.BKP_TamperPinLevelConfig), (12 bytes).
    Removing stm32f10x_bkp.o(i.BKP_WriteBackupRegister), (28 bytes).
    Removing stm32f10x_can.o(i.CAN_CancelTransmit), (48 bytes).
    Removing stm32f10x_can.o(i.CAN_ClearFlag), (56 bytes).
    Removing stm32f10x_can.o(i.CAN_ClearITPendingBit), (168 bytes).
    Removing stm32f10x_can.o(i.CAN_DBGFreeze), (22 bytes).
    Removing stm32f10x_can.o(i.CAN_DeInit), (56 bytes).
    Removing stm32f10x_can.o(i.CAN_FIFORelease), (22 bytes).
    Removing stm32f10x_can.o(i.CAN_FilterInit), (264 bytes).
    Removing stm32f10x_can.o(i.CAN_GetFlagStatus), (120 bytes).
    Removing stm32f10x_can.o(i.CAN_GetITStatus), (288 bytes).
    Removing stm32f10x_can.o(i.CAN_GetLSBTransmitErrorCounter), (12 bytes).
    Removing stm32f10x_can.o(i.CAN_GetLastErrorCode), (12 bytes).
    Removing stm32f10x_can.o(i.CAN_GetReceiveErrorCounter), (10 bytes).
    Removing stm32f10x_can.o(i.CAN_ITConfig), (18 bytes).
    Removing stm32f10x_can.o(i.CAN_Init), (276 bytes).
    Removing stm32f10x_can.o(i.CAN_MessagePending), (30 bytes).
    Removing stm32f10x_can.o(i.CAN_OperatingModeRequest), (162 bytes).
    Removing stm32f10x_can.o(i.CAN_Receive), (240 bytes).
    Removing stm32f10x_can.o(i.CAN_SlaveStartBank), (52 bytes).
    Removing stm32f10x_can.o(i.CAN_Sleep), (30 bytes).
    Removing stm32f10x_can.o(i.CAN_StructInit), (32 bytes).
    Removing stm32f10x_can.o(i.CAN_TTComModeCmd), (118 bytes).
    Removing stm32f10x_can.o(i.CAN_Transmit), (294 bytes).
    Removing stm32f10x_can.o(i.CAN_TransmitStatus), (160 bytes).
    Removing stm32f10x_can.o(i.CAN_WakeUp), (48 bytes).
    Removing stm32f10x_can.o(i.CheckITStatus), (18 bytes).
    Removing stm32f10x_cec.o(i.CEC_ClearFlag), (36 bytes).
    Removing stm32f10x_cec.o(i.CEC_ClearITPendingBit), (36 bytes).
    Removing stm32f10x_cec.o(i.CEC_Cmd), (32 bytes).
    Removing stm32f10x_cec.o(i.CEC_DeInit), (22 bytes).
    Removing stm32f10x_cec.o(i.CEC_EndOfMessageCmd), (12 bytes).
    Removing stm32f10x_cec.o(i.CEC_GetFlagStatus), (48 bytes).
    Removing stm32f10x_cec.o(i.CEC_GetITStatus), (40 bytes).
    Removing stm32f10x_cec.o(i.CEC_ITConfig), (12 bytes).
    Removing stm32f10x_cec.o(i.CEC_Init), (32 bytes).
    Removing stm32f10x_cec.o(i.CEC_OwnAddressConfig), (12 bytes).
    Removing stm32f10x_cec.o(i.CEC_ReceiveDataByte), (12 bytes).
    Removing stm32f10x_cec.o(i.CEC_SendDataByte), (12 bytes).
    Removing stm32f10x_cec.o(i.CEC_SetPrescaler), (12 bytes).
    Removing stm32f10x_cec.o(i.CEC_StartOfMessage), (12 bytes).
    Removing stm32f10x_crc.o(i.CRC_CalcBlockCRC), (36 bytes).
    Removing stm32f10x_crc.o(i.CRC_CalcCRC), (16 bytes).
    Removing stm32f10x_crc.o(i.CRC_GetCRC), (12 bytes).
    Removing stm32f10x_crc.o(i.CRC_GetIDRegister), (12 bytes).
    Removing stm32f10x_crc.o(i.CRC_ResetDR), (12 bytes).
    Removing stm32f10x_crc.o(i.CRC_SetIDRegister), (12 bytes).
    Removing stm32f10x_dac.o(i.DAC_Cmd), (40 bytes).
    Removing stm32f10x_dac.o(i.DAC_DMACmd), (44 bytes).
    Removing stm32f10x_dac.o(i.DAC_DeInit), (22 bytes).
    Removing stm32f10x_dac.o(i.DAC_DualSoftwareTriggerCmd), (36 bytes).
    Removing stm32f10x_dac.o(i.DAC_GetDataOutputValue), (36 bytes).
    Removing stm32f10x_dac.o(i.DAC_Init), (52 bytes).
    Removing stm32f10x_dac.o(i.DAC_SetChannel1Data), (32 bytes).
    Removing stm32f10x_dac.o(i.DAC_SetChannel2Data), (32 bytes).
    Removing stm32f10x_dac.o(i.DAC_SetDualChannelData), (36 bytes).
    Removing stm32f10x_dac.o(i.DAC_SoftwareTriggerCmd), (44 bytes).
    Removing stm32f10x_dac.o(i.DAC_StructInit), (12 bytes).
    Removing stm32f10x_dac.o(i.DAC_WaveGenerationCmd), (40 bytes).
    Removing stm32f10x_dbgmcu.o(i.DBGMCU_Config), (32 bytes).
    Removing stm32f10x_dbgmcu.o(i.DBGMCU_GetDEVID), (16 bytes).
    Removing stm32f10x_dbgmcu.o(i.DBGMCU_GetREVID), (12 bytes).
    Removing stm32f10x_dma.o(i.DMA_ClearITPendingBit), (28 bytes).
    Removing stm32f10x_dma.o(i.DMA_DeInit), (332 bytes).
    Removing stm32f10x_dma.o(i.DMA_GetCurrDataCounter), (8 bytes).
    Removing stm32f10x_dma.o(i.DMA_GetITStatus), (44 bytes).
    Removing stm32f10x_dma.o(i.DMA_ITConfig), (18 bytes).
    Removing stm32f10x_dma.o(i.DMA_SetCurrDataCounter), (4 bytes).
    Removing stm32f10x_dma.o(i.DMA_StructInit), (26 bytes).
    Removing stm32f10x_exti.o(i.EXTI_ClearFlag), (12 bytes).
    Removing stm32f10x_exti.o(i.EXTI_ClearITPendingBit), (12 bytes).
    Removing stm32f10x_exti.o(i.EXTI_DeInit), (36 bytes).
    Removing stm32f10x_exti.o(i.EXTI_GenerateSWInterrupt), (16 bytes).
    Removing stm32f10x_exti.o(i.EXTI_GetFlagStatus), (24 bytes).
    Removing stm32f10x_exti.o(i.EXTI_GetITStatus), (40 bytes).
    Removing stm32f10x_exti.o(i.EXTI_Init), (148 bytes).
    Removing stm32f10x_exti.o(i.EXTI_StructInit), (16 bytes).
    Removing stm32f10x_flash.o(i.FLASH_ClearFlag), (12 bytes).
    Removing stm32f10x_flash.o(i.FLASH_EnableWriteProtection), (196 bytes).
    Removing stm32f10x_flash.o(i.FLASH_EraseAllBank1Pages), (72 bytes).
    Removing stm32f10x_flash.o(i.FLASH_EraseAllPages), (72 bytes).
    Removing stm32f10x_flash.o(i.FLASH_EraseOptionBytes), (168 bytes).
    Removing stm32f10x_flash.o(i.FLASH_ErasePage), (76 bytes).
    Removing stm32f10x_flash.o(i.FLASH_GetBank1Status), (52 bytes).
    Removing stm32f10x_flash.o(i.FLASH_GetFlagStatus), (48 bytes).
    Removing stm32f10x_flash.o(i.FLASH_GetPrefetchBufferStatus), (24 bytes).
    Removing stm32f10x_flash.o(i.FLASH_GetReadOutProtectionStatus), (24 bytes).
    Removing stm32f10x_flash.o(i.FLASH_GetStatus), (52 bytes).
    Removing stm32f10x_flash.o(i.FLASH_GetUserOptionByte), (12 bytes).
    Removing stm32f10x_flash.o(i.FLASH_GetWriteProtectionOptionByte), (12 bytes).
    Removing stm32f10x_flash.o(i.FLASH_HalfCycleAccessCmd), (28 bytes).
    Removing stm32f10x_flash.o(i.FLASH_ITConfig), (32 bytes).
    Removing stm32f10x_flash.o(i.FLASH_Lock), (20 bytes).
    Removing stm32f10x_flash.o(i.FLASH_LockBank1), (20 bytes).
    Removing stm32f10x_flash.o(i.FLASH_PrefetchBufferCmd), (28 bytes).
    Removing stm32f10x_flash.o(i.FLASH_ProgramHalfWord), (64 bytes).
    Removing stm32f10x_flash.o(i.FLASH_ProgramOptionByteData), (84 bytes).
    Removing stm32f10x_flash.o(i.FLASH_ProgramWord), (108 bytes).
    Removing stm32f10x_flash.o(i.FLASH_ReadOutProtection), (172 bytes).
    Removing stm32f10x_flash.o(i.FLASH_SetLatency), (24 bytes).
    Removing stm32f10x_flash.o(i.FLASH_Unlock), (24 bytes).
    Removing stm32f10x_flash.o(i.FLASH_UnlockBank1), (24 bytes).
    Removing stm32f10x_flash.o(i.FLASH_UserOptionByteConfig), (104 bytes).
    Removing stm32f10x_flash.o(i.FLASH_WaitForLastBank1Operation), (38 bytes).
    Removing stm32f10x_flash.o(i.FLASH_WaitForLastOperation), (38 bytes).
    Removing stm32f10x_fsmc.o(i.FSMC_ClearFlag), (64 bytes).
    Removing stm32f10x_fsmc.o(i.FSMC_ClearITPendingBit), (72 bytes).
    Removing stm32f10x_fsmc.o(i.FSMC_GetECC), (28 bytes).
    Removing stm32f10x_fsmc.o(i.FSMC_GetFlagStatus), (56 bytes).
    Removing stm32f10x_fsmc.o(i.FSMC_GetITStatus), (68 bytes).
    Removing stm32f10x_fsmc.o(i.FSMC_ITConfig), (128 bytes).
    Removing stm32f10x_fsmc.o(i.FSMC_NANDCmd), (92 bytes).
    Removing stm32f10x_fsmc.o(i.FSMC_NANDDeInit), (68 bytes).
    Removing stm32f10x_fsmc.o(i.FSMC_NANDECCCmd), (92 bytes).
    Removing stm32f10x_fsmc.o(i.FSMC_NANDInit), (136 bytes).
    Removing stm32f10x_fsmc.o(i.FSMC_NANDStructInit), (54 bytes).
    Removing stm32f10x_fsmc.o(i.FSMC_NORSRAMCmd), (52 bytes).
    Removing stm32f10x_fsmc.o(i.FSMC_NORSRAMDeInit), (54 bytes).
    Removing stm32f10x_fsmc.o(i.FSMC_NORSRAMInit), (230 bytes).
    Removing stm32f10x_fsmc.o(i.FSMC_NORSRAMStructInit), (114 bytes).
    Removing stm32f10x_fsmc.o(i.FSMC_PCCARDCmd), (48 bytes).
    Removing stm32f10x_fsmc.o(i.FSMC_PCCARDDeInit), (40 bytes).
    Removing stm32f10x_fsmc.o(i.FSMC_PCCARDInit), (132 bytes).
    Removing stm32f10x_fsmc.o(i.FSMC_PCCARDStructInit), (60 bytes).
    Removing stm32f10x_gpio.o(i.GPIO_AFIODeInit), (20 bytes).
    Removing stm32f10x_gpio.o(i.GPIO_DeInit), (200 bytes).
    Removing stm32f10x_gpio.o(i.GPIO_ETH_MediaInterfaceConfig), (12 bytes).
    Removing stm32f10x_gpio.o(i.GPIO_EXTILineConfig), (64 bytes).
    Removing stm32f10x_gpio.o(i.GPIO_EventOutputCmd), (12 bytes).
    Removing stm32f10x_gpio.o(i.GPIO_EventOutputConfig), (32 bytes).
    Removing stm32f10x_gpio.o(i.GPIO_PinLockConfig), (18 bytes).
    Removing stm32f10x_gpio.o(i.GPIO_PinRemapConfig), (144 bytes).
    Removing stm32f10x_gpio.o(i.GPIO_ReadInputData), (8 bytes).
    Removing stm32f10x_gpio.o(i.GPIO_ReadOutputData), (8 bytes).
    Removing stm32f10x_gpio.o(i.GPIO_ReadOutputDataBit), (18 bytes).
    Removing stm32f10x_gpio.o(i.GPIO_ResetBits), (4 bytes).
    Removing stm32f10x_gpio.o(i.GPIO_SetBits), (4 bytes).
    Removing stm32f10x_gpio.o(i.GPIO_StructInit), (16 bytes).
    Removing stm32f10x_gpio.o(i.GPIO_Write), (4 bytes).
    Removing stm32f10x_i2c.o(i.I2C_ARPCmd), (24 bytes).
    Removing stm32f10x_i2c.o(i.I2C_AcknowledgeConfig), (24 bytes).
    Removing stm32f10x_i2c.o(i.I2C_CalculatePEC), (24 bytes).
    Removing stm32f10x_i2c.o(i.I2C_CheckEvent), (42 bytes).
    Removing stm32f10x_i2c.o(i.I2C_ClearFlag), (12 bytes).
    Removing stm32f10x_i2c.o(i.I2C_ClearITPendingBit), (12 bytes).
    Removing stm32f10x_i2c.o(i.I2C_Cmd), (24 bytes).
    Removing stm32f10x_i2c.o(i.I2C_DMACmd), (24 bytes).
    Removing stm32f10x_i2c.o(i.I2C_DMALastTransferCmd), (24 bytes).
    Removing stm32f10x_i2c.o(i.I2C_DeInit), (56 bytes).
    Removing stm32f10x_i2c.o(i.I2C_DualAddressCmd), (24 bytes).
    Removing stm32f10x_i2c.o(i.I2C_FastModeDutyCycleConfig), (28 bytes).
    Removing stm32f10x_i2c.o(i.I2C_GeneralCallCmd), (24 bytes).
    Removing stm32f10x_i2c.o(i.I2C_GenerateSTART), (24 bytes).
    Removing stm32f10x_i2c.o(i.I2C_GenerateSTOP), (24 bytes).
    Removing stm32f10x_i2c.o(i.I2C_GetFlagStatus), (58 bytes).
    Removing stm32f10x_i2c.o(i.I2C_GetITStatus), (38 bytes).
    Removing stm32f10x_i2c.o(i.I2C_GetLastEvent), (26 bytes).
    Removing stm32f10x_i2c.o(i.I2C_GetPEC), (8 bytes).
    Removing stm32f10x_i2c.o(i.I2C_ITConfig), (18 bytes).
    Removing stm32f10x_i2c.o(i.I2C_Init), (236 bytes).
    Removing stm32f10x_i2c.o(i.I2C_NACKPositionConfig), (28 bytes).
    Removing stm32f10x_i2c.o(i.I2C_OwnAddress2Config), (22 bytes).
    Removing stm32f10x_i2c.o(i.I2C_PECPositionConfig), (28 bytes).
    Removing stm32f10x_i2c.o(i.I2C_ReadRegister), (22 bytes).
    Removing stm32f10x_i2c.o(i.I2C_ReceiveData), (8 bytes).
    Removing stm32f10x_i2c.o(i.I2C_SMBusAlertConfig), (28 bytes).
    Removing stm32f10x_i2c.o(i.I2C_Send7bitAddress), (18 bytes).
    Removing stm32f10x_i2c.o(i.I2C_SendData), (4 bytes).
    Removing stm32f10x_i2c.o(i.I2C_SoftwareResetCmd), (22 bytes).
    Removing stm32f10x_i2c.o(i.I2C_StretchClockCmd), (24 bytes).
    Removing stm32f10x_i2c.o(i.I2C_StructInit), (30 bytes).
    Removing stm32f10x_i2c.o(i.I2C_TransmitPEC), (24 bytes).
    Removing stm32f10x_iwdg.o(i.IWDG_Enable), (16 bytes).
    Removing stm32f10x_iwdg.o(i.IWDG_GetFlagStatus), (24 bytes).
    Removing stm32f10x_iwdg.o(i.IWDG_ReloadCounter), (16 bytes).
    Removing stm32f10x_iwdg.o(i.IWDG_SetPrescaler), (12 bytes).
    Removing stm32f10x_iwdg.o(i.IWDG_SetReload), (12 bytes).
    Removing stm32f10x_iwdg.o(i.IWDG_WriteAccessCmd), (12 bytes).
    Removing stm32f10x_pwr.o(i.PWR_BackupAccessCmd), (12 bytes).
    Removing stm32f10x_pwr.o(i.PWR_ClearFlag), (20 bytes).
    Removing stm32f10x_pwr.o(i.PWR_DeInit), (22 bytes).
    Removing stm32f10x_pwr.o(i.PWR_EnterSTANDBYMode), (52 bytes).
    Removing stm32f10x_pwr.o(i.PWR_EnterSTOPMode), (64 bytes).
    Removing stm32f10x_pwr.o(i.PWR_GetFlagStatus), (24 bytes).
    Removing stm32f10x_pwr.o(i.PWR_PVDCmd), (12 bytes).
    Removing stm32f10x_pwr.o(i.PWR_PVDLevelConfig), (24 bytes).
    Removing stm32f10x_pwr.o(i.PWR_WakeUpPinCmd), (12 bytes).
    Removing stm32f10x_rcc.o(i.RCC_ADCCLKConfig), (24 bytes).
    Removing stm32f10x_rcc.o(i.RCC_APB1PeriphClockCmd), (32 bytes).
    Removing stm32f10x_rcc.o(i.RCC_APB1PeriphResetCmd), (32 bytes).
    Removing stm32f10x_rcc.o(i.RCC_APB2PeriphResetCmd), (32 bytes).
    Removing stm32f10x_rcc.o(i.RCC_AdjustHSICalibrationValue), (24 bytes).
    Removing stm32f10x_rcc.o(i.RCC_BackupResetCmd), (12 bytes).
    Removing stm32f10x_rcc.o(i.RCC_ClearFlag), (20 bytes).
    Removing stm32f10x_rcc.o(i.RCC_ClearITPendingBit), (12 bytes).
    Removing stm32f10x_rcc.o(i.RCC_ClockSecuritySystemCmd), (12 bytes).
    Removing stm32f10x_rcc.o(i.RCC_DeInit), (76 bytes).
    Removing stm32f10x_rcc.o(i.RCC_GetFlagStatus), (60 bytes).
    Removing stm32f10x_rcc.o(i.RCC_GetITStatus), (24 bytes).
    Removing stm32f10x_rcc.o(i.RCC_GetSYSCLKSource), (16 bytes).
    Removing stm32f10x_rcc.o(i.RCC_HCLKConfig), (24 bytes).
    Removing stm32f10x_rcc.o(i.RCC_HSEConfig), (76 bytes).
    Removing stm32f10x_rcc.o(i.RCC_HSICmd), (12 bytes).
    Removing stm32f10x_rcc.o(i.RCC_ITConfig), (32 bytes).
    Removing stm32f10x_rcc.o(i.RCC_LSEConfig), (52 bytes).
    Removing stm32f10x_rcc.o(i.RCC_LSICmd), (12 bytes).
    Removing stm32f10x_rcc.o(i.RCC_MCOConfig), (12 bytes).
    Removing stm32f10x_rcc.o(i.RCC_PCLK1Config), (24 bytes).
    Removing stm32f10x_rcc.o(i.RCC_PCLK2Config), (24 bytes).
    Removing stm32f10x_rcc.o(i.RCC_PLLCmd), (12 bytes).
    Removing stm32f10x_rcc.o(i.RCC_PLLConfig), (28 bytes).
    Removing stm32f10x_rcc.o(i.RCC_RTCCLKCmd), (12 bytes).
    Removing stm32f10x_rcc.o(i.RCC_RTCCLKConfig), (16 bytes).
    Removing stm32f10x_rcc.o(i.RCC_SYSCLKConfig), (24 bytes).
    Removing stm32f10x_rcc.o(i.RCC_USBCLKConfig), (12 bytes).
    Removing stm32f10x_rcc.o(i.RCC_WaitForHSEStartUp), (56 bytes).
    Removing stm32f10x_rtc.o(i.RTC_ClearFlag), (16 bytes).
    Removing stm32f10x_rtc.o(i.RTC_ClearITPendingBit), (16 bytes).
    Removing stm32f10x_rtc.o(i.RTC_EnterConfigMode), (20 bytes).
    Removing stm32f10x_rtc.o(i.RTC_ExitConfigMode), (20 bytes).
    Removing stm32f10x_rtc.o(i.RTC_GetCounter), (20 bytes).
    Removing stm32f10x_rtc.o(i.RTC_GetDivider), (24 bytes).
    Removing stm32f10x_rtc.o(i.RTC_GetFlagStatus), (24 bytes).
    Removing stm32f10x_rtc.o(i.RTC_GetITStatus), (36 bytes).
    Removing stm32f10x_rtc.o(i.RTC_ITConfig), (32 bytes).
    Removing stm32f10x_rtc.o(i.RTC_SetAlarm), (28 bytes).
    Removing stm32f10x_rtc.o(i.RTC_SetCounter), (28 bytes).
    Removing stm32f10x_rtc.o(i.RTC_SetPrescaler), (32 bytes).
    Removing stm32f10x_rtc.o(i.RTC_WaitForLastTask), (20 bytes).
    Removing stm32f10x_rtc.o(i.RTC_WaitForSynchro), (36 bytes).
    Removing stm32f10x_sdio.o(i.SDIO_CEATAITCmd), (16 bytes).
    Removing stm32f10x_sdio.o(i.SDIO_ClearFlag), (12 bytes).
    Removing stm32f10x_sdio.o(i.SDIO_ClearITPendingBit), (12 bytes).
    Removing stm32f10x_sdio.o(i.SDIO_ClockCmd), (12 bytes).
    Removing stm32f10x_sdio.o(i.SDIO_CmdStructInit), (14 bytes).
    Removing stm32f10x_sdio.o(i.SDIO_CommandCompletionCmd), (12 bytes).
    Removing stm32f10x_sdio.o(i.SDIO_DMACmd), (12 bytes).
    Removing stm32f10x_sdio.o(i.SDIO_DataConfig), (48 bytes).
    Removing stm32f10x_sdio.o(i.SDIO_DataStructInit), (20 bytes).
    Removing stm32f10x_sdio.o(i.SDIO_DeInit), (36 bytes).
    Removing stm32f10x_sdio.o(i.SDIO_GetCommandResponse), (12 bytes).
    Removing stm32f10x_sdio.o(i.SDIO_GetDataCounter), (12 bytes).
    Removing stm32f10x_sdio.o(i.SDIO_GetFIFOCount), (12 bytes).
    Removing stm32f10x_sdio.o(i.SDIO_GetFlagStatus), (24 bytes).
    Removing stm32f10x_sdio.o(i.SDIO_GetITStatus), (24 bytes).
    Removing stm32f10x_sdio.o(i.SDIO_GetPowerState), (16 bytes).
    Removing stm32f10x_sdio.o(i.SDIO_GetResponse), (24 bytes).
    Removing stm32f10x_sdio.o(i.SDIO_ITConfig), (32 bytes).
    Removing stm32f10x_sdio.o(i.SDIO_Init), (48 bytes).
    Removing stm32f10x_sdio.o(i.SDIO_ReadData), (12 bytes).
    Removing stm32f10x_sdio.o(i.SDIO_SendCEATACmd), (12 bytes).
    Removing stm32f10x_sdio.o(i.SDIO_SendCommand), (44 bytes).
    Removing stm32f10x_sdio.o(i.SDIO_SendSDIOSuspendCmd), (12 bytes).
    Removing stm32f10x_sdio.o(i.SDIO_SetPowerState), (28 bytes).
    Removing stm32f10x_sdio.o(i.SDIO_SetSDIOOperation), (12 bytes).
    Removing stm32f10x_sdio.o(i.SDIO_SetSDIOReadWaitMode), (12 bytes).
    Removing stm32f10x_sdio.o(i.SDIO_StartSDIOReadWait), (12 bytes).
    Removing stm32f10x_sdio.o(i.SDIO_StopSDIOReadWait), (12 bytes).
    Removing stm32f10x_sdio.o(i.SDIO_StructInit), (16 bytes).
    Removing stm32f10x_sdio.o(i.SDIO_WriteData), (12 bytes).
    Removing stm32f10x_spi.o(i.I2S_Cmd), (24 bytes).
    Removing stm32f10x_spi.o(i.I2S_Init), (232 bytes).
    Removing stm32f10x_spi.o(i.I2S_StructInit), (20 bytes).
    Removing stm32f10x_spi.o(i.SPI_BiDirectionalLineConfig), (28 bytes).
    Removing stm32f10x_spi.o(i.SPI_CalculateCRC), (24 bytes).
    Removing stm32f10x_spi.o(i.SPI_DataSizeConfig), (18 bytes).
    Removing stm32f10x_spi.o(i.SPI_GetCRC), (16 bytes).
    Removing stm32f10x_spi.o(i.SPI_GetCRCPolynomial), (6 bytes).
    Removing stm32f10x_spi.o(i.SPI_I2S_ClearFlag), (6 bytes).
    Removing stm32f10x_spi.o(i.SPI_I2S_ClearITPendingBit), (20 bytes).
    Removing stm32f10x_spi.o(i.SPI_I2S_DeInit), (88 bytes).
    Removing stm32f10x_spi.o(i.SPI_I2S_GetITStatus), (52 bytes).
    Removing stm32f10x_spi.o(i.SPI_I2S_ITConfig), (32 bytes).
    Removing stm32f10x_spi.o(i.SPI_NSSInternalSoftwareConfig), (30 bytes).
    Removing stm32f10x_spi.o(i.SPI_SSOutputCmd), (24 bytes).
    Removing stm32f10x_spi.o(i.SPI_StructInit), (24 bytes).
    Removing stm32f10x_spi.o(i.SPI_TransmitCRC), (10 bytes).
    Removing stm32f10x_tim.o(i.TI1_Config), (128 bytes).
    Removing stm32f10x_tim.o(i.TI2_Config), (152 bytes).
    Removing stm32f10x_tim.o(i.TI3_Config), (144 bytes).
    Removing stm32f10x_tim.o(i.TI4_Config), (152 bytes).
    Removing stm32f10x_tim.o(i.TIM_ARRPreloadConfig), (24 bytes).
    Removing stm32f10x_tim.o(i.TIM_BDTRConfig), (32 bytes).
    Removing stm32f10x_tim.o(i.TIM_BDTRStructInit), (18 bytes).
    Removing stm32f10x_tim.o(i.TIM_CCPreloadControl), (24 bytes).
    Removing stm32f10x_tim.o(i.TIM_CCxCmd), (30 bytes).
    Removing stm32f10x_tim.o(i.TIM_CCxNCmd), (30 bytes).
    Removing stm32f10x_tim.o(i.TIM_ClearFlag), (6 bytes).
    Removing stm32f10x_tim.o(i.TIM_ClearITPendingBit), (6 bytes).
    Removing stm32f10x_tim.o(i.TIM_ClearOC1Ref), (18 bytes).
    Removing stm32f10x_tim.o(i.TIM_ClearOC2Ref), (24 bytes).
    Removing stm32f10x_tim.o(i.TIM_ClearOC3Ref), (18 bytes).
    Removing stm32f10x_tim.o(i.TIM_ClearOC4Ref), (24 bytes).
    Removing stm32f10x_tim.o(i.TIM_Cmd), (24 bytes).
    Removing stm32f10x_tim.o(i.TIM_CounterModeConfig), (18 bytes).
    Removing stm32f10x_tim.o(i.TIM_CtrlPWMOutputs), (30 bytes).
    Removing stm32f10x_tim.o(i.TIM_DMACmd), (18 bytes).
    Removing stm32f10x_tim.o(i.TIM_DMAConfig), (10 bytes).
    Removing stm32f10x_tim.o(i.TIM_DeInit), (488 bytes).
    Removing stm32f10x_tim.o(i.TIM_ETRClockMode1Config), (54 bytes).
    Removing stm32f10x_tim.o(i.TIM_ETRClockMode2Config), (32 bytes).
    Removing stm32f10x_tim.o(i.TIM_ETRConfig), (28 bytes).
    Removing stm32f10x_tim.o(i.TIM_EncoderInterfaceConfig), (66 bytes).
    Removing stm32f10x_tim.o(i.TIM_ForcedOC1Config), (18 bytes).
    Removing stm32f10x_tim.o(i.TIM_ForcedOC2Config), (26 bytes).
    Removing stm32f10x_tim.o(i.TIM_ForcedOC3Config), (18 bytes).
    Removing stm32f10x_tim.o(i.TIM_ForcedOC4Config), (26 bytes).
    Removing stm32f10x_tim.o(i.TIM_GenerateEvent), (4 bytes).
    Removing stm32f10x_tim.o(i.TIM_GetCapture1), (6 bytes).
    Removing stm32f10x_tim.o(i.TIM_GetCapture2), (6 bytes).
    Removing stm32f10x_tim.o(i.TIM_GetCapture3), (6 bytes).
    Removing stm32f10x_tim.o(i.TIM_GetCapture4), (8 bytes).
    Removing stm32f10x_tim.o(i.TIM_GetCounter), (6 bytes).
    Removing stm32f10x_tim.o(i.TIM_GetFlagStatus), (18 bytes).
    Removing stm32f10x_tim.o(i.TIM_GetITStatus), (34 bytes).
    Removing stm32f10x_tim.o(i.TIM_GetPrescaler), (6 bytes).
    Removing stm32f10x_tim.o(i.TIM_ICInit), (172 bytes).
    Removing stm32f10x_tim.o(i.TIM_ICStructInit), (18 bytes).
    Removing stm32f10x_tim.o(i.TIM_ITConfig), (18 bytes).
    Removing stm32f10x_tim.o(i.TIM_ITRxExternalClockConfig), (24 bytes).
    Removing stm32f10x_tim.o(i.TIM_InternalClockConfig), (12 bytes).
    Removing stm32f10x_tim.o(i.TIM_OC1FastConfig), (18 bytes).
    Removing stm32f10x_tim.o(i.TIM_OC1Init), (152 bytes).
    Removing stm32f10x_tim.o(i.TIM_OC1NPolarityConfig), (18 bytes).
    Removing stm32f10x_tim.o(i.TIM_OC1PolarityConfig), (18 bytes).
    Removing stm32f10x_tim.o(i.TIM_OC1PreloadConfig), (18 bytes).
    Removing stm32f10x_tim.o(i.TIM_OC2FastConfig), (26 bytes).
    Removing stm32f10x_tim.o(i.TIM_OC2Init), (164 bytes).
    Removing stm32f10x_tim.o(i.TIM_OC2NPolarityConfig), (26 bytes).
    Removing stm32f10x_tim.o(i.TIM_OC2PolarityConfig), (26 bytes).
    Removing stm32f10x_tim.o(i.TIM_OC2PreloadConfig), (26 bytes).
    Removing stm32f10x_tim.o(i.TIM_OC3FastConfig), (18 bytes).
    Removing stm32f10x_tim.o(i.TIM_OC3Init), (160 bytes).
    Removing stm32f10x_tim.o(i.TIM_OC3NPolarityConfig), (26 bytes).
    Removing stm32f10x_tim.o(i.TIM_OC3PolarityConfig), (26 bytes).
    Removing stm32f10x_tim.o(i.TIM_OC3PreloadConfig), (18 bytes).
    Removing stm32f10x_tim.o(i.TIM_OC4FastConfig), (26 bytes).
    Removing stm32f10x_tim.o(i.TIM_OC4Init), (124 bytes).
    Removing stm32f10x_tim.o(i.TIM_OC4PolarityConfig), (26 bytes).
    Removing stm32f10x_tim.o(i.TIM_OC4PreloadConfig), (26 bytes).
    Removing stm32f10x_tim.o(i.TIM_OCStructInit), (20 bytes).
    Removing stm32f10x_tim.o(i.TIM_PWMIConfig), (124 bytes).
    Removing stm32f10x_tim.o(i.TIM_PrescalerConfig), (6 bytes).
    Removing stm32f10x_tim.o(i.TIM_SelectCCDMA), (24 bytes).
    Removing stm32f10x_tim.o(i.TIM_SelectCOM), (24 bytes).
    Removing stm32f10x_tim.o(i.TIM_SelectHallSensor), (24 bytes).
    Removing stm32f10x_tim.o(i.TIM_SelectInputTrigger), (18 bytes).
    Removing stm32f10x_tim.o(i.TIM_SelectMasterSlaveMode), (18 bytes).
    Removing stm32f10x_tim.o(i.TIM_SelectOCxM), (82 bytes).
    Removing stm32f10x_tim.o(i.TIM_SelectOnePulseMode), (18 bytes).
    Removing stm32f10x_tim.o(i.TIM_SelectOutputTrigger), (18 bytes).
    Removing stm32f10x_tim.o(i.TIM_SelectSlaveMode), (18 bytes).
    Removing stm32f10x_tim.o(i.TIM_SetAutoreload), (4 bytes).
    Removing stm32f10x_tim.o(i.TIM_SetClockDivision), (18 bytes).
    Removing stm32f10x_tim.o(i.TIM_SetCompare1), (4 bytes).
    Removing stm32f10x_tim.o(i.TIM_SetCompare2), (4 bytes).
    Removing stm32f10x_tim.o(i.TIM_SetCompare3), (4 bytes).
    Removing stm32f10x_tim.o(i.TIM_SetCompare4), (6 bytes).
    Removing stm32f10x_tim.o(i.TIM_SetCounter), (4 bytes).
    Removing stm32f10x_tim.o(i.TIM_SetIC1Prescaler), (18 bytes).
    Removing stm32f10x_tim.o(i.TIM_SetIC2Prescaler), (26 bytes).
    Removing stm32f10x_tim.o(i.TIM_SetIC3Prescaler), (18 bytes).
    Removing stm32f10x_tim.o(i.TIM_SetIC4Prescaler), (26 bytes).
    Removing stm32f10x_tim.o(i.TIM_TIxExternalClockConfig), (62 bytes).
    Removing stm32f10x_tim.o(i.TIM_TimeBaseInit), (164 bytes).
    Removing stm32f10x_tim.o(i.TIM_TimeBaseStructInit), (18 bytes).
    Removing stm32f10x_tim.o(i.TIM_UpdateDisableConfig), (24 bytes).
    Removing stm32f10x_tim.o(i.TIM_UpdateRequestConfig), (24 bytes).
    Removing stm32f10x_usart.o(i.USART_ClearFlag), (18 bytes).
    Removing stm32f10x_usart.o(i.USART_ClockInit), (34 bytes).
    Removing stm32f10x_usart.o(i.USART_ClockStructInit), (12 bytes).
    Removing stm32f10x_usart.o(i.USART_DMACmd), (18 bytes).
    Removing stm32f10x_usart.o(i.USART_DeInit), (156 bytes).
    Removing stm32f10x_usart.o(i.USART_HalfDuplexCmd), (24 bytes).
    Removing stm32f10x_usart.o(i.USART_IrDACmd), (24 bytes).
    Removing stm32f10x_usart.o(i.USART_IrDAConfig), (18 bytes).
    Removing stm32f10x_usart.o(i.USART_LINBreakDetectLengthConfig), (18 bytes).
    Removing stm32f10x_usart.o(i.USART_LINCmd), (24 bytes).
    Removing stm32f10x_usart.o(i.USART_OneBitMethodCmd), (24 bytes).
    Removing stm32f10x_usart.o(i.USART_OverSampling8Cmd), (22 bytes).
    Removing stm32f10x_usart.o(i.USART_ReceiverWakeUpCmd), (24 bytes).
    Removing stm32f10x_usart.o(i.USART_SendBreak), (10 bytes).
    Removing stm32f10x_usart.o(i.USART_SetAddress), (18 bytes).
    Removing stm32f10x_usart.o(i.USART_SetGuardTime), (16 bytes).
    Removing stm32f10x_usart.o(i.USART_SetPrescaler), (16 bytes).
    Removing stm32f10x_usart.o(i.USART_SmartCardCmd), (24 bytes).
    Removing stm32f10x_usart.o(i.USART_SmartCardNACKCmd), (24 bytes).
    Removing stm32f10x_usart.o(i.USART_StructInit), (24 bytes).
    Removing stm32f10x_usart.o(i.USART_WakeUpConfig), (18 bytes).
    Removing stm32f10x_wwdg.o(i.WWDG_ClearFlag), (12 bytes).
    Removing stm32f10x_wwdg.o(i.WWDG_DeInit), (22 bytes).
    Removing stm32f10x_wwdg.o(i.WWDG_Enable), (16 bytes).
    Removing stm32f10x_wwdg.o(i.WWDG_EnableIT), (12 bytes).
    Removing stm32f10x_wwdg.o(i.WWDG_GetFlagStatus), (12 bytes).
    Removing stm32f10x_wwdg.o(i.WWDG_SetCounter), (16 bytes).
    Removing stm32f10x_wwdg.o(i.WWDG_SetPrescaler), (24 bytes).
    Removing stm32f10x_wwdg.o(i.WWDG_SetWindowValue), (40 bytes).
    Removing delay.o(i.Delay_s), (24 bytes).
    Removing led.o(i.LED1_OFF), (16 bytes).
    Removing led.o(i.LED1_ON), (16 bytes).
    Removing led.o(i.LED1_Turn), (36 bytes).
    Removing led.o(i.LED2_OFF), (16 bytes).
    Removing led.o(i.LED2_ON), (16 bytes).
    Removing led.o(i.LED2_Turn), (36 bytes).
    Removing led.o(i.LED_Init), (52 bytes).
    Removing oled.o(i.OLED_ShowBinNum), (62 bytes).
    Removing oled.o(i.OLED_ShowSignedNum), (102 bytes).
    Removing nrf24l01.o(i.NRF24L01_PowerDown), (38 bytes).
    Removing nrf24l01.o(i.NRF24L01_ReadRegs), (34 bytes).
    Removing nrf24l01.o(i.NRF24L01_StandbyI), (38 bytes).
    Removing nrf24l01.o(i.NRF24L01_UpdateRxAddress), (20 bytes).
    Removing spi.o(i.MySPI_DMA_Receive), (128 bytes).
    Removing spi.o(i.MySPI_DMA_TransmitReceive), (104 bytes).
    Removing spi.o(i.MySPI_Start), (10 bytes).
    Removing spi.o(i.MySPI_Stop), (10 bytes).
    Removing spi.o(i.MySPI_TransmitReceiveMultiBytes), (34 bytes).
    Removing serial.o(i.Serial_GetRxData), (12 bytes).
    Removing serial.o(i.Serial_GetRxFlag), (28 bytes).
    Removing serial.o(i.Serial_Pow), (20 bytes).
    Removing serial.o(i.Serial_SendArry), (26 bytes).
    Removing serial.o(i.Serial_SendNumber), (58 bytes).

474 unused section(s) (total 19368 bytes) removed from the image.

==============================================================================

Image Symbol Table

    Local Symbols

    Symbol Name                              Value     Ov Type        Size  Object(Section)

    ../clib/microlib/division.c              0x00000000   Number         0  uidiv.o ABSOLUTE
    ../clib/microlib/division.c              0x00000000   Number         0  uldiv.o ABSOLUTE
    ../clib/microlib/init/entry.s            0x00000000   Number         0  entry10a.o ABSOLUTE
    ../clib/microlib/init/entry.s            0x00000000   Number         0  entry5.o ABSOLUTE
    ../clib/microlib/init/entry.s            0x00000000   Number         0  entry2.o ABSOLUTE
    ../clib/microlib/init/entry.s            0x00000000   Number         0  entry9a.o ABSOLUTE
    ../clib/microlib/init/entry.s            0x00000000   Number         0  entry.o ABSOLUTE
    ../clib/microlib/init/entry.s            0x00000000   Number         0  entry7a.o ABSOLUTE
    ../clib/microlib/init/entry.s            0x00000000   Number         0  entry9b.o ABSOLUTE
    ../clib/microlib/init/entry.s            0x00000000   Number         0  entry11b.o ABSOLUTE
    ../clib/microlib/init/entry.s            0x00000000   Number         0  entry10b.o ABSOLUTE
    ../clib/microlib/init/entry.s            0x00000000   Number         0  entry11a.o ABSOLUTE
    ../clib/microlib/init/entry.s            0x00000000   Number         0  entry8b.o ABSOLUTE
    ../clib/microlib/init/entry.s            0x00000000   Number         0  entry8a.o ABSOLUTE
    ../clib/microlib/init/entry.s            0x00000000   Number         0  entry7b.o ABSOLUTE
    ../clib/microlib/longlong.c              0x00000000   Number         0  llsshr.o ABSOLUTE
    ../clib/microlib/longlong.c              0x00000000   Number         0  llushr.o ABSOLUTE
    ../clib/microlib/longlong.c              0x00000000   Number         0  llshl.o ABSOLUTE
    ../clib/microlib/printf/printf.c         0x00000000   Number         0  printfa.o ABSOLUTE
    ../clib/microlib/stdio/fputc.c           0x00000000   Number         0  fputc.o ABSOLUTE
    ../clib/microlib/stdio/semi.s            0x00000000   Number         0  semi.o ABSOLUTE
    ../clib/microlib/stdio/streams.c         0x00000000   Number         0  stdout.o ABSOLUTE
    ../clib/microlib/string/memcpy.c         0x00000000   Number         0  memcpya.o ABSOLUTE
    ../clib/microlib/string/memcpy.c         0x00000000   Number         0  memcpyb.o ABSOLUTE
    ../clib/microlib/stubs.s                 0x00000000   Number         0  iusesemip.o ABSOLUTE
    ../clib/microlib/stubs.s                 0x00000000   Number         0  iusefp.o ABSOLUTE
    ../fplib/microlib/fpadd.c                0x00000000   Number         0  dadd.o ABSOLUTE
    ../fplib/microlib/fpdiv.c                0x00000000   Number         0  ddiv.o ABSOLUTE
    ../fplib/microlib/fpepilogue.c           0x00000000   Number         0  depilogue.o ABSOLUTE
    ../fplib/microlib/fpfix.c                0x00000000   Number         0  dfixul.o ABSOLUTE
    ../fplib/microlib/fpmul.c                0x00000000   Number         0  dmul.o ABSOLUTE
    Hardware\Key.c                           0x00000000   Number         0  key.o ABSOLUTE
    Hardware\LED.c                           0x00000000   Number         0  led.o ABSOLUTE
    Hardware\NRF24L01.c                      0x00000000   Number         0  nrf24l01.o ABSOLUTE
    Hardware\OLED.c                          0x00000000   Number         0  oled.o ABSOLUTE
    Hardware\Serial.c                        0x00000000   Number         0  serial.o ABSOLUTE
    Hardware\spi.c                           0x00000000   Number         0  spi.o ABSOLUTE
    Library\misc.c                           0x00000000   Number         0  misc.o ABSOLUTE
    Library\stm32f10x_adc.c                  0x00000000   Number         0  stm32f10x_adc.o ABSOLUTE
    Library\stm32f10x_bkp.c                  0x00000000   Number         0  stm32f10x_bkp.o ABSOLUTE
    Library\stm32f10x_can.c                  0x00000000   Number         0  stm32f10x_can.o ABSOLUTE
    Library\stm32f10x_cec.c                  0x00000000   Number         0  stm32f10x_cec.o ABSOLUTE
    Library\stm32f10x_crc.c                  0x00000000   Number         0  stm32f10x_crc.o ABSOLUTE
    Library\stm32f10x_dac.c                  0x00000000   Number         0  stm32f10x_dac.o ABSOLUTE
    Library\stm32f10x_dbgmcu.c               0x00000000   Number         0  stm32f10x_dbgmcu.o ABSOLUTE
    Library\stm32f10x_dma.c                  0x00000000   Number         0  stm32f10x_dma.o ABSOLUTE
    Library\stm32f10x_exti.c                 0x00000000   Number         0  stm32f10x_exti.o ABSOLUTE
    Library\stm32f10x_flash.c                0x00000000   Number         0  stm32f10x_flash.o ABSOLUTE
    Library\stm32f10x_fsmc.c                 0x00000000   Number         0  stm32f10x_fsmc.o ABSOLUTE
    Library\stm32f10x_gpio.c                 0x00000000   Number         0  stm32f10x_gpio.o ABSOLUTE
    Library\stm32f10x_i2c.c                  0x00000000   Number         0  stm32f10x_i2c.o ABSOLUTE
    Library\stm32f10x_iwdg.c                 0x00000000   Number         0  stm32f10x_iwdg.o ABSOLUTE
    Library\stm32f10x_pwr.c                  0x00000000   Number         0  stm32f10x_pwr.o ABSOLUTE
    Library\stm32f10x_rcc.c                  0x00000000   Number         0  stm32f10x_rcc.o ABSOLUTE
    Library\stm32f10x_rtc.c                  0x00000000   Number         0  stm32f10x_rtc.o ABSOLUTE
    Library\stm32f10x_sdio.c                 0x00000000   Number         0  stm32f10x_sdio.o ABSOLUTE
    Library\stm32f10x_spi.c                  0x00000000   Number         0  stm32f10x_spi.o ABSOLUTE
    Library\stm32f10x_tim.c                  0x00000000   Number         0  stm32f10x_tim.o ABSOLUTE
    Library\stm32f10x_usart.c                0x00000000   Number         0  stm32f10x_usart.o ABSOLUTE
    Library\stm32f10x_wwdg.c                 0x00000000   Number         0  stm32f10x_wwdg.o ABSOLUTE
    Start\\core_cm3.c                        0x00000000   Number         0  core_cm3.o ABSOLUTE
    Start\core_cm3.c                         0x00000000   Number         0  core_cm3.o ABSOLUTE
    Start\startup_stm32f10x_md.s             0x00000000   Number         0  startup_stm32f10x_md.o ABSOLUTE
    Start\system_stm32f10x.c                 0x00000000   Number         0  system_stm32f10x.o ABSOLUTE
    System\Delay.c                           0x00000000   Number         0  delay.o ABSOLUTE
    User\main.c                              0x00000000   Number         0  main.o ABSOLUTE
    User\stm32f10x_it.c                      0x00000000   Number         0  stm32f10x_it.o ABSOLUTE
    cdrcmple.s                               0x00000000   Number         0  cdrcmple.o ABSOLUTE
    dc.s                                     0x00000000   Number         0  dc.o ABSOLUTE
    handlers.s                               0x00000000   Number         0  handlers.o ABSOLUTE
    init.s                                   0x00000000   Number         0  init.o ABSOLUTE
    RESET                                    0x08000000   Section      236  startup_stm32f10x_md.o(RESET)
    .ARM.Collect$$$$00000000                 0x080000ec   Section        0  entry.o(.ARM.Collect$$$$00000000)
    .ARM.Collect$$$$00000001                 0x080000ec   Section        4  entry2.o(.ARM.Collect$$$$00000001)
    .ARM.Collect$$$$00000004                 0x080000f0   Section        4  entry5.o(.ARM.Collect$$$$00000004)
    .ARM.Collect$$$$00000008                 0x080000f4   Section        0  entry7b.o(.ARM.Collect$$$$00000008)
    .ARM.Collect$$$$0000000A                 0x080000f4   Section        0  entry8b.o(.ARM.Collect$$$$0000000A)
    .ARM.Collect$$$$0000000B                 0x080000f4   Section        8  entry9a.o(.ARM.Collect$$$$0000000B)
    .ARM.Collect$$$$0000000D                 0x080000fc   Section        0  entry10a.o(.ARM.Collect$$$$0000000D)
    .ARM.Collect$$$$0000000F                 0x080000fc   Section        0  entry11a.o(.ARM.Collect$$$$0000000F)
    .ARM.Collect$$$$00002712                 0x080000fc   Section        4  entry2.o(.ARM.Collect$$$$00002712)
    __lit__00000000                          0x080000fc   Data           4  entry2.o(.ARM.Collect$$$$00002712)
    .text                                    0x08000100   Section       36  startup_stm32f10x_md.o(.text)
    .text                                    0x08000124   Section        0  memcpya.o(.text)
    .text                                    0x08000148   Section        0  uidiv.o(.text)
    .text                                    0x08000174   Section        0  uldiv.o(.text)
    .text                                    0x080001d6   Section        0  iusefp.o(.text)
    .text                                    0x080001d6   Section        0  dadd.o(.text)
    .text                                    0x08000324   Section        0  dmul.o(.text)
    .text                                    0x08000408   Section        0  ddiv.o(.text)
    .text                                    0x080004e6   Section        0  dfixul.o(.text)
    .text                                    0x08000518   Section       48  cdrcmple.o(.text)
    .text                                    0x08000548   Section       36  init.o(.text)
    .text                                    0x0800056c   Section        0  llshl.o(.text)
    .text                                    0x0800058a   Section        0  llushr.o(.text)
    .text                                    0x080005aa   Section        0  llsshr.o(.text)
    .text                                    0x080005ce   Section        0  depilogue.o(.text)
    i.BusFault_Handler                       0x08000688   Section        0  stm32f10x_it.o(i.BusFault_Handler)
    i.DMA_ClearFlag                          0x0800068c   Section        0  stm32f10x_dma.o(i.DMA_ClearFlag)
    i.DMA_ClearFlags                         0x080006a8   Section        0  spi.o(i.DMA_ClearFlags)
    DMA_ClearFlags                           0x080006a9   Thumb Code    20  spi.o(i.DMA_ClearFlags)
    i.DMA_Cmd                                0x080006c0   Section        0  stm32f10x_dma.o(i.DMA_Cmd)
    i.DMA_GetFlagStatus                      0x080006d8   Section        0  stm32f10x_dma.o(i.DMA_GetFlagStatus)
    i.DMA_Init                               0x08000704   Section        0  stm32f10x_dma.o(i.DMA_Init)
    i.DMA_WaitComplete                       0x08000740   Section        0  spi.o(i.DMA_WaitComplete)
    DMA_WaitComplete                         0x08000741   Thumb Code    72  spi.o(i.DMA_WaitComplete)
    i.DebugMon_Handler                       0x0800078c   Section        0  stm32f10x_it.o(i.DebugMon_Handler)
    i.Delay_ms                               0x0800078e   Section        0  delay.o(i.Delay_ms)
    i.Delay_us                               0x080007a6   Section        0  delay.o(i.Delay_us)
    i.GPIO_Init                              0x080007d4   Section        0  stm32f10x_gpio.o(i.GPIO_Init)
    i.GPIO_ReadInputDataBit                  0x080008ea   Section        0  stm32f10x_gpio.o(i.GPIO_ReadInputDataBit)
    i.GPIO_WriteBit                          0x080008fc   Section        0  stm32f10x_gpio.o(i.GPIO_WriteBit)
    i.HardFault_Handler                      0x08000906   Section        0  stm32f10x_it.o(i.HardFault_Handler)
    i.Key_GetNum                             0x0800090c   Section        0  key.o(i.Key_GetNum)
    i.Key_Init                               0x0800096c   Section        0  key.o(i.Key_Init)
    i.MemManage_Handler                      0x08000998   Section        0  stm32f10x_it.o(i.MemManage_Handler)
    i.MySPI_DMA_Send                         0x0800099c   Section        0  spi.o(i.MySPI_DMA_Send)
    i.MySPI_Init                             0x080009e4   Section        0  spi.o(i.MySPI_Init)
    i.MySPI_ReceiveMultiBytes                0x08000a60   Section        0  spi.o(i.MySPI_ReceiveMultiBytes)
    i.MySPI_SendMultiBytes                   0x08000a7e   Section        0  spi.o(i.MySPI_SendMultiBytes)
    i.MySPI_SwapByte                         0x08000a9c   Section        0  spi.o(i.MySPI_SwapByte)
    i.MySPI_W_SS                             0x08000af4   Section        0  spi.o(i.MySPI_W_SS)
    i.NMI_Handler                            0x08000b08   Section        0  stm32f10x_it.o(i.NMI_Handler)
    i.NRF24L01_FlushRx                       0x08000b0a   Section        0  nrf24l01.o(i.NRF24L01_FlushRx)
    i.NRF24L01_FlushTx                       0x08000b20   Section        0  nrf24l01.o(i.NRF24L01_FlushTx)
    i.NRF24L01_GPIO_Init                     0x08000b38   Section        0  nrf24l01.o(i.NRF24L01_GPIO_Init)
    i.NRF24L01_Init                          0x08000b6c   Section        0  nrf24l01.o(i.NRF24L01_Init)
    i.NRF24L01_ReadReg                       0x08000bd8   Section        0  nrf24l01.o(i.NRF24L01_ReadReg)
    i.NRF24L01_ReadRxPayload                 0x08000bfa   Section        0  nrf24l01.o(i.NRF24L01_ReadRxPayload)
    i.NRF24L01_ReadStatus                    0x08000c1e   Section        0  nrf24l01.o(i.NRF24L01_ReadStatus)
    i.NRF24L01_Receive                       0x08000c38   Section        0  nrf24l01.o(i.NRF24L01_Receive)
    i.NRF24L01_Rx                            0x08000c90   Section        0  nrf24l01.o(i.NRF24L01_Rx)
    i.NRF24L01_SPI_SwapByte                  0x08000cbc   Section        0  nrf24l01.o(i.NRF24L01_SPI_SwapByte)
    i.NRF24L01_Send                          0x08000cc8   Section        0  nrf24l01.o(i.NRF24L01_Send)
    i.NRF24L01_Tx                            0x08000d5c   Section        0  nrf24l01.o(i.NRF24L01_Tx)
    i.NRF24L01_W_CE                          0x08000d8c   Section        0  nrf24l01.o(i.NRF24L01_W_CE)
    i.NRF24L01_W_CSN                         0x08000da0   Section        0  nrf24l01.o(i.NRF24L01_W_CSN)
    i.NRF24L01_WriteReg                      0x08000dac   Section        0  nrf24l01.o(i.NRF24L01_WriteReg)
    i.NRF24L01_WriteRegs                     0x08000dd0   Section        0  nrf24l01.o(i.NRF24L01_WriteRegs)
    i.NRF24L01_WriteTxPayload                0x08000e04   Section        0  nrf24l01.o(i.NRF24L01_WriteTxPayload)
    i.NVIC_Init                              0x08000e34   Section        0  misc.o(i.NVIC_Init)
    i.NVIC_PriorityGroupConfig               0x08000ea4   Section        0  misc.o(i.NVIC_PriorityGroupConfig)
    i.OLED_Clear                             0x08000eb8   Section        0  oled.o(i.OLED_Clear)
    i.OLED_I2C_Init                          0x08000ee4   Section        0  oled.o(i.OLED_I2C_Init)
    i.OLED_I2C_SendByte                      0x08000f34   Section        0  oled.o(i.OLED_I2C_SendByte)
    i.OLED_I2C_Start                         0x08000f88   Section        0  oled.o(i.OLED_I2C_Start)
    i.OLED_I2C_Stop                          0x08000fbc   Section        0  oled.o(i.OLED_I2C_Stop)
    i.OLED_Init                              0x08000fe4   Section        0  oled.o(i.OLED_Init)
    i.OLED_Pow                               0x08001092   Section        0  oled.o(i.OLED_Pow)
    i.OLED_SetCursor                         0x080010a6   Section        0  oled.o(i.OLED_SetCursor)
    i.OLED_ShowChar                          0x080010c8   Section        0  oled.o(i.OLED_ShowChar)
    i.OLED_ShowHexNum                        0x0800113c   Section        0  oled.o(i.OLED_ShowHexNum)
    i.OLED_ShowNum                           0x08001190   Section        0  oled.o(i.OLED_ShowNum)
    i.OLED_ShowString                        0x080011d4   Section        0  oled.o(i.OLED_ShowString)
    i.OLED_WriteCommand                      0x080011fc   Section        0  oled.o(i.OLED_WriteCommand)
    i.OLED_WriteData                         0x0800121c   Section        0  oled.o(i.OLED_WriteData)
    i.PendSV_Handler                         0x0800123c   Section        0  stm32f10x_it.o(i.PendSV_Handler)
    i.RCC_AHBPeriphClockCmd                  0x08001240   Section        0  stm32f10x_rcc.o(i.RCC_AHBPeriphClockCmd)
    i.RCC_APB2PeriphClockCmd                 0x08001260   Section        0  stm32f10x_rcc.o(i.RCC_APB2PeriphClockCmd)
    i.RCC_GetClocksFreq                      0x08001280   Section        0  stm32f10x_rcc.o(i.RCC_GetClocksFreq)
    i.SPI_Cmd                                0x08001354   Section        0  stm32f10x_spi.o(i.SPI_Cmd)
    i.SPI_DMA_Init                           0x0800136c   Section        0  spi.o(i.SPI_DMA_Init)
    SPI_DMA_Init                             0x0800136d   Thumb Code    88  spi.o(i.SPI_DMA_Init)
    i.SPI_I2S_DMACmd                         0x080013d0   Section        0  stm32f10x_spi.o(i.SPI_I2S_DMACmd)
    i.SPI_I2S_GetFlagStatus                  0x080013e2   Section        0  stm32f10x_spi.o(i.SPI_I2S_GetFlagStatus)
    i.SPI_I2S_ReceiveData                    0x080013f4   Section        0  stm32f10x_spi.o(i.SPI_I2S_ReceiveData)
    i.SPI_I2S_SendData                       0x080013fa   Section        0  stm32f10x_spi.o(i.SPI_I2S_SendData)
    i.SPI_Init                               0x080013fe   Section        0  stm32f10x_spi.o(i.SPI_Init)
    i.SVC_Handler                            0x0800143a   Section        0  stm32f10x_it.o(i.SVC_Handler)
    i.Serial_Init                            0x0800143c   Section        0  serial.o(i.Serial_Init)
    i.Serial_Printf                          0x080014f4   Section        0  serial.o(i.Serial_Printf)
    i.Serial_SendByte                        0x08001518   Section        0  serial.o(i.Serial_SendByte)
    i.Serial_SendString                      0x08001538   Section        0  serial.o(i.Serial_SendString)
    i.SetSysClock                            0x08001552   Section        0  system_stm32f10x.o(i.SetSysClock)
    SetSysClock                              0x08001553   Thumb Code     8  system_stm32f10x.o(i.SetSysClock)
    i.SetSysClockTo72                        0x0800155c   Section        0  system_stm32f10x.o(i.SetSysClockTo72)
    SetSysClockTo72                          0x0800155d   Thumb Code   214  system_stm32f10x.o(i.SetSysClockTo72)
    i.SysTick_Handler                        0x0800163c   Section        0  stm32f10x_it.o(i.SysTick_Handler)
    i.SystemInit                             0x08001640   Section        0  system_stm32f10x.o(i.SystemInit)
    i.USART1_IRQHandler                      0x080016a0   Section        0  serial.o(i.USART1_IRQHandler)
    i.USART_ClearITPendingBit                0x080016d8   Section        0  stm32f10x_usart.o(i.USART_ClearITPendingBit)
    i.USART_Cmd                              0x080016f6   Section        0  stm32f10x_usart.o(i.USART_Cmd)
    i.USART_GetFlagStatus                    0x0800170e   Section        0  stm32f10x_usart.o(i.USART_GetFlagStatus)
    i.USART_GetITStatus                      0x08001728   Section        0  stm32f10x_usart.o(i.USART_GetITStatus)
    i.USART_ITConfig                         0x0800177c   Section        0  stm32f10x_usart.o(i.USART_ITConfig)
    i.USART_Init                             0x080017c8   Section        0  stm32f10x_usart.o(i.USART_Init)
    i.USART_ReceiveData                      0x080018a0   Section        0  stm32f10x_usart.o(i.USART_ReceiveData)
    i.USART_SendData                         0x080018aa   Section        0  stm32f10x_usart.o(i.USART_SendData)
    i.UsageFault_Handler                     0x080018b2   Section        0  stm32f10x_it.o(i.UsageFault_Handler)
    i.__0vsprintf                            0x080018b8   Section        0  printfa.o(i.__0vsprintf)
    i.__scatterload_copy                     0x080018dc   Section       14  handlers.o(i.__scatterload_copy)
    i.__scatterload_null                     0x080018ea   Section        2  handlers.o(i.__scatterload_null)
    i.__scatterload_zeroinit                 0x080018ec   Section       14  handlers.o(i.__scatterload_zeroinit)
    i._fp_digits                             0x080018fc   Section        0  printfa.o(i._fp_digits)
    _fp_digits                               0x080018fd   Thumb Code   366  printfa.o(i._fp_digits)
    i._printf_core                           0x08001a80   Section        0  printfa.o(i._printf_core)
    _printf_core                             0x08001a81   Thumb Code  1744  printfa.o(i._printf_core)
    i._printf_post_padding                   0x0800215c   Section        0  printfa.o(i._printf_post_padding)
    _printf_post_padding                     0x0800215d   Thumb Code    36  printfa.o(i._printf_post_padding)
    i._printf_pre_padding                    0x08002180   Section        0  printfa.o(i._printf_pre_padding)
    _printf_pre_padding                      0x08002181   Thumb Code    46  printfa.o(i._printf_pre_padding)
    i._sputc                                 0x080021ae   Section        0  printfa.o(i._sputc)
    _sputc                                   0x080021af   Thumb Code    10  printfa.o(i._sputc)
    i.main                                   0x080021b8   Section        0  main.o(i.main)
    .constdata                               0x0800259c   Section     1520  oled.o(.constdata)
    .constdata                               0x08002b8c   Section       68  spi.o(.constdata)
    .data                                    0x20000000   Section       20  stm32f10x_rcc.o(.data)
    APBAHBPrescTable                         0x20000000   Data          16  stm32f10x_rcc.o(.data)
    ADCPrescTable                            0x20000010   Data           4  stm32f10x_rcc.o(.data)
    .data                                    0x20000014   Section       43  nrf24l01.o(.data)
    .data                                    0x2000003f   Section        2  serial.o(.data)
    .data                                    0x20000041   Section        7  main.o(.data)
    STACK                                    0x20000048   Section     1024  startup_stm32f10x_md.o(STACK)

    Global Symbols

    Symbol Name                              Value     Ov Type        Size  Object(Section)

    BuildAttributes$$THM_ISAv4$P$D$K$B$S$PE$A:L22UL41UL21$X:L11$S22US41US21$IEEE1$IW$USESV6$~STKCKD$USESV7$~SHL$OSPACE$ROPI$EBA8$MICROLIB$REQ8$PRES8$EABIv2 0x00000000   Number         0  anon$$obj.o ABSOLUTE
    __ARM_use_no_argv                        0x00000000   Number         0  main.o ABSOLUTE
    __cpp_initialize__aeabi_                  - Undefined Weak Reference
    __cxa_finalize                            - Undefined Weak Reference
    __decompress                              - Undefined Weak Reference
    _clock_init                               - Undefined Weak Reference
    _microlib_exit                            - Undefined Weak Reference
    __Vectors_Size                           0x000000ec   Number         0  startup_stm32f10x_md.o ABSOLUTE
    __Vectors                                0x08000000   Data           4  startup_stm32f10x_md.o(RESET)
    __Vectors_End                            0x080000ec   Data           0  startup_stm32f10x_md.o(RESET)
    __main                                   0x080000ed   Thumb Code     0  entry.o(.ARM.Collect$$$$00000000)
    _main_stk                                0x080000ed   Thumb Code     0  entry2.o(.ARM.Collect$$$$00000001)
    _main_scatterload                        0x080000f1   Thumb Code     0  entry5.o(.ARM.Collect$$$$00000004)
    __main_after_scatterload                 0x080000f5   Thumb Code     0  entry5.o(.ARM.Collect$$$$00000004)
    _main_clock                              0x080000f5   Thumb Code     0  entry7b.o(.ARM.Collect$$$$00000008)
    _main_cpp_init                           0x080000f5   Thumb Code     0  entry8b.o(.ARM.Collect$$$$0000000A)
    _main_init                               0x080000f5   Thumb Code     0  entry9a.o(.ARM.Collect$$$$0000000B)
    __rt_final_cpp                           0x080000fd   Thumb Code     0  entry10a.o(.ARM.Collect$$$$0000000D)
    __rt_final_exit                          0x080000fd   Thumb Code     0  entry11a.o(.ARM.Collect$$$$0000000F)
    Reset_Handler                            0x08000101   Thumb Code     8  startup_stm32f10x_md.o(.text)
    ADC1_2_IRQHandler                        0x0800011b   Thumb Code     0  startup_stm32f10x_md.o(.text)
    CAN1_RX1_IRQHandler                      0x0800011b   Thumb Code     0  startup_stm32f10x_md.o(.text)
    CAN1_SCE_IRQHandler                      0x0800011b   Thumb Code     0  startup_stm32f10x_md.o(.text)
    DMA1_Channel1_IRQHandler                 0x0800011b   Thumb Code     0  startup_stm32f10x_md.o(.text)
    DMA1_Channel2_IRQHandler                 0x0800011b   Thumb Code     0  startup_stm32f10x_md.o(.text)
    DMA1_Channel3_IRQHandler                 0x0800011b   Thumb Code     0  startup_stm32f10x_md.o(.text)
    DMA1_Channel4_IRQHandler                 0x0800011b   Thumb Code     0  startup_stm32f10x_md.o(.text)
    DMA1_Channel5_IRQHandler                 0x0800011b   Thumb Code     0  startup_stm32f10x_md.o(.text)
    DMA1_Channel6_IRQHandler                 0x0800011b   Thumb Code     0  startup_stm32f10x_md.o(.text)
    DMA1_Channel7_IRQHandler                 0x0800011b   Thumb Code     0  startup_stm32f10x_md.o(.text)
    EXTI0_IRQHandler                         0x0800011b   Thumb Code     0  startup_stm32f10x_md.o(.text)
    EXTI15_10_IRQHandler                     0x0800011b   Thumb Code     0  startup_stm32f10x_md.o(.text)
    EXTI1_IRQHandler                         0x0800011b   Thumb Code     0  startup_stm32f10x_md.o(.text)
    EXTI2_IRQHandler                         0x0800011b   Thumb Code     0  startup_stm32f10x_md.o(.text)
    EXTI3_IRQHandler                         0x0800011b   Thumb Code     0  startup_stm32f10x_md.o(.text)
    EXTI4_IRQHandler                         0x0800011b   Thumb Code     0  startup_stm32f10x_md.o(.text)
    EXTI9_5_IRQHandler                       0x0800011b   Thumb Code     0  startup_stm32f10x_md.o(.text)
    FLASH_IRQHandler                         0x0800011b   Thumb Code     0  startup_stm32f10x_md.o(.text)
    I2C1_ER_IRQHandler                       0x0800011b   Thumb Code     0  startup_stm32f10x_md.o(.text)
    I2C1_EV_IRQHandler                       0x0800011b   Thumb Code     0  startup_stm32f10x_md.o(.text)
    I2C2_ER_IRQHandler                       0x0800011b   Thumb Code     0  startup_stm32f10x_md.o(.text)
    I2C2_EV_IRQHandler                       0x0800011b   Thumb Code     0  startup_stm32f10x_md.o(.text)
    PVD_IRQHandler                           0x0800011b   Thumb Code     0  startup_stm32f10x_md.o(.text)
    RCC_IRQHandler                           0x0800011b   Thumb Code     0  startup_stm32f10x_md.o(.text)
    RTCAlarm_IRQHandler                      0x0800011b   Thumb Code     0  startup_stm32f10x_md.o(.text)
    RTC_IRQHandler                           0x0800011b   Thumb Code     0  startup_stm32f10x_md.o(.text)
    SPI1_IRQHandler                          0x0800011b   Thumb Code     0  startup_stm32f10x_md.o(.text)
    SPI2_IRQHandler                          0x0800011b   Thumb Code     0  startup_stm32f10x_md.o(.text)
    TAMPER_IRQHandler                        0x0800011b   Thumb Code     0  startup_stm32f10x_md.o(.text)
    TIM1_BRK_IRQHandler                      0x0800011b   Thumb Code     0  startup_stm32f10x_md.o(.text)
    TIM1_CC_IRQHandler                       0x0800011b   Thumb Code     0  startup_stm32f10x_md.o(.text)
    TIM1_TRG_COM_IRQHandler                  0x0800011b   Thumb Code     0  startup_stm32f10x_md.o(.text)
    TIM1_UP_IRQHandler                       0x0800011b   Thumb Code     0  startup_stm32f10x_md.o(.text)
    TIM2_IRQHandler                          0x0800011b   Thumb Code     0  startup_stm32f10x_md.o(.text)
    TIM3_IRQHandler                          0x0800011b   Thumb Code     0  startup_stm32f10x_md.o(.text)
    TIM4_IRQHandler                          0x0800011b   Thumb Code     0  startup_stm32f10x_md.o(.text)
    USART2_IRQHandler                        0x0800011b   Thumb Code     0  startup_stm32f10x_md.o(.text)
    USART3_IRQHandler                        0x0800011b   Thumb Code     0  startup_stm32f10x_md.o(.text)
    USBWakeUp_IRQHandler                     0x0800011b   Thumb Code     0  startup_stm32f10x_md.o(.text)
    USB_HP_CAN1_TX_IRQHandler                0x0800011b   Thumb Code     0  startup_stm32f10x_md.o(.text)
    USB_LP_CAN1_RX0_IRQHandler               0x0800011b   Thumb Code     0  startup_stm32f10x_md.o(.text)
    WWDG_IRQHandler                          0x0800011b   Thumb Code     0  startup_stm32f10x_md.o(.text)
    __aeabi_memcpy                           0x08000125   Thumb Code    36  memcpya.o(.text)
    __aeabi_memcpy4                          0x08000125   Thumb Code     0  memcpya.o(.text)
    __aeabi_memcpy8                          0x08000125   Thumb Code     0  memcpya.o(.text)
    __aeabi_uidiv                            0x08000149   Thumb Code     0  uidiv.o(.text)
    __aeabi_uidivmod                         0x08000149   Thumb Code    44  uidiv.o(.text)
    __aeabi_uldivmod                         0x08000175   Thumb Code    98  uldiv.o(.text)
    __I$use$fp                               0x080001d7   Thumb Code     0  iusefp.o(.text)
    __aeabi_dadd                             0x080001d7   Thumb Code   322  dadd.o(.text)
    __aeabi_dsub                             0x08000319   Thumb Code     6  dadd.o(.text)
    __aeabi_drsub                            0x0800031f   Thumb Code     6  dadd.o(.text)
    __aeabi_dmul                             0x08000325   Thumb Code   228  dmul.o(.text)
    __aeabi_ddiv                             0x08000409   Thumb Code   222  ddiv.o(.text)
    __aeabi_d2ulz                            0x080004e7   Thumb Code    48  dfixul.o(.text)
    __aeabi_cdrcmple                         0x08000519   Thumb Code    48  cdrcmple.o(.text)
    __scatterload                            0x08000549   Thumb Code    28  init.o(.text)
    __scatterload_rt2                        0x08000549   Thumb Code     0  init.o(.text)
    __aeabi_llsl                             0x0800056d   Thumb Code    30  llshl.o(.text)
    _ll_shift_l                              0x0800056d   Thumb Code     0  llshl.o(.text)
    __aeabi_llsr                             0x0800058b   Thumb Code    32  llushr.o(.text)
    _ll_ushift_r                             0x0800058b   Thumb Code     0  llushr.o(.text)
    __aeabi_lasr                             0x080005ab   Thumb Code    36  llsshr.o(.text)
    _ll_sshift_r                             0x080005ab   Thumb Code     0  llsshr.o(.text)
    _double_round                            0x080005cf   Thumb Code    30  depilogue.o(.text)
    _double_epilogue                         0x080005ed   Thumb Code   156  depilogue.o(.text)
    BusFault_Handler                         0x08000689   Thumb Code     4  stm32f10x_it.o(i.BusFault_Handler)
    DMA_ClearFlag                            0x0800068d   Thumb Code    18  stm32f10x_dma.o(i.DMA_ClearFlag)
    DMA_Cmd                                  0x080006c1   Thumb Code    24  stm32f10x_dma.o(i.DMA_Cmd)
    DMA_GetFlagStatus                        0x080006d9   Thumb Code    36  stm32f10x_dma.o(i.DMA_GetFlagStatus)
    DMA_Init                                 0x08000705   Thumb Code    60  stm32f10x_dma.o(i.DMA_Init)
    DebugMon_Handler                         0x0800078d   Thumb Code     2  stm32f10x_it.o(i.DebugMon_Handler)
    Delay_ms                                 0x0800078f   Thumb Code    24  delay.o(i.Delay_ms)
    Delay_us                                 0x080007a7   Thumb Code    46  delay.o(i.Delay_us)
    GPIO_Init                                0x080007d5   Thumb Code   278  stm32f10x_gpio.o(i.GPIO_Init)
    GPIO_ReadInputDataBit                    0x080008eb   Thumb Code    18  stm32f10x_gpio.o(i.GPIO_ReadInputDataBit)
    GPIO_WriteBit                            0x080008fd   Thumb Code    10  stm32f10x_gpio.o(i.GPIO_WriteBit)
    HardFault_Handler                        0x08000907   Thumb Code     4  stm32f10x_it.o(i.HardFault_Handler)
    Key_GetNum                               0x0800090d   Thumb Code    92  key.o(i.Key_GetNum)
    Key_Init                                 0x0800096d   Thumb Code    40  key.o(i.Key_Init)
    MemManage_Handler                        0x08000999   Thumb Code     4  stm32f10x_it.o(i.MemManage_Handler)
    MySPI_DMA_Send                           0x0800099d   Thumb Code    60  spi.o(i.MySPI_DMA_Send)
    MySPI_Init                               0x080009e5   Thumb Code   110  spi.o(i.MySPI_Init)
    MySPI_ReceiveMultiBytes                  0x08000a61   Thumb Code    30  spi.o(i.MySPI_ReceiveMultiBytes)
    MySPI_SendMultiBytes                     0x08000a7f   Thumb Code    28  spi.o(i.MySPI_SendMultiBytes)
    MySPI_SwapByte                           0x08000a9d   Thumb Code    78  spi.o(i.MySPI_SwapByte)
    MySPI_W_SS                               0x08000af5   Thumb Code    16  spi.o(i.MySPI_W_SS)
    NMI_Handler                              0x08000b09   Thumb Code     2  stm32f10x_it.o(i.NMI_Handler)
    NRF24L01_FlushRx                         0x08000b0b   Thumb Code    22  nrf24l01.o(i.NRF24L01_FlushRx)
    NRF24L01_FlushTx                         0x08000b21   Thumb Code    22  nrf24l01.o(i.NRF24L01_FlushTx)
    NRF24L01_GPIO_Init                       0x08000b39   Thumb Code    48  nrf24l01.o(i.NRF24L01_GPIO_Init)
    NRF24L01_Init                            0x08000b6d   Thumb Code   102  nrf24l01.o(i.NRF24L01_Init)
    NRF24L01_ReadReg                         0x08000bd9   Thumb Code    34  nrf24l01.o(i.NRF24L01_ReadReg)
    NRF24L01_ReadRxPayload                   0x08000bfb   Thumb Code    36  nrf24l01.o(i.NRF24L01_ReadRxPayload)
    NRF24L01_ReadStatus                      0x08000c1f   Thumb Code    26  nrf24l01.o(i.NRF24L01_ReadStatus)
    NRF24L01_Receive                         0x08000c39   Thumb Code    84  nrf24l01.o(i.NRF24L01_Receive)
    NRF24L01_Rx                              0x08000c91   Thumb Code    44  nrf24l01.o(i.NRF24L01_Rx)
    NRF24L01_SPI_SwapByte                    0x08000cbd   Thumb Code    12  nrf24l01.o(i.NRF24L01_SPI_SwapByte)
    NRF24L01_Send                            0x08000cc9   Thumb Code   136  nrf24l01.o(i.NRF24L01_Send)
    NRF24L01_Tx                              0x08000d5d   Thumb Code    48  nrf24l01.o(i.NRF24L01_Tx)
    NRF24L01_W_CE                            0x08000d8d   Thumb Code    16  nrf24l01.o(i.NRF24L01_W_CE)
    NRF24L01_W_CSN                           0x08000da1   Thumb Code    12  nrf24l01.o(i.NRF24L01_W_CSN)
    NRF24L01_WriteReg                        0x08000dad   Thumb Code    34  nrf24l01.o(i.NRF24L01_WriteReg)
    NRF24L01_WriteRegs                       0x08000dd1   Thumb Code    46  nrf24l01.o(i.NRF24L01_WriteRegs)
    NRF24L01_WriteTxPayload                  0x08000e05   Thumb Code    46  nrf24l01.o(i.NRF24L01_WriteTxPayload)
    NVIC_Init                                0x08000e35   Thumb Code   100  misc.o(i.NVIC_Init)
    NVIC_PriorityGroupConfig                 0x08000ea5   Thumb Code    10  misc.o(i.NVIC_PriorityGroupConfig)
    OLED_Clear                               0x08000eb9   Thumb Code    42  oled.o(i.OLED_Clear)
    OLED_I2C_Init                            0x08000ee5   Thumb Code    76  oled.o(i.OLED_I2C_Init)
    OLED_I2C_SendByte                        0x08000f35   Thumb Code    80  oled.o(i.OLED_I2C_SendByte)
    OLED_I2C_Start                           0x08000f89   Thumb Code    48  oled.o(i.OLED_I2C_Start)
    OLED_I2C_Stop                            0x08000fbd   Thumb Code    36  oled.o(i.OLED_I2C_Stop)
    OLED_Init                                0x08000fe5   Thumb Code   174  oled.o(i.OLED_Init)
    OLED_Pow                                 0x08001093   Thumb Code    20  oled.o(i.OLED_Pow)
    OLED_SetCursor                           0x080010a7   Thumb Code    34  oled.o(i.OLED_SetCursor)
    OLED_ShowChar                            0x080010c9   Thumb Code   110  oled.o(i.OLED_ShowChar)
    OLED_ShowHexNum                          0x0800113d   Thumb Code    84  oled.o(i.OLED_ShowHexNum)
    OLED_ShowNum                             0x08001191   Thumb Code    68  oled.o(i.OLED_ShowNum)
    OLED_ShowString                          0x080011d5   Thumb Code    40  oled.o(i.OLED_ShowString)
    OLED_WriteCommand                        0x080011fd   Thumb Code    32  oled.o(i.OLED_WriteCommand)
    OLED_WriteData                           0x0800121d   Thumb Code    32  oled.o(i.OLED_WriteData)
    PendSV_Handler                           0x0800123d   Thumb Code     2  stm32f10x_it.o(i.PendSV_Handler)
    RCC_AHBPeriphClockCmd                    0x08001241   Thumb Code    26  stm32f10x_rcc.o(i.RCC_AHBPeriphClockCmd)
    RCC_APB2PeriphClockCmd                   0x08001261   Thumb Code    26  stm32f10x_rcc.o(i.RCC_APB2PeriphClockCmd)
    RCC_GetClocksFreq                        0x08001281   Thumb Code   192  stm32f10x_rcc.o(i.RCC_GetClocksFreq)
    SPI_Cmd                                  0x08001355   Thumb Code    24  stm32f10x_spi.o(i.SPI_Cmd)
    SPI_I2S_DMACmd                           0x080013d1   Thumb Code    18  stm32f10x_spi.o(i.SPI_I2S_DMACmd)
    SPI_I2S_GetFlagStatus                    0x080013e3   Thumb Code    18  stm32f10x_spi.o(i.SPI_I2S_GetFlagStatus)
    SPI_I2S_ReceiveData                      0x080013f5   Thumb Code     6  stm32f10x_spi.o(i.SPI_I2S_ReceiveData)
    SPI_I2S_SendData                         0x080013fb   Thumb Code     4  stm32f10x_spi.o(i.SPI_I2S_SendData)
    SPI_Init                                 0x080013ff   Thumb Code    60  stm32f10x_spi.o(i.SPI_Init)
    SVC_Handler                              0x0800143b   Thumb Code     2  stm32f10x_it.o(i.SVC_Handler)
    Serial_Init                              0x0800143d   Thumb Code   174  serial.o(i.Serial_Init)
    Serial_Printf                            0x080014f5   Thumb Code    36  serial.o(i.Serial_Printf)
    Serial_SendByte                          0x08001519   Thumb Code    28  serial.o(i.Serial_SendByte)
    Serial_SendString                        0x08001539   Thumb Code    26  serial.o(i.Serial_SendString)
    SysTick_Handler                          0x0800163d   Thumb Code     2  stm32f10x_it.o(i.SysTick_Handler)
    SystemInit                               0x08001641   Thumb Code    78  system_stm32f10x.o(i.SystemInit)
    USART1_IRQHandler                        0x080016a1   Thumb Code    44  serial.o(i.USART1_IRQHandler)
    USART_ClearITPendingBit                  0x080016d9   Thumb Code    30  stm32f10x_usart.o(i.USART_ClearITPendingBit)
    USART_Cmd                                0x080016f7   Thumb Code    24  stm32f10x_usart.o(i.USART_Cmd)
    USART_GetFlagStatus                      0x0800170f   Thumb Code    26  stm32f10x_usart.o(i.USART_GetFlagStatus)
    USART_GetITStatus                        0x08001729   Thumb Code    84  stm32f10x_usart.o(i.USART_GetITStatus)
    USART_ITConfig                           0x0800177d   Thumb Code    74  stm32f10x_usart.o(i.USART_ITConfig)
    USART_Init                               0x080017c9   Thumb Code   210  stm32f10x_usart.o(i.USART_Init)
    USART_ReceiveData                        0x080018a1   Thumb Code    10  stm32f10x_usart.o(i.USART_ReceiveData)
    USART_SendData                           0x080018ab   Thumb Code     8  stm32f10x_usart.o(i.USART_SendData)
    UsageFault_Handler                       0x080018b3   Thumb Code     4  stm32f10x_it.o(i.UsageFault_Handler)
    __0vsprintf                              0x080018b9   Thumb Code    30  printfa.o(i.__0vsprintf)
    __1vsprintf                              0x080018b9   Thumb Code     0  printfa.o(i.__0vsprintf)
    __2vsprintf                              0x080018b9   Thumb Code     0  printfa.o(i.__0vsprintf)
    __c89vsprintf                            0x080018b9   Thumb Code     0  printfa.o(i.__0vsprintf)
    vsprintf                                 0x080018b9   Thumb Code     0  printfa.o(i.__0vsprintf)
    __scatterload_copy                       0x080018dd   Thumb Code    14  handlers.o(i.__scatterload_copy)
    __scatterload_null                       0x080018eb   Thumb Code     2  handlers.o(i.__scatterload_null)
    __scatterload_zeroinit                   0x080018ed   Thumb Code    14  handlers.o(i.__scatterload_zeroinit)
    main                                     0x080021b9   Thumb Code   642  main.o(i.main)
    OLED_F8x16                               0x0800259c   Data        1520  oled.o(.constdata)
    Region$$Table$$Base                      0x08002bd0   Number         0  anon$$obj.o(Region$$Table)
    Region$$Table$$Limit                     0x08002bf0   Number         0  anon$$obj.o(Region$$Table)
    NRF24L01_TxAddress                       0x20000014   Data           5  nrf24l01.o(.data)
    NRF24L01_RxAddress                       0x20000019   Data           5  nrf24l01.o(.data)
    NRF24L01_TxPacket                        0x2000001e   Data          11  nrf24l01.o(.data)
    NRF24L01_RxPacket                        0x20000029   Data          11  nrf24l01.o(.data)
    NRF24L01_DummyPacket                     0x20000034   Data          11  nrf24l01.o(.data)
    Serial_RxData                            0x2000003f   Data           1  serial.o(.data)
    Serial_RxFlag                            0x20000040   Data           1  serial.o(.data)
    KeyNum                                   0x20000041   Data           1  main.o(.data)
    SendFlag                                 0x20000042   Data           1  main.o(.data)
    SendSuccessCount                         0x20000043   Data           1  main.o(.data)
    SendFailedCount                          0x20000044   Data           1  main.o(.data)
    ReceiveFlag                              0x20000045   Data           1  main.o(.data)
    ReceiveSuccessCount                      0x20000046   Data           1  main.o(.data)
    ReceiveFailedCount                       0x20000047   Data           1  main.o(.data)
    __initial_sp                             0x20000448   Data           0  startup_stm32f10x_md.o(STACK)



==============================================================================

Memory Map of the image

  Image Entry point : 0x080000ed

  Load Region LR_IROM1 (Base: 0x08000000, Size: 0x00002c38, Max: 0x00010000, ABSOLUTE)

    Execution Region ER_IROM1 (Exec base: 0x08000000, Load base: 0x08000000, Size: 0x00002bf0, Max: 0x00010000, ABSOLUTE)

    Exec Addr    Load Addr    Size         Type   Attr      Idx    E Section Name        Object

    0x08000000   0x08000000   0x000000ec   Data   RO            3    RESET               startup_stm32f10x_md.o
    0x080000ec   0x080000ec   0x00000000   Code   RO         3885  * .ARM.Collect$$$$00000000  mc_w.l(entry.o)
    0x080000ec   0x080000ec   0x00000004   Code   RO         3920    .ARM.Collect$$$$00000001  mc_w.l(entry2.o)
    0x080000f0   0x080000f0   0x00000004   Code   RO         3923    .ARM.Collect$$$$00000004  mc_w.l(entry5.o)
    0x080000f4   0x080000f4   0x00000000   Code   RO         3925    .ARM.Collect$$$$00000008  mc_w.l(entry7b.o)
    0x080000f4   0x080000f4   0x00000000   Code   RO         3927    .ARM.Collect$$$$0000000A  mc_w.l(entry8b.o)
    0x080000f4   0x080000f4   0x00000008   Code   RO         3928    .ARM.Collect$$$$0000000B  mc_w.l(entry9a.o)
    0x080000fc   0x080000fc   0x00000000   Code   RO         3930    .ARM.Collect$$$$0000000D  mc_w.l(entry10a.o)
    0x080000fc   0x080000fc   0x00000000   Code   RO         3932    .ARM.Collect$$$$0000000F  mc_w.l(entry11a.o)
    0x080000fc   0x080000fc   0x00000004   Code   RO         3921    .ARM.Collect$$$$00002712  mc_w.l(entry2.o)
    0x08000100   0x08000100   0x00000024   Code   RO            4    .text               startup_stm32f10x_md.o
    0x08000124   0x08000124   0x00000024   Code   RO         3888    .text               mc_w.l(memcpya.o)
    0x08000148   0x08000148   0x0000002c   Code   RO         3937    .text               mc_w.l(uidiv.o)
    0x08000174   0x08000174   0x00000062   Code   RO         3939    .text               mc_w.l(uldiv.o)
    0x080001d6   0x080001d6   0x00000000   Code   RO         3941    .text               mc_w.l(iusefp.o)
    0x080001d6   0x080001d6   0x0000014e   Code   RO         3942    .text               mf_w.l(dadd.o)
    0x08000324   0x08000324   0x000000e4   Code   RO         3944    .text               mf_w.l(dmul.o)
    0x08000408   0x08000408   0x000000de   Code   RO         3946    .text               mf_w.l(ddiv.o)
    0x080004e6   0x080004e6   0x00000030   Code   RO         3948    .text               mf_w.l(dfixul.o)
    0x08000516   0x08000516   0x00000002   PAD
    0x08000518   0x08000518   0x00000030   Code   RO         3950    .text               mf_w.l(cdrcmple.o)
    0x08000548   0x08000548   0x00000024   Code   RO         3952    .text               mc_w.l(init.o)
    0x0800056c   0x0800056c   0x0000001e   Code   RO         3955    .text               mc_w.l(llshl.o)
    0x0800058a   0x0800058a   0x00000020   Code   RO         3957    .text               mc_w.l(llushr.o)
    0x080005aa   0x080005aa   0x00000024   Code   RO         3959    .text               mc_w.l(llsshr.o)
    0x080005ce   0x080005ce   0x000000ba   Code   RO         3962    .text               mf_w.l(depilogue.o)
    0x08000688   0x08000688   0x00000004   Code   RO         3822    i.BusFault_Handler  stm32f10x_it.o
    0x0800068c   0x0800068c   0x0000001c   Code   RO          909    i.DMA_ClearFlag     stm32f10x_dma.o
    0x080006a8   0x080006a8   0x00000018   Code   RO         3624    i.DMA_ClearFlags    spi.o
    0x080006c0   0x080006c0   0x00000018   Code   RO          911    i.DMA_Cmd           stm32f10x_dma.o
    0x080006d8   0x080006d8   0x0000002c   Code   RO          914    i.DMA_GetFlagStatus  stm32f10x_dma.o
    0x08000704   0x08000704   0x0000003c   Code   RO          917    i.DMA_Init          stm32f10x_dma.o
    0x08000740   0x08000740   0x0000004c   Code   RO         3625    i.DMA_WaitComplete  spi.o
    0x0800078c   0x0800078c   0x00000002   Code   RO         3823    i.DebugMon_Handler  stm32f10x_it.o
    0x0800078e   0x0800078e   0x00000018   Code   RO         3196    i.Delay_ms          delay.o
    0x080007a6   0x080007a6   0x0000002e   Code   RO         3198    i.Delay_us          delay.o
    0x080007d4   0x080007d4   0x00000116   Code   RO         1347    i.GPIO_Init         stm32f10x_gpio.o
    0x080008ea   0x080008ea   0x00000012   Code   RO         1351    i.GPIO_ReadInputDataBit  stm32f10x_gpio.o
    0x080008fc   0x080008fc   0x0000000a   Code   RO         1358    i.GPIO_WriteBit     stm32f10x_gpio.o
    0x08000906   0x08000906   0x00000004   Code   RO         3824    i.HardFault_Handler  stm32f10x_it.o
    0x0800090a   0x0800090a   0x00000002   PAD
    0x0800090c   0x0800090c   0x00000060   Code   RO         3268    i.Key_GetNum        key.o
    0x0800096c   0x0800096c   0x0000002c   Code   RO         3269    i.Key_Init          key.o
    0x08000998   0x08000998   0x00000004   Code   RO         3825    i.MemManage_Handler  stm32f10x_it.o
    0x0800099c   0x0800099c   0x00000048   Code   RO         3627    i.MySPI_DMA_Send    spi.o
    0x080009e4   0x080009e4   0x0000007c   Code   RO         3629    i.MySPI_Init        spi.o
    0x08000a60   0x08000a60   0x0000001e   Code   RO         3630    i.MySPI_ReceiveMultiBytes  spi.o
    0x08000a7e   0x08000a7e   0x0000001c   Code   RO         3631    i.MySPI_SendMultiBytes  spi.o
    0x08000a9a   0x08000a9a   0x00000002   PAD
    0x08000a9c   0x08000a9c   0x00000058   Code   RO         3634    i.MySPI_SwapByte    spi.o
    0x08000af4   0x08000af4   0x00000014   Code   RO         3636    i.MySPI_W_SS        spi.o
    0x08000b08   0x08000b08   0x00000002   Code   RO         3826    i.NMI_Handler       stm32f10x_it.o
    0x08000b0a   0x08000b0a   0x00000016   Code   RO         3397    i.NRF24L01_FlushRx  nrf24l01.o
    0x08000b20   0x08000b20   0x00000016   Code   RO         3398    i.NRF24L01_FlushTx  nrf24l01.o
    0x08000b36   0x08000b36   0x00000002   PAD
    0x08000b38   0x08000b38   0x00000034   Code   RO         3399    i.NRF24L01_GPIO_Init  nrf24l01.o
    0x08000b6c   0x08000b6c   0x0000006c   Code   RO         3400    i.NRF24L01_Init     nrf24l01.o
    0x08000bd8   0x08000bd8   0x00000022   Code   RO         3402    i.NRF24L01_ReadReg  nrf24l01.o
    0x08000bfa   0x08000bfa   0x00000024   Code   RO         3404    i.NRF24L01_ReadRxPayload  nrf24l01.o
    0x08000c1e   0x08000c1e   0x0000001a   Code   RO         3405    i.NRF24L01_ReadStatus  nrf24l01.o
    0x08000c38   0x08000c38   0x00000058   Code   RO         3406    i.NRF24L01_Receive  nrf24l01.o
    0x08000c90   0x08000c90   0x0000002c   Code   RO         3407    i.NRF24L01_Rx       nrf24l01.o
    0x08000cbc   0x08000cbc   0x0000000c   Code   RO         3408    i.NRF24L01_SPI_SwapByte  nrf24l01.o
    0x08000cc8   0x08000cc8   0x00000094   Code   RO         3409    i.NRF24L01_Send     nrf24l01.o
    0x08000d5c   0x08000d5c   0x00000030   Code   RO         3411    i.NRF24L01_Tx       nrf24l01.o
    0x08000d8c   0x08000d8c   0x00000014   Code   RO         3413    i.NRF24L01_W_CE     nrf24l01.o
    0x08000da0   0x08000da0   0x0000000c   Code   RO         3414    i.NRF24L01_W_CSN    nrf24l01.o
    0x08000dac   0x08000dac   0x00000022   Code   RO         3415    i.NRF24L01_WriteReg  nrf24l01.o
    0x08000dce   0x08000dce   0x00000002   PAD
    0x08000dd0   0x08000dd0   0x00000034   Code   RO         3416    i.NRF24L01_WriteRegs  nrf24l01.o
    0x08000e04   0x08000e04   0x0000002e   Code   RO         3417    i.NRF24L01_WriteTxPayload  nrf24l01.o
    0x08000e32   0x08000e32   0x00000002   PAD
    0x08000e34   0x08000e34   0x00000070   Code   RO          137    i.NVIC_Init         misc.o
    0x08000ea4   0x08000ea4   0x00000014   Code   RO          138    i.NVIC_PriorityGroupConfig  misc.o
    0x08000eb8   0x08000eb8   0x0000002a   Code   RO         3289    i.OLED_Clear        oled.o
    0x08000ee2   0x08000ee2   0x00000002   PAD
    0x08000ee4   0x08000ee4   0x00000050   Code   RO         3290    i.OLED_I2C_Init     oled.o
    0x08000f34   0x08000f34   0x00000054   Code   RO         3291    i.OLED_I2C_SendByte  oled.o
    0x08000f88   0x08000f88   0x00000034   Code   RO         3292    i.OLED_I2C_Start    oled.o
    0x08000fbc   0x08000fbc   0x00000028   Code   RO         3293    i.OLED_I2C_Stop     oled.o
    0x08000fe4   0x08000fe4   0x000000ae   Code   RO         3294    i.OLED_Init         oled.o
    0x08001092   0x08001092   0x00000014   Code   RO         3295    i.OLED_Pow          oled.o
    0x080010a6   0x080010a6   0x00000022   Code   RO         3296    i.OLED_SetCursor    oled.o
    0x080010c8   0x080010c8   0x00000074   Code   RO         3298    i.OLED_ShowChar     oled.o
    0x0800113c   0x0800113c   0x00000054   Code   RO         3299    i.OLED_ShowHexNum   oled.o
    0x08001190   0x08001190   0x00000044   Code   RO         3300    i.OLED_ShowNum      oled.o
    0x080011d4   0x080011d4   0x00000028   Code   RO         3302    i.OLED_ShowString   oled.o
    0x080011fc   0x080011fc   0x00000020   Code   RO         3303    i.OLED_WriteCommand  oled.o
    0x0800121c   0x0800121c   0x00000020   Code   RO         3304    i.OLED_WriteData    oled.o
    0x0800123c   0x0800123c   0x00000002   Code   RO         3827    i.PendSV_Handler    stm32f10x_it.o
    0x0800123e   0x0800123e   0x00000002   PAD
    0x08001240   0x08001240   0x00000020   Code   RO         1774    i.RCC_AHBPeriphClockCmd  stm32f10x_rcc.o
    0x08001260   0x08001260   0x00000020   Code   RO         1777    i.RCC_APB2PeriphClockCmd  stm32f10x_rcc.o
    0x08001280   0x08001280   0x000000d4   Code   RO         1785    i.RCC_GetClocksFreq  stm32f10x_rcc.o
    0x08001354   0x08001354   0x00000018   Code   RO         2263    i.SPI_Cmd           stm32f10x_spi.o
    0x0800136c   0x0800136c   0x00000064   Code   RO         3637    i.SPI_DMA_Init      spi.o
    0x080013d0   0x080013d0   0x00000012   Code   RO         2269    i.SPI_I2S_DMACmd    stm32f10x_spi.o
    0x080013e2   0x080013e2   0x00000012   Code   RO         2271    i.SPI_I2S_GetFlagStatus  stm32f10x_spi.o
    0x080013f4   0x080013f4   0x00000006   Code   RO         2274    i.SPI_I2S_ReceiveData  stm32f10x_spi.o
    0x080013fa   0x080013fa   0x00000004   Code   RO         2275    i.SPI_I2S_SendData  stm32f10x_spi.o
    0x080013fe   0x080013fe   0x0000003c   Code   RO         2276    i.SPI_Init          stm32f10x_spi.o
    0x0800143a   0x0800143a   0x00000002   Code   RO         3828    i.SVC_Handler       stm32f10x_it.o
    0x0800143c   0x0800143c   0x000000b8   Code   RO         3714    i.Serial_Init       serial.o
    0x080014f4   0x080014f4   0x00000024   Code   RO         3716    i.Serial_Printf     serial.o
    0x08001518   0x08001518   0x00000020   Code   RO         3718    i.Serial_SendByte   serial.o
    0x08001538   0x08001538   0x0000001a   Code   RO         3720    i.Serial_SendString  serial.o
    0x08001552   0x08001552   0x00000008   Code   RO           24    i.SetSysClock       system_stm32f10x.o
    0x0800155a   0x0800155a   0x00000002   PAD
    0x0800155c   0x0800155c   0x000000e0   Code   RO           25    i.SetSysClockTo72   system_stm32f10x.o
    0x0800163c   0x0800163c   0x00000002   Code   RO         3829    i.SysTick_Handler   stm32f10x_it.o
    0x0800163e   0x0800163e   0x00000002   PAD
    0x08001640   0x08001640   0x00000060   Code   RO           27    i.SystemInit        system_stm32f10x.o
    0x080016a0   0x080016a0   0x00000038   Code   RO         3721    i.USART1_IRQHandler  serial.o
    0x080016d8   0x080016d8   0x0000001e   Code   RO         2957    i.USART_ClearITPendingBit  stm32f10x_usart.o
    0x080016f6   0x080016f6   0x00000018   Code   RO         2960    i.USART_Cmd         stm32f10x_usart.o
    0x0800170e   0x0800170e   0x0000001a   Code   RO         2963    i.USART_GetFlagStatus  stm32f10x_usart.o
    0x08001728   0x08001728   0x00000054   Code   RO         2964    i.USART_GetITStatus  stm32f10x_usart.o
    0x0800177c   0x0800177c   0x0000004a   Code   RO         2966    i.USART_ITConfig    stm32f10x_usart.o
    0x080017c6   0x080017c6   0x00000002   PAD
    0x080017c8   0x080017c8   0x000000d8   Code   RO         2967    i.USART_Init        stm32f10x_usart.o
    0x080018a0   0x080018a0   0x0000000a   Code   RO         2974    i.USART_ReceiveData  stm32f10x_usart.o
    0x080018aa   0x080018aa   0x00000008   Code   RO         2977    i.USART_SendData    stm32f10x_usart.o
    0x080018b2   0x080018b2   0x00000004   Code   RO         3830    i.UsageFault_Handler  stm32f10x_it.o
    0x080018b6   0x080018b6   0x00000002   PAD
    0x080018b8   0x080018b8   0x00000024   Code   RO         3899    i.__0vsprintf       mc_w.l(printfa.o)
    0x080018dc   0x080018dc   0x0000000e   Code   RO         3966    i.__scatterload_copy  mc_w.l(handlers.o)
    0x080018ea   0x080018ea   0x00000002   Code   RO         3967    i.__scatterload_null  mc_w.l(handlers.o)
    0x080018ec   0x080018ec   0x0000000e   Code   RO         3968    i.__scatterload_zeroinit  mc_w.l(handlers.o)
    0x080018fa   0x080018fa   0x00000002   PAD
    0x080018fc   0x080018fc   0x00000184   Code   RO         3900    i._fp_digits        mc_w.l(printfa.o)
    0x08001a80   0x08001a80   0x000006dc   Code   RO         3901    i._printf_core      mc_w.l(printfa.o)
    0x0800215c   0x0800215c   0x00000024   Code   RO         3902    i._printf_post_padding  mc_w.l(printfa.o)
    0x08002180   0x08002180   0x0000002e   Code   RO         3903    i._printf_pre_padding  mc_w.l(printfa.o)
    0x080021ae   0x080021ae   0x0000000a   Code   RO         3905    i._sputc            mc_w.l(printfa.o)
    0x080021b8   0x080021b8   0x000003e4   Code   RO         3788    i.main              main.o
    0x0800259c   0x0800259c   0x000005f0   Data   RO         3305    .constdata          oled.o
    0x08002b8c   0x08002b8c   0x00000044   Data   RO         3638    .constdata          spi.o
    0x08002bd0   0x08002bd0   0x00000020   Data   RO         3964    Region$$Table       anon$$obj.o


    Execution Region RW_IRAM1 (Exec base: 0x20000000, Load base: 0x08002bf0, Size: 0x00000448, Max: 0x00005000, ABSOLUTE)

    Exec Addr    Load Addr    Size         Type   Attr      Idx    E Section Name        Object

    0x20000000   0x08002bf0   0x00000014   Data   RW         1805    .data               stm32f10x_rcc.o
    0x20000014   0x08002c04   0x0000002b   Data   RW         3418    .data               nrf24l01.o
    0x2000003f   0x08002c2f   0x00000002   Data   RW         3722    .data               serial.o
    0x20000041   0x08002c31   0x00000007   Data   RW         3789    .data               main.o
    0x20000048        -       0x00000400   Zero   RW            1    STACK               startup_stm32f10x_md.o


==============================================================================

Image component sizes


      Code (inc. data)   RO Data    RW Data    ZI Data      Debug   Object Name

         0          0          0          0          0       4516   core_cm3.o
        70          0          0          0          0       1066   delay.o
       140          8          0          0          0       1116   key.o
       996        354          0          7          0       1373   main.o
       132         22          0          0          0     205111   misc.o
       804         36          0         43          0      37489   nrf24l01.o
       898         22       1520          0          0       9391   oled.o
       334         26          0          2          0       3970   serial.o
       562         60         68          0          0       5953   spi.o
        36          8        236          0       1024        868   startup_stm32f10x_md.o
         0          0          0          0          0       1728   stm32f10x_adc.o
       156         18          0          0          0      13929   stm32f10x_dma.o
       306          0          0          0          0      11692   stm32f10x_gpio.o
        26          0          0          0          0       4378   stm32f10x_it.o
       276         32          0         20          0      13397   stm32f10x_rcc.o
       130          0          0          0          0      11611   stm32f10x_spi.o
       472          6          0          0          0      13187   stm32f10x_usart.o
       328         28          0          0          0      25389   system_stm32f10x.o

    ----------------------------------------------------------------------
      5688        620       1856         72       1024     366164   Object Totals
         0          0         32          0          0          0   (incl. Generated)
        22          0          0          0          0          0   (incl. Padding)

    ----------------------------------------------------------------------

      Code (inc. data)   RO Data    RW Data    ZI Data      Debug   Library Member Name

         0          0          0          0          0          0   entry.o
         0          0          0          0          0          0   entry10a.o
         0          0          0          0          0          0   entry11a.o
         8          4          0          0          0          0   entry2.o
         4          0          0          0          0          0   entry5.o
         0          0          0          0          0          0   entry7b.o
         0          0          0          0          0          0   entry8b.o
         8          4          0          0          0          0   entry9a.o
        30          0          0          0          0          0   handlers.o
        36          8          0          0          0         68   init.o
         0          0          0          0          0          0   iusefp.o
        30          0          0          0          0         68   llshl.o
        36          0          0          0          0         68   llsshr.o
        32          0          0          0          0         68   llushr.o
        36          0          0          0          0         68   memcpya.o
      2272         86          0          0          0        516   printfa.o
        44          0          0          0          0         80   uidiv.o
        98          0          0          0          0         92   uldiv.o
        48          0          0          0          0         68   cdrcmple.o
       334          0          0          0          0        148   dadd.o
       222          0          0          0          0        100   ddiv.o
       186          0          0          0          0        176   depilogue.o
        48          0          0          0          0         68   dfixul.o
       228          0          0          0          0         96   dmul.o

    ----------------------------------------------------------------------
      3704        102          0          0          0       1684   Library Totals
         4          0          0          0          0          0   (incl. Padding)

    ----------------------------------------------------------------------

      Code (inc. data)   RO Data    RW Data    ZI Data      Debug   Library Name

      2634        102          0          0          0       1028   mc_w.l
      1066          0          0          0          0        656   mf_w.l

    ----------------------------------------------------------------------
      3704        102          0          0          0       1684   Library Totals

    ----------------------------------------------------------------------

==============================================================================


      Code (inc. data)   RO Data    RW Data    ZI Data      Debug   

      9392        722       1856         72       1024     362696   Grand Totals
      9392        722       1856         72       1024     362696   ELF Image Totals
      9392        722       1856         72          0          0   ROM Totals

==============================================================================

    Total RO  Size (Code + RO Data)                11248 (  10.98kB)
    Total RW  Size (RW Data + ZI Data)              1096 (   1.07kB)
    Total ROM Size (Code + RO Data + RW Data)      11320 (  11.05kB)

==============================================================================

